Archive member included because of file (symbol)

../src/ASF/thirdparty/wireless/ble_smart_sdk/lib/cm0/gcc\libblusdk.a(event.o)
                              src/ASF/thirdparty/wireless/ble_smart_sdk/ble_services/ble_mgr/ble_manager.o (at_ble_event_get)
../src/ASF/thirdparty/wireless/ble_smart_sdk/lib/cm0/gcc\libblusdk.a(gap.o)
                              src/ASF/thirdparty/wireless/ble_smart_sdk/ble_services/ble_mgr/ble_manager.o (at_ble_device_name_set)
../src/ASF/thirdparty/wireless/ble_smart_sdk/lib/cm0/gcc\libblusdk.a(gatt_client.o)
                              ../src/ASF/thirdparty/wireless/ble_smart_sdk/lib/cm0/gcc\libblusdk.a(gap.o) (init_gatt_client_module)
../src/ASF/thirdparty/wireless/ble_smart_sdk/lib/cm0/gcc\libblusdk.a(gatt_server.o)
                              ../src/ASF/thirdparty/wireless/ble_smart_sdk/lib/cm0/gcc\libblusdk.a(gap.o) (initi_gatt_server_module)
../src/ASF/thirdparty/wireless/ble_smart_sdk/lib/cm0/gcc\libblusdk.a(l2cc_task.o)
                              ../src/ASF/thirdparty/wireless/ble_smart_sdk/lib/cm0/gcc\libblusdk.a(gap.o) (init_l2cc_task_module)
../src/ASF/thirdparty/wireless/ble_smart_sdk/lib/cm0/gcc\libblusdk.a(security.o)
                              src/ASF/thirdparty/wireless/ble_smart_sdk/ble_services/ble_mgr/ble_manager.o (at_ble_authenticate)
../src/ASF/thirdparty/wireless/ble_smart_sdk/lib/cm0/gcc\libblusdk.a(interface.o)
                              ../src/ASF/thirdparty/wireless/ble_smart_sdk/lib/cm0/gcc\libblusdk.a(gap.o) (rx_callback)
../src/ASF/thirdparty/wireless/ble_smart_sdk/lib/cm0/gcc\libblusdk.a(calib_task.o)
                              ../src/ASF/thirdparty/wireless/ble_smart_sdk/lib/cm0/gcc\libblusdk.a(gap.o) (calib_config)
../src/ASF/thirdparty/wireless/ble_smart_sdk/lib/cm0/gcc\libblusdk.a(dbg_task.o)
                              ../src/ASF/thirdparty/wireless/ble_smart_sdk/lib/cm0/gcc\libblusdk.a(gap.o) (dbg_le_set_bd_addr_req_handler)
../src/ASF/thirdparty/wireless/ble_smart_sdk/lib/cm0/gcc\libblusdk.a(gapc_task.o)
                              ../src/ASF/thirdparty/wireless/ble_smart_sdk/lib/cm0/gcc\libblusdk.a(security.o) (check_ConnData_idx_role)
../src/ASF/thirdparty/wireless/ble_smart_sdk/lib/cm0/gcc\libblusdk.a(gapm_task.o)
                              ../src/ASF/thirdparty/wireless/ble_smart_sdk/lib/cm0/gcc\libblusdk.a(gap.o) (gapm_reset_req_handler)
../src/ASF/thirdparty/wireless/ble_smart_sdk/lib/cm0/gcc\libblusdk.a(gattc_task.o)
                              ../src/ASF/thirdparty/wireless/ble_smart_sdk/lib/cm0/gcc\libblusdk.a(gatt_server.o) (gattc_read_req_ind_parser)
../src/ASF/thirdparty/wireless/ble_smart_sdk/lib/cm0/gcc\libblusdk.a(gattm_task.o)
                              ../src/ASF/thirdparty/wireless/ble_smart_sdk/lib/cm0/gcc\libblusdk.a(gatt_server.o) (gattm_add_svc_req_handler)
../src/ASF/thirdparty/wireless/ble_smart_sdk/lib/cm0/gcc\libblusdk.a(htpt_task.o)
                              ../src/ASF/thirdparty/wireless/ble_smart_sdk/lib/cm0/gcc\libblusdk.a(event.o) (htpt_enable_rsp_handler)
c:/program files (x86)/atmel/studio/7.0/toolchain/arm/arm-gnu-toolchain/bin/../lib/gcc/arm-none-eabi/4.9.3/armv6-m\libgcc.a(_thumb1_case_sqi.o)
                              ../src/ASF/thirdparty/wireless/ble_smart_sdk/lib/cm0/gcc\libblusdk.a(gap.o) (__gnu_thumb1_case_sqi)
c:/program files (x86)/atmel/studio/7.0/toolchain/arm/arm-gnu-toolchain/bin/../lib/gcc/arm-none-eabi/4.9.3/armv6-m\libgcc.a(_thumb1_case_uqi.o)
                              ../src/ASF/thirdparty/wireless/ble_smart_sdk/lib/cm0/gcc\libblusdk.a(gap.o) (__gnu_thumb1_case_uqi)
c:/program files (x86)/atmel/studio/7.0/toolchain/arm/arm-gnu-toolchain/bin/../lib/gcc/arm-none-eabi/4.9.3/armv6-m\libgcc.a(_udivsi3.o)
                              src/ASF/sam0/drivers/uart/uart.o (__aeabi_uidiv)
c:/program files (x86)/atmel/studio/7.0/toolchain/arm/arm-gnu-toolchain/bin/../lib/gcc/arm-none-eabi/4.9.3/armv6-m\libgcc.a(_dvmd_tls.o)
                              c:/program files (x86)/atmel/studio/7.0/toolchain/arm/arm-gnu-toolchain/bin/../lib/gcc/arm-none-eabi/4.9.3/armv6-m\libgcc.a(_udivsi3.o) (__aeabi_idiv0)
c:/program files (x86)/atmel/studio/7.0/toolchain/arm/arm-gnu-toolchain/bin/../lib/gcc/arm-none-eabi/4.9.3/armv6-m\libgcc.a(_fixunsdfsi.o)
                              src/ASF/thirdparty/wireless/ble_smart_sdk/services/console_serial.o (__aeabi_d2uiz)
c:/program files (x86)/atmel/studio/7.0/toolchain/arm/arm-gnu-toolchain/bin/../lib/gcc/arm-none-eabi/4.9.3/armv6-m\libgcc.a(mulsf3.o)
                              ../src/ASF/thirdparty/wireless/ble_smart_sdk/lib/cm0/gcc\libblusdk.a(calib_task.o) (__aeabi_fmul)
c:/program files (x86)/atmel/studio/7.0/toolchain/arm/arm-gnu-toolchain/bin/../lib/gcc/arm-none-eabi/4.9.3/armv6-m\libgcc.a(floatunsisf.o)
                              ../src/ASF/thirdparty/wireless/ble_smart_sdk/lib/cm0/gcc\libblusdk.a(calib_task.o) (__aeabi_ui2f)
[...]
Memory Configuration

Name             Origin             Length             Attributes
ram              0x10008000         0x00017800         xrw
lram             0x1001f800         0x00000800         xrw
*default*        0x00000000         0xffffffff

Linker script and memory map

LOAD c:/program files (x86)/atmel/studio/7.0/toolchain/arm/arm-gnu-toolchain/bin/../lib/gcc/arm-none-eabi/4.9.3/armv6-m/crti.o
LOAD c:/program files (x86)/atmel/studio/7.0/toolchain/arm/arm-gnu-toolchain/bin/../lib/gcc/arm-none-eabi/4.9.3/armv6-m/crtbegin.o
LOAD c:/program files (x86)/atmel/studio/7.0/toolchain/arm/arm-gnu-toolchain/bin/../lib/gcc/arm-none-eabi/4.9.3/../../../../arm-none-eabi/lib/armv6-m/crt0.o
LOAD src/ASF/common2/components/memory/eeprom/at30tse75x/at30tse75x.o
LOAD src/ASF/common/utils/interrupt/interrupt_sam_nvic.o
LOAD src/ASF/sam0/boards/samb11_xplained_pro/board_init.o
LOAD src/ASF/sam0/drivers/dualtimer/dualtimer.o
LOAD src/ASF/sam0/drivers/gpio/gpio.o
LOAD src/ASF/sam0/drivers/i2c/i2c_master.o
LOAD src/ASF/sam0/drivers/i2c/i2c_master_interrupt.o
LOAD src/ASF/sam0/drivers/system/system_sam_b.o
LOAD src/ASF/sam0/drivers/timer/timer.o
LOAD src/ASF/sam0/drivers/uart/uart.o
LOAD src/ASF/sam0/utils/cmsis/samb11/source/gcc/startup_samb11.o
LOAD src/ASF/sam0/utils/cmsis/samb11/source/system_samb11.o
LOAD src/ASF/sam0/utils/stdio/read.o
LOAD src/ASF/sam0/utils/stdio/write.o
LOAD src/ASF/sam0/utils/syscalls/gcc/syscalls.o
LOAD src/ASF/thirdparty/wireless/ble_smart_sdk/ble_services/ble_mgr/ble_manager.o
LOAD src/ASF/thirdparty/wireless/ble_smart_sdk/services/button.o
LOAD src/ASF/thirdparty/wireless/ble_smart_sdk/services/console_serial.o
LOAD src/ASF/thirdparty/wireless/ble_smart_sdk/services/led.o
LOAD src/ASF/thirdparty/wireless/ble_smart_sdk/services/timer_hw.o
LOAD src/ASF/thirdparty/wireless/ble_smart_sdk/src/event_handler.o
LOAD src/ASF/thirdparty/wireless/ble_smart_sdk/src/platform_drv.o
LOAD src/ASF/thirdparty/wireless/ble_smart_sdk/src/port_from_sdk.o
LOAD src/perception.o
START GROUP
LOAD ../src/ASF/thirdparty/CMSIS/Lib/GCC\libarm_cortexM0l_math.a
LOAD ../src/ASF/thirdparty/wireless/ble_smart_sdk/lib/cm0/gcc\libblusdk.a
LOAD c:/program files (x86)/atmel/studio/7.0/toolchain/arm/arm-gnu-toolchain/bin/../lib/gcc/arm-none-eabi/4.9.3/../../../../arm-none-eabi/lib/armv6-m\libm.a
END GROUP
START GROUP
LOAD c:/program files (x86)/atmel/studio/7.0/toolchain/arm/arm-gnu-toolchain/bin/../lib/gcc/arm-none-eabi/4.9.3/armv6-m\libgcc.a
LOAD c:/program files (x86)/atmel/studio/7.0/toolchain/arm/arm-gnu-toolchain/bin/../lib/gcc/arm-none-eabi/4.9.3/../../../../arm-none-eabi/lib/armv6-m\libc_nano.a
END GROUP
START GROUP
LOAD c:/program files (x86)/atmel/studio/7.0/toolchain/arm/arm-gnu-toolchain/bin/../lib/gcc/arm-none-eabi/4.9.3/armv6-m\libgcc.a
LOAD c:/program files (x86)/atmel/studio/7.0/toolchain/arm/arm-gnu-toolchain/bin/../lib/gcc/arm-none-eabi/4.9.3/../../../../arm-none-eabi/lib/armv6-m\libc_nano.a
END GROUP
LOAD c:/program files (x86)/atmel/studio/7.0/toolchain/arm/arm-gnu-toolchain/bin/../lib/gcc/arm-none-eabi/4.9.3/armv6-m/crtend.o
LOAD c:/program files (x86)/atmel/studio/7.0/toolchain/arm/arm-gnu-toolchain/bin/../lib/gcc/arm-none-eabi/4.9.3/armv6-m/crtn.o
                0x00000800                STACK_SIZE = DEFINED (STACK_SIZE)?STACK_SIZE:DEFINED (__stack_size__)?__stack_size__:0x800

.text           0x10008000     0x987c
                0x10008000                . = ALIGN (0x4)
                0x10008000                _sfixed = .
 *(.test.main .text.app_entry)
 .text.app_entry
                0x10008000       0x88 src/ASF/sam0/utils/cmsis/samb11/source/gcc/startup_samb11.o
                0x10008000                app_entry
 *(.text .text.* .gnu.linkonce.t.*)
 .text          0x10008088       0x60 c:/program files (x86)/atmel/studio/7.0/toolchain/arm/arm-gnu-toolchain/bin/../lib/gcc/arm-none-eabi/4.9.3/armv6-m/crtbegin.o
 .text.dualtimer_isr_handler
                0x100080e8       0x44 src/ASF/sam0/drivers/dualtimer/dualtimer.o
 .text.dualtimer_get_config_defaults
                0x1000812c       0x24 src/ASF/sam0/drivers/dualtimer/dualtimer.o
                0x1000812c                dualtimer_get_config_defaults
 .text.dualtimer_set_counter
                0x10008150       0x28 src/ASF/sam0/drivers/dualtimer/dualtimer.o
                0x10008150                dualtimer_set_counter
 .text.dualtimer_enable
                0x10008178       0x24 src/ASF/sam0/drivers/dualtimer/dualtimer.o
                0x10008178                dualtimer_enable
 .text.dualtimer_disable
                0x1000819c       0x24 src/ASF/sam0/drivers/dualtimer/dualtimer.o
                0x1000819c                dualtimer_disable
 .text.dualtimer_init
                0x100081c0      0x104 src/ASF/sam0/drivers/dualtimer/dualtimer.o
                0x100081c0                dualtimer_init
 .text.dualtimer_register_callback
                0x100082c4       0x18 src/ASF/sam0/drivers/dualtimer/dualtimer.o
                0x100082c4                dualtimer_register_callback
 .text.gpio_pinmux_cofiguration
                0x100082dc      0x158 src/ASF/sam0/drivers/gpio/gpio.o
                0x100082dc                gpio_pinmux_cofiguration
 .text.system_clock_config
                0x10008434       0x84 src/ASF/sam0/drivers/system/system_sam_b.o
                0x10008434                system_clock_config
 .text.system_clock_get_value
                0x100084b8        0xc src/ASF/sam0/drivers/system/system_sam_b.o
                0x100084b8                system_clock_get_value
 .text.system_clock_peripheral_enable
                0x100084c4      0x35c src/ASF/sam0/drivers/system/system_sam_b.o
                0x100084c4                system_clock_peripheral_enable
 .text.system_peripheral_reset
                0x10008820      0x468 src/ASF/sam0/drivers/system/system_sam_b.o
                0x10008820                system_peripheral_reset
 .text.system_register_isr
                0x10008c88       0x10 src/ASF/sam0/drivers/system/system_sam_b.o
                0x10008c88                system_register_isr
 .text.uart_rx0_isr_handler
                0x10008c98       0x88 src/ASF/sam0/drivers/uart/uart.o
 .text.uart_tx0_isr_handler
                0x10008d20       0x8c src/ASF/sam0/drivers/uart/uart.o
 .text.uart_rx1_isr_handler
                0x10008dac       0x88 src/ASF/sam0/drivers/uart/uart.o
 .text.uart_tx1_isr_handler
                0x10008e34       0x8c src/ASF/sam0/drivers/uart/uart.o
 .text.uart_get_config_defaults
                0x10008ec0       0x2c src/ASF/sam0/drivers/uart/uart.o
                0x10008ec0                uart_get_config_defaults
 .text.uart_init
                0x10008eec      0x19c src/ASF/sam0/drivers/uart/uart.o
                0x10008eec                uart_init
 .text.uart_write_wait
                0x10009088       0x10 src/ASF/sam0/drivers/uart/uart.o
                0x10009088                uart_write_wait
 .text.uart_read_wait
                0x10009098       0x14 src/ASF/sam0/drivers/uart/uart.o
                0x10009098                uart_read_wait
 .text.uart_read_buffer_job
                0x100090ac       0x28 src/ASF/sam0/drivers/uart/uart.o
                0x100090ac                uart_read_buffer_job
 .text.uart_register_callback
                0x100090d4       0x18 src/ASF/sam0/drivers/uart/uart.o
                0x100090d4                uart_register_callback
 .text.uart_unregister_callback
                0x100090ec       0x18 src/ASF/sam0/drivers/uart/uart.o
                0x100090ec                uart_unregister_callback
 .text.uart_enable_callback
                0x10009104       0x20 src/ASF/sam0/drivers/uart/uart.o
                0x10009104                uart_enable_callback
 .text.uart_disable_callback
                0x10009124       0x20 src/ASF/sam0/drivers/uart/uart.o
                0x10009124                uart_disable_callback
 .text._read    0x10009144       0x44 src/ASF/sam0/utils/stdio/read.o
                0x10009144                _read
 .text._write   0x10009188       0x50 src/ASF/sam0/utils/stdio/write.o
                0x10009188                _write
 .text._sbrk    0x100091d8       0x24 src/ASF/sam0/utils/syscalls/gcc/syscalls.o
                0x100091d8                _sbrk
 .text._close   0x100091fc        0x8 src/ASF/sam0/utils/syscalls/gcc/syscalls.o
                0x100091fc                _close
 .text._fstat   0x10009204        0xc src/ASF/sam0/utils/syscalls/gcc/syscalls.o
                0x10009204                _fstat
 .text._isatty  0x10009210        0x4 src/ASF/sam0/utils/syscalls/gcc/syscalls.o
                0x10009210                _isatty
 .text._lseek   0x10009214        0x4 src/ASF/sam0/utils/syscalls/gcc/syscalls.o
                0x10009214                _lseek
 .text.ble_undefined_event_handler
                0x10009218        0x4 src/ASF/thirdparty/wireless/ble_smart_sdk/ble_services/ble_mgr/ble_manager.o
                0x10009218                ble_undefined_event_handler
 .text.ble_mtu_changed_indication_handler
                0x1000921c        0x4 src/ASF/thirdparty/wireless/ble_smart_sdk/ble_services/ble_mgr/ble_manager.o
                0x1000921c                ble_mtu_changed_indication_handler
 .text.ble_characteristic_write_cmd_complete_handler
                0x10009220        0xc src/ASF/thirdparty/wireless/ble_smart_sdk/ble_services/ble_mgr/ble_manager.o
                0x10009220                ble_characteristic_write_cmd_complete_handler
 .text.ble_conn_param_update
                0x1000922c        0x4 src/ASF/thirdparty/wireless/ble_smart_sdk/ble_services/ble_mgr/ble_manager.o
                0x1000922c                ble_conn_param_update
 .text.ble_scan_report_handler
                0x10009230       0x28 src/ASF/thirdparty/wireless/ble_smart_sdk/ble_services/ble_mgr/ble_manager.o
                0x10009230                ble_scan_report_handler
 .text.ble_mtu_changed_cmd_complete_handler
                0x10009258       0x30 src/ASF/thirdparty/wireless/ble_smart_sdk/ble_services/ble_mgr/ble_manager.o
                0x10009258                ble_mtu_changed_cmd_complete_handler
 .text.ble_disconnected_state_handler
                0x10009288       0x88 src/ASF/thirdparty/wireless/ble_smart_sdk/ble_services/ble_mgr/ble_manager.o
                0x10009288                ble_disconnected_state_handler
 .text.ble_encryption_status_change_handler
                0x10009310       0xbc src/ASF/thirdparty/wireless/ble_smart_sdk/ble_services/ble_mgr/ble_manager.o
                0x10009310                ble_encryption_status_change_handler
 .text.ble_scan_info_handler
                0x100093cc       0x80 src/ASF/thirdparty/wireless/ble_smart_sdk/ble_services/ble_mgr/ble_manager.o
                0x100093cc                ble_scan_info_handler
 .text.ble_pair_done_handler
                0x1000944c      0x118 src/ASF/thirdparty/wireless/ble_smart_sdk/ble_services/ble_mgr/ble_manager.o
                0x1000944c                ble_pair_done_handler
 .text.ble_conn_param_update_req
                0x10009564       0x18 src/ASF/thirdparty/wireless/ble_smart_sdk/ble_services/ble_mgr/ble_manager.o
                0x10009564                ble_conn_param_update_req
 .text.ble_slave_security_request_handler
                0x1000957c      0x1ec src/ASF/thirdparty/wireless/ble_smart_sdk/ble_services/ble_mgr/ble_manager.o
                0x1000957c                ble_slave_security_request_handler
 .text.ble_pair_request_handler
                0x10009768      0x154 src/ASF/thirdparty/wireless/ble_smart_sdk/ble_services/ble_mgr/ble_manager.o
                0x10009768                ble_pair_request_handler
 .text.ble_pair_key_request_handler
                0x100098bc      0x160 src/ASF/thirdparty/wireless/ble_smart_sdk/ble_services/ble_mgr/ble_manager.o
                0x100098bc                ble_pair_key_request_handler
 .text.ble_encryption_request_handler
                0x10009a1c       0xf0 src/ASF/thirdparty/wireless/ble_smart_sdk/ble_services/ble_mgr/ble_manager.o
                0x10009a1c                ble_encryption_request_handler
 .text.ble_mgr_events_callback_handler
                0x10009b0c       0xd0 src/ASF/thirdparty/wireless/ble_smart_sdk/ble_services/ble_mgr/ble_manager.o
                0x10009b0c                ble_mgr_events_callback_handler
 .text.ble_device_init
                0x10009bdc      0x294 src/ASF/thirdparty/wireless/ble_smart_sdk/ble_services/ble_mgr/ble_manager.o
                0x10009bdc                ble_device_init
 .text.gap_dev_connect
                0x10009e70       0x48 src/ASF/thirdparty/wireless/ble_smart_sdk/ble_services/ble_mgr/ble_manager.o
                0x10009e70                gap_dev_connect
 .text.gap_dev_scan
                0x10009eb8       0x44 src/ASF/thirdparty/wireless/ble_smart_sdk/ble_services/ble_mgr/ble_manager.o
                0x10009eb8                gap_dev_scan
 .text.scan_info_parse
                0x10009efc       0xf8 src/ASF/thirdparty/wireless/ble_smart_sdk/ble_services/ble_mgr/ble_manager.o
                0x10009efc                scan_info_parse
 .text.ble_send_slave_sec_request
                0x10009ff4       0x34 src/ASF/thirdparty/wireless/ble_smart_sdk/ble_services/ble_mgr/ble_manager.o
                0x10009ff4                ble_send_slave_sec_request
 .text.ble_connected_state_handler
                0x1000a028      0x238 src/ASF/thirdparty/wireless/ble_smart_sdk/ble_services/ble_mgr/ble_manager.o
                0x1000a028                ble_connected_state_handler
 .text.ble_resolv_rand_addr_handler
                0x1000a260       0xec src/ASF/thirdparty/wireless/ble_smart_sdk/ble_services/ble_mgr/ble_manager.o
                0x1000a260                ble_resolv_rand_addr_handler
 .text.ble_connected_device_role
                0x1000a34c       0x3c src/ASF/thirdparty/wireless/ble_smart_sdk/ble_services/ble_mgr/ble_manager.o
                0x1000a34c                ble_connected_device_role
 .text.ble_check_iscentral
                0x1000a388       0x30 src/ASF/thirdparty/wireless/ble_smart_sdk/ble_services/ble_mgr/ble_manager.o
                0x1000a388                ble_check_iscentral
 .text.ble_check_device_state
                0x1000a3b8       0x2c src/ASF/thirdparty/wireless/ble_smart_sdk/ble_services/ble_mgr/ble_manager.o
                0x1000a3b8                ble_check_device_state
 .text.ble_event_manager
                0x1000a3e4      0x128 src/ASF/thirdparty/wireless/ble_smart_sdk/ble_services/ble_mgr/ble_manager.o
                0x1000a3e4                ble_event_manager
 .text.ble_event_task
                0x1000a50c       0x30 src/ASF/thirdparty/wireless/ble_smart_sdk/ble_services/ble_mgr/ble_manager.o
                0x1000a50c                ble_event_task
 .text.uart_read_complete_callback
                0x1000a53c        0xc src/ASF/thirdparty/wireless/ble_smart_sdk/services/console_serial.o
 .text.usart_serial_getchar
                0x1000a548       0x18 src/ASF/thirdparty/wireless/ble_smart_sdk/services/console_serial.o
 .text.usart_serial_putchar
                0x1000a560       0x18 src/ASF/thirdparty/wireless/ble_smart_sdk/services/console_serial.o
 .text.serial_console_init
                0x1000a578       0x94 src/ASF/thirdparty/wireless/ble_smart_sdk/services/console_serial.o
                0x1000a578                serial_console_init
 .text._time_start
                0x1000a60c       0x58 src/ASF/thirdparty/wireless/ble_smart_sdk/services/console_serial.o
                0x1000a60c                _time_start
 .text._time_done
                0x1000a664       0x10 src/ASF/thirdparty/wireless/ble_smart_sdk/services/console_serial.o
                0x1000a664                _time_done
 .text.getchar_b11_timeout
                0x1000a674       0x90 src/ASF/thirdparty/wireless/ble_smart_sdk/services/console_serial.o
                0x1000a674                getchar_b11_timeout
 .text.getchar_b11
                0x1000a704       0x54 src/ASF/thirdparty/wireless/ble_smart_sdk/services/console_serial.o
                0x1000a704                getchar_b11
 .text.dualtimer_callback2
                0x1000a758       0x14 src/ASF/thirdparty/wireless/ble_smart_sdk/services/timer_hw.o
                0x1000a758                dualtimer_callback2
 .text.hw_timer_init
                0x1000a76c       0x2c src/ASF/thirdparty/wireless/ble_smart_sdk/services/timer_hw.o
                0x1000a76c                hw_timer_init
 .text.hw_timer_register_callback
                0x1000a798       0x34 src/ASF/thirdparty/wireless/ble_smart_sdk/services/timer_hw.o
                0x1000a798                hw_timer_register_callback
 .text.hw_timer_start
                0x1000a7cc       0x2c src/ASF/thirdparty/wireless/ble_smart_sdk/services/timer_hw.o
                0x1000a7cc                hw_timer_start
 .text.hw_timer_stop
                0x1000a7f8       0x10 src/ASF/thirdparty/wireless/ble_smart_sdk/services/timer_hw.o
                0x1000a7f8                hw_timer_stop
 .text.platform_event_free
                0x1000a808       0x10 src/ASF/thirdparty/wireless/ble_smart_sdk/src/event_handler.o
                0x1000a808                platform_event_free
 .text.platform_event_post
                0x1000a818       0x38 src/ASF/thirdparty/wireless/ble_smart_sdk/src/event_handler.o
                0x1000a818                platform_event_post
 .text.platform_event_init
                0x1000a850       0x30 src/ASF/thirdparty/wireless/ble_smart_sdk/src/event_handler.o
                0x1000a850                platform_event_init
 .text.at_ke_msg_send
                0x1000a880       0x6c src/ASF/thirdparty/wireless/ble_smart_sdk/src/platform_drv.o
 .text.samb11_plf_resume_callback
                0x1000a8ec       0x2c src/ASF/thirdparty/wireless/ble_smart_sdk/src/platform_drv.o
                0x1000a8ec                samb11_plf_resume_callback
 .text.init_port_list
                0x1000a918       0x4c src/ASF/thirdparty/wireless/ble_smart_sdk/src/platform_drv.o
                0x1000a918                init_port_list
 .text.init_clock
                0x1000a964       0x30 src/ASF/thirdparty/wireless/ble_smart_sdk/src/platform_drv.o
                0x1000a964                init_clock
 .text.platform_driver_init
                0x1000a994      0x200 src/ASF/thirdparty/wireless/ble_smart_sdk/src/platform_drv.o
                0x1000a994                platform_driver_init
 .text.platform_register_ble_msg_handler
                0x1000ab94       0x1c src/ASF/thirdparty/wireless/ble_smart_sdk/src/platform_drv.o
                0x1000ab94                platform_register_ble_msg_handler
 .text.platform_interface_send
                0x1000abb0       0x50 src/ASF/thirdparty/wireless/ble_smart_sdk/src/platform_drv.o
                0x1000abb0                platform_interface_send
 .text.send_plf_int_msg_ind
                0x1000ac00       0x58 src/ASF/thirdparty/wireless/ble_smart_sdk/src/platform_drv.o
                0x1000ac00                send_plf_int_msg_ind
 .text.platform_event_wait
                0x1000ac58      0x264 src/ASF/thirdparty/wireless/ble_smart_sdk/src/platform_drv.o
                0x1000ac58                platform_event_wait
 .text.acquire_sleep_lock
                0x1000aebc       0x70 src/ASF/thirdparty/wireless/ble_smart_sdk/src/platform_drv.o
                0x1000aebc                acquire_sleep_lock
 .text.gpio1_combined_isr_handler
                0x1000af2c       0x70 src/ASF/thirdparty/wireless/ble_smart_sdk/src/port_from_sdk.o
                0x1000af2c                gpio1_combined_isr_handler
 .text.gpio0_combined_isr_handler
                0x1000af9c       0x6c src/ASF/thirdparty/wireless/ble_smart_sdk/src/port_from_sdk.o
                0x1000af9c                gpio0_combined_isr_handler
 .text.PORT1_COMB_Handler
                0x1000b008       0x44 src/ASF/thirdparty/wireless/ble_smart_sdk/src/port_from_sdk.o
                0x1000b008                PORT1_COMB_Handler
 .text.ble_paired_app_event
                0x1000b04c       0x24 src/perception.o
 .text.ble_char_found_app_event
                0x1000b070       0x9c src/perception.o
 .text.ble_service_found_app_event
                0x1000b10c       0x70 src/perception.o
 .text.ble_char_read_resp_app_event
                0x1000b17c      0x17c src/perception.o
 .text.ble_discovery_complete_app_event
                0x1000b2f8      0x100 src/perception.o
 .text.timer_callback_fn
                0x1000b3f8       0x28 src/perception.o
 .text.perception_start_scan
                0x1000b420       0xb4 src/perception.o
                0x1000b420                perception_start_scan
 .text.ble_disconnected_app_event
                0x1000b4d4       0x3c src/perception.o
 .text.perception_connect_request
                0x1000b510       0x7c src/perception.o
                0x1000b510                perception_connect_request
 .text.ble_scan_report_app_event
                0x1000b58c      0x1bc src/perception.o
 .text.perception_service_discover
                0x1000b748       0x38 src/perception.o
                0x1000b748                perception_service_discover
 .text.ble_connected_app_event
                0x1000b780       0x30 src/perception.o
 .text.main     0x1000b7b0      0x1f4 src/perception.o
                0x1000b7b0                main
 .text.internal_event_post
                0x1000b9a4       0x3c ../src/ASF/thirdparty/wireless/ble_smart_sdk/lib/cm0/gcc\libblusdk.a(event.o)
                0x1000b9a4                internal_event_post
 .text.internal_event_init
                0x1000b9e0       0x30 ../src/ASF/thirdparty/wireless/ble_smart_sdk/lib/cm0/gcc\libblusdk.a(event.o)
                0x1000b9e0                internal_event_init
 .text.special_events_handler
                0x1000ba10       0x90 ../src/ASF/thirdparty/wireless/ble_smart_sdk/lib/cm0/gcc\libblusdk.a(event.o)
                0x1000ba10                special_events_handler
 .text.at_ble_event_get
                0x1000baa0      0x628 ../src/ASF/thirdparty/wireless/ble_smart_sdk/lib/cm0/gcc\libblusdk.a(event.o)
                0x1000baa0                at_ble_event_get
 .text.internal_event_flush
                0x1000c0c8       0x44 ../src/ASF/thirdparty/wireless/ble_smart_sdk/lib/cm0/gcc\libblusdk.a(event.o)
                0x1000c0c8                internal_event_flush
 .text.internal_conn_flush
                0x1000c10c       0x54 ../src/ASF/thirdparty/wireless/ble_smart_sdk/lib/cm0/gcc\libblusdk.a(event.o)
                0x1000c10c                internal_conn_flush
 .text.at_ble_device_name_set
                0x1000c160       0x34 ../src/ASF/thirdparty/wireless/ble_smart_sdk/lib/cm0/gcc\libblusdk.a(gap.o)
                0x1000c160                at_ble_device_name_set
 .text.at_ble_addr_get
                0x1000c194       0x24 ../src/ASF/thirdparty/wireless/ble_smart_sdk/lib/cm0/gcc\libblusdk.a(gap.o)
                0x1000c194                at_ble_addr_get
 .text.at_ble_set_dev_config
                0x1000c1b8       0x90 ../src/ASF/thirdparty/wireless/ble_smart_sdk/lib/cm0/gcc\libblusdk.a(gap.o)
                0x1000c1b8                at_ble_set_dev_config
 .text.at_ble_init
                0x1000c248      0x198 ../src/ASF/thirdparty/wireless/ble_smart_sdk/lib/cm0/gcc\libblusdk.a(gap.o)
                0x1000c248                at_ble_init
 .text.at_ble_addr_set
                0x1000c3e0       0x54 ../src/ASF/thirdparty/wireless/ble_smart_sdk/lib/cm0/gcc\libblusdk.a(gap.o)
                0x1000c3e0                at_ble_addr_set
 .text.at_ble_scan_start
                0x1000c434       0x90 ../src/ASF/thirdparty/wireless/ble_smart_sdk/lib/cm0/gcc\libblusdk.a(gap.o)
                0x1000c434                at_ble_scan_start
 .text.at_ble_scan_stop
                0x1000c4c4       0x20 ../src/ASF/thirdparty/wireless/ble_smart_sdk/lib/cm0/gcc\libblusdk.a(gap.o)
                0x1000c4c4                at_ble_scan_stop
 .text.at_ble_connect
                0x1000c4e4       0xd8 ../src/ASF/thirdparty/wireless/ble_smart_sdk/lib/cm0/gcc\libblusdk.a(gap.o)
                0x1000c4e4                at_ble_connect
 .text.at_ble_disconnect
                0x1000c5bc       0x20 ../src/ASF/thirdparty/wireless/ble_smart_sdk/lib/cm0/gcc\libblusdk.a(gap.o)
                0x1000c5bc                at_ble_disconnect
 .text.at_ble_conn_update_reply
                0x1000c5dc        0xc ../src/ASF/thirdparty/wireless/ble_smart_sdk/lib/cm0/gcc\libblusdk.a(gap.o)
                0x1000c5dc                at_ble_conn_update_reply
 .text.at_ble_random_address_resolve
                0x1000c5e8       0x28 ../src/ASF/thirdparty/wireless/ble_smart_sdk/lib/cm0/gcc\libblusdk.a(gap.o)
                0x1000c5e8                at_ble_random_address_resolve
 .text.at_ble_connect_cancel
                0x1000c610       0x14 ../src/ASF/thirdparty/wireless/ble_smart_sdk/lib/cm0/gcc\libblusdk.a(gap.o)
                0x1000c610                at_ble_connect_cancel
 .text.at_ble_uuid_len2type
                0x1000c624       0x14 ../src/ASF/thirdparty/wireless/ble_smart_sdk/lib/cm0/gcc\libblusdk.a(gap.o)
                0x1000c624                at_ble_uuid_len2type
 .text.init_gatt_client_module
                0x1000c638        0xc ../src/ASF/thirdparty/wireless/ble_smart_sdk/lib/cm0/gcc\libblusdk.a(gatt_client.o)
                0x1000c638                init_gatt_client_module
 .text.at_ble_primary_service_discover_all
                0x1000c644       0x28 ../src/ASF/thirdparty/wireless/ble_smart_sdk/lib/cm0/gcc\libblusdk.a(gatt_client.o)
                0x1000c644                at_ble_primary_service_discover_all
 .text.at_ble_characteristic_discover_all
                0x1000c66c       0x28 ../src/ASF/thirdparty/wireless/ble_smart_sdk/lib/cm0/gcc\libblusdk.a(gatt_client.o)
                0x1000c66c                at_ble_characteristic_discover_all
 .text.at_ble_characteristic_read
                0x1000c694       0x34 ../src/ASF/thirdparty/wireless/ble_smart_sdk/lib/cm0/gcc\libblusdk.a(gatt_client.o)
                0x1000c694                at_ble_characteristic_read
 .text.db_searchATT
                0x1000c6c8       0x40 ../src/ASF/thirdparty/wireless/ble_smart_sdk/lib/cm0/gcc\libblusdk.a(gatt_server.o)
 .text.at_ble_read_authorize_reply.part.2
                0x1000c708       0x30 ../src/ASF/thirdparty/wireless/ble_smart_sdk/lib/cm0/gcc\libblusdk.a(gatt_server.o)
 .text.initi_gatt_server_module
                0x1000c738       0x34 ../src/ASF/thirdparty/wireless/ble_smart_sdk/lib/cm0/gcc\libblusdk.a(gatt_server.o)
                0x1000c738                initi_gatt_server_module
 .text.db_init  0x1000c76c       0x44 ../src/ASF/thirdparty/wireless/ble_smart_sdk/lib/cm0/gcc\libblusdk.a(gatt_server.o)
                0x1000c76c                db_init
 .text.at_ble_characteristic_value_set
                0x1000c7b0       0x3c ../src/ASF/thirdparty/wireless/ble_smart_sdk/lib/cm0/gcc\libblusdk.a(gatt_server.o)
                0x1000c7b0                at_ble_characteristic_value_set
 .text.at_ble_characteristic_value_get
                0x1000c7ec       0x40 ../src/ASF/thirdparty/wireless/ble_smart_sdk/lib/cm0/gcc\libblusdk.a(gatt_server.o)
                0x1000c7ec                at_ble_characteristic_value_get
 .text.at_ble_write_authorize_reply
                0x1000c82c       0x88 ../src/ASF/thirdparty/wireless/ble_smart_sdk/lib/cm0/gcc\libblusdk.a(gatt_server.o)
                0x1000c82c                at_ble_write_authorize_reply
 .text.gatts_handle_read_req
                0x1000c8b4       0x30 ../src/ASF/thirdparty/wireless/ble_smart_sdk/lib/cm0/gcc\libblusdk.a(gatt_server.o)
                0x1000c8b4                gatts_handle_read_req
 .text.gatts_handle_att_info_req
                0x1000c8e4       0x3c ../src/ASF/thirdparty/wireless/ble_smart_sdk/lib/cm0/gcc\libblusdk.a(gatt_server.o)
                0x1000c8e4                gatts_handle_att_info_req
 .text.gatts_handle_write_req
                0x1000c920       0x30 ../src/ASF/thirdparty/wireless/ble_smart_sdk/lib/cm0/gcc\libblusdk.a(gatt_server.o)
                0x1000c920                gatts_handle_write_req
 .text.init_l2cc_task_module
                0x1000c950        0xc ../src/ASF/thirdparty/wireless/ble_smart_sdk/lib/cm0/gcc\libblusdk.a(l2cc_task.o)
                0x1000c950                init_l2cc_task_module
 .text.l2cc_data_send_rsp_handler
                0x1000c95c       0x2c ../src/ASF/thirdparty/wireless/ble_smart_sdk/lib/cm0/gcc\libblusdk.a(l2cc_task.o)
                0x1000c95c                l2cc_data_send_rsp_handler
 .text.l2cc_data_received_handler
                0x1000c988       0x30 ../src/ASF/thirdparty/wireless/ble_smart_sdk/lib/cm0/gcc\libblusdk.a(l2cc_task.o)
                0x1000c988                l2cc_data_received_handler
 .text.at_ble_authenticate
                0x1000c9b8      0x130 ../src/ASF/thirdparty/wireless/ble_smart_sdk/lib/cm0/gcc\libblusdk.a(security.o)
                0x1000c9b8                at_ble_authenticate
 .text.at_ble_pair_key_reply
                0x1000cae8       0x7c ../src/ASF/thirdparty/wireless/ble_smart_sdk/lib/cm0/gcc\libblusdk.a(security.o)
                0x1000cae8                at_ble_pair_key_reply
 .text.at_ble_send_slave_sec_request
                0x1000cb64       0x40 ../src/ASF/thirdparty/wireless/ble_smart_sdk/lib/cm0/gcc\libblusdk.a(security.o)
                0x1000cb64                at_ble_send_slave_sec_request
 .text.at_ble_encryption_start
                0x1000cba4       0x78 ../src/ASF/thirdparty/wireless/ble_smart_sdk/lib/cm0/gcc\libblusdk.a(security.o)
                0x1000cba4                at_ble_encryption_start
 .text.at_ble_encryption_request_reply
                0x1000cc1c       0x34 ../src/ASF/thirdparty/wireless/ble_smart_sdk/lib/cm0/gcc\libblusdk.a(security.o)
                0x1000cc1c                at_ble_encryption_request_reply
 .text.rx_callback
                0x1000cc50       0x88 ../src/ASF/thirdparty/wireless/ble_smart_sdk/lib/cm0/gcc\libblusdk.a(interface.o)
                0x1000cc50                rx_callback
 .text.interface_send
                0x1000ccd8       0x10 ../src/ASF/thirdparty/wireless/ble_smart_sdk/lib/cm0/gcc\libblusdk.a(interface.o)
                0x1000ccd8                interface_send
 .text.interface_init
                0x1000cce8       0x40 ../src/ASF/thirdparty/wireless/ble_smart_sdk/lib/cm0/gcc\libblusdk.a(interface.o)
                0x1000cce8                interface_init
 .text.platform_cmd_cmpl_signal
                0x1000cd28        0xc ../src/ASF/thirdparty/wireless/ble_smart_sdk/lib/cm0/gcc\libblusdk.a(interface.o)
                0x1000cd28                platform_cmd_cmpl_signal
 .text.platform_cmd_cmpl_wait
                0x1000cd34       0x2c ../src/ASF/thirdparty/wireless/ble_smart_sdk/lib/cm0/gcc\libblusdk.a(interface.o)
                0x1000cd34                platform_cmd_cmpl_wait
 .text.start_timer
                0x1000cd60        0x2 ../src/ASF/thirdparty/wireless/ble_smart_sdk/lib/cm0/gcc\libblusdk.a(interface.o)
                0x1000cd60                start_timer
 .text.stop_timer
                0x1000cd62        0x2 ../src/ASF/thirdparty/wireless/ble_smart_sdk/lib/cm0/gcc\libblusdk.a(interface.o)
                0x1000cd62                stop_timer
 .text.dbg_le_set_bd_addr_req_handler
                0x1000cd64       0x7c ../src/ASF/thirdparty/wireless/ble_smart_sdk/lib/cm0/gcc\libblusdk.a(dbg_task.o)
                0x1000cd64                dbg_le_set_bd_addr_req_handler
 .text.gapc_get_dev_info_cfm.constprop.1
                0x1000cde0       0xc0 ../src/ASF/thirdparty/wireless/ble_smart_sdk/lib/cm0/gcc\libblusdk.a(gapc_task.o)
 .text.check_ConnData_idx_role
                0x1000cea0       0x3c ../src/ASF/thirdparty/wireless/ble_smart_sdk/lib/cm0/gcc\libblusdk.a(gapc_task.o)
                0x1000cea0                check_ConnData_idx_role
 .text.check_ConnData_emptyEntry
                0x1000cedc       0x28 ../src/ASF/thirdparty/wireless/ble_smart_sdk/lib/cm0/gcc\libblusdk.a(gapc_task.o)
                0x1000cedc                check_ConnData_emptyEntry
 .text.gapc_cmp_evt
                0x1000cf04       0xd0 ../src/ASF/thirdparty/wireless/ble_smart_sdk/lib/cm0/gcc\libblusdk.a(gapc_task.o)
                0x1000cf04                gapc_cmp_evt
 .text.gapc_connection_cfm_handler
                0x1000cfd4       0xc4 ../src/ASF/thirdparty/wireless/ble_smart_sdk/lib/cm0/gcc\libblusdk.a(gapc_task.o)
                0x1000cfd4                gapc_connection_cfm_handler
 .text.gapc_con_req_ind
                0x1000d098       0xe0 ../src/ASF/thirdparty/wireless/ble_smart_sdk/lib/cm0/gcc\libblusdk.a(gapc_task.o)
                0x1000d098                gapc_con_req_ind
 .text.gapc_disconnect_cmd_handler
                0x1000d178       0x44 ../src/ASF/thirdparty/wireless/ble_smart_sdk/lib/cm0/gcc\libblusdk.a(gapc_task.o)
                0x1000d178                gapc_disconnect_cmd_handler
 .text.gapc_disconnect_ind
                0x1000d1bc       0x34 ../src/ASF/thirdparty/wireless/ble_smart_sdk/lib/cm0/gcc\libblusdk.a(gapc_task.o)
                0x1000d1bc                gapc_disconnect_ind
 .text.gapc_bond_cmd_handler
                0x1000d1f0       0x68 ../src/ASF/thirdparty/wireless/ble_smart_sdk/lib/cm0/gcc\libblusdk.a(gapc_task.o)
                0x1000d1f0                gapc_bond_cmd_handler
 .text.gapc_bond_ind
                0x1000d258       0xd8 ../src/ASF/thirdparty/wireless/ble_smart_sdk/lib/cm0/gcc\libblusdk.a(gapc_task.o)
                0x1000d258                gapc_bond_ind
 .text.gapc_bond_req_ind
                0x1000d330       0xe0 ../src/ASF/thirdparty/wireless/ble_smart_sdk/lib/cm0/gcc\libblusdk.a(gapc_task.o)
                0x1000d330                gapc_bond_req_ind
 .text.gapc_bond_cfm_handler_pair_resp
                0x1000d410       0x7c ../src/ASF/thirdparty/wireless/ble_smart_sdk/lib/cm0/gcc\libblusdk.a(gapc_task.o)
                0x1000d410                gapc_bond_cfm_handler_pair_resp
 .text.gapc_bond_cfm_handler_key_exch
                0x1000d48c       0x50 ../src/ASF/thirdparty/wireless/ble_smart_sdk/lib/cm0/gcc\libblusdk.a(gapc_task.o)
                0x1000d48c                gapc_bond_cfm_handler_key_exch
 .text.gapc_security_cmd_handler
                0x1000d4dc       0x40 ../src/ASF/thirdparty/wireless/ble_smart_sdk/lib/cm0/gcc\libblusdk.a(gapc_task.o)
                0x1000d4dc                gapc_security_cmd_handler
 .text.gapc_encrypt_cmd_handler
                0x1000d51c       0x9c ../src/ASF/thirdparty/wireless/ble_smart_sdk/lib/cm0/gcc\libblusdk.a(gapc_task.o)
                0x1000d51c                gapc_encrypt_cmd_handler
 .text.gapc_encrypt_req_ind
                0x1000d5b8       0x20 ../src/ASF/thirdparty/wireless/ble_smart_sdk/lib/cm0/gcc\libblusdk.a(gapc_task.o)
                0x1000d5b8                gapc_encrypt_req_ind
 .text.gapc_encrypt_cfm_handler
                0x1000d5d8       0x80 ../src/ASF/thirdparty/wireless/ble_smart_sdk/lib/cm0/gcc\libblusdk.a(gapc_task.o)
                0x1000d5d8                gapc_encrypt_cfm_handler
 .text.gapc_encrypt_ind
                0x1000d658        0xe ../src/ASF/thirdparty/wireless/ble_smart_sdk/lib/cm0/gcc\libblusdk.a(gapc_task.o)
                0x1000d658                gapc_encrypt_ind
 *fill*         0x1000d666        0x2 
 .text.gapc_param_update_cfm_handler
                0x1000d668       0x4c ../src/ASF/thirdparty/wireless/ble_smart_sdk/lib/cm0/gcc\libblusdk.a(gapc_task.o)
                0x1000d668                gapc_param_update_cfm_handler
 .text.gapc_param_updated_ind
                0x1000d6b4       0x2a ../src/ASF/thirdparty/wireless/ble_smart_sdk/lib/cm0/gcc\libblusdk.a(gapc_task.o)
                0x1000d6b4                gapc_param_updated_ind
 .text.gapc_param_updated_req_ind
                0x1000d6de       0x30 ../src/ASF/thirdparty/wireless/ble_smart_sdk/lib/cm0/gcc\libblusdk.a(gapc_task.o)
                0x1000d6de                gapc_param_updated_req_ind
 *fill*         0x1000d70e        0x2 
 .text.gapc_dev_info_req_ind_handler
                0x1000d710       0x28 ../src/ASF/thirdparty/wireless/ble_smart_sdk/lib/cm0/gcc\libblusdk.a(gapc_task.o)
                0x1000d710                gapc_dev_info_req_ind_handler
 .text.gapc_sec_req_ind
                0x1000d738       0x16 ../src/ASF/thirdparty/wireless/ble_smart_sdk/lib/cm0/gcc\libblusdk.a(gapc_task.o)
                0x1000d738                gapc_sec_req_ind
 .text.gapc_sign_counter_ind_handler
                0x1000d74e       0x34 ../src/ASF/thirdparty/wireless/ble_smart_sdk/lib/cm0/gcc\libblusdk.a(gapc_task.o)
                0x1000d74e                gapc_sign_counter_ind_handler
 *fill*         0x1000d782        0x2 
 .text.gapc_peer_att_info_ind_handler
                0x1000d784       0x7c ../src/ASF/thirdparty/wireless/ble_smart_sdk/lib/cm0/gcc\libblusdk.a(gapc_task.o)
                0x1000d784                gapc_peer_att_info_ind_handler
 .text.gapc_con_channel_map_ind_handler
                0x1000d800       0x18 ../src/ASF/thirdparty/wireless/ble_smart_sdk/lib/cm0/gcc\libblusdk.a(gapc_task.o)
                0x1000d800                gapc_con_channel_map_ind_handler
 .text.gapc_lecb_connected
                0x1000d818       0x2e ../src/ASF/thirdparty/wireless/ble_smart_sdk/lib/cm0/gcc\libblusdk.a(gapc_task.o)
                0x1000d818                gapc_lecb_connected
 .text.gapc_lecb_disconnected
                0x1000d846       0x16 ../src/ASF/thirdparty/wireless/ble_smart_sdk/lib/cm0/gcc\libblusdk.a(gapc_task.o)
                0x1000d846                gapc_lecb_disconnected
 .text.gapc_lecb_connect_req_ind
                0x1000d85c       0x2a ../src/ASF/thirdparty/wireless/ble_smart_sdk/lib/cm0/gcc\libblusdk.a(gapc_task.o)
                0x1000d85c                gapc_lecb_connect_req_ind
 .text.gapc_lecb_add_credit_resp_handler
                0x1000d886       0x20 ../src/ASF/thirdparty/wireless/ble_smart_sdk/lib/cm0/gcc\libblusdk.a(gapc_task.o)
                0x1000d886                gapc_lecb_add_credit_resp_handler
 *fill*         0x1000d8a6        0x2 
 .text.gapm_reset_req_handler
                0x1000d8a8       0x70 ../src/ASF/thirdparty/wireless/ble_smart_sdk/lib/cm0/gcc\libblusdk.a(gapm_task.o)
                0x1000d8a8                gapm_reset_req_handler
 .text.gapm_set_dev_config_cmd_handler
                0x1000d918      0x108 ../src/ASF/thirdparty/wireless/ble_smart_sdk/lib/cm0/gcc\libblusdk.a(gapm_task.o)
                0x1000d918                gapm_set_dev_config_cmd_handler
 .text.gapm_get_dev_config_cmd_handler
                0x1000da20       0xe0 ../src/ASF/thirdparty/wireless/ble_smart_sdk/lib/cm0/gcc\libblusdk.a(gapm_task.o)
                0x1000da20                gapm_get_dev_config_cmd_handler
 .text.gapm_cancel_cmd_handler
                0x1000db00       0x70 ../src/ASF/thirdparty/wireless/ble_smart_sdk/lib/cm0/gcc\libblusdk.a(gapm_task.o)
                0x1000db00                gapm_cancel_cmd_handler
 .text.gapm_dev_bdaddr_ind_handler
                0x1000db70       0x1c ../src/ASF/thirdparty/wireless/ble_smart_sdk/lib/cm0/gcc\libblusdk.a(gapm_task.o)
                0x1000db70                gapm_dev_bdaddr_ind_handler
 .text.gapm_cmp_evt
                0x1000db8c      0x148 ../src/ASF/thirdparty/wireless/ble_smart_sdk/lib/cm0/gcc\libblusdk.a(gapm_task.o)
                0x1000db8c                gapm_cmp_evt
 .text.get_gap_local_addr_type
                0x1000dcd4       0x18 ../src/ASF/thirdparty/wireless/ble_smart_sdk/lib/cm0/gcc\libblusdk.a(gapm_task.o)
                0x1000dcd4                get_gap_local_addr_type
 .text.gapm_start_scan_cmd_handler
                0x1000dcec       0x98 ../src/ASF/thirdparty/wireless/ble_smart_sdk/lib/cm0/gcc\libblusdk.a(gapm_task.o)
                0x1000dcec                gapm_start_scan_cmd_handler
 .text.gapm_adv_report_evt_handler
                0x1000dd84       0x88 ../src/ASF/thirdparty/wireless/ble_smart_sdk/lib/cm0/gcc\libblusdk.a(gapm_task.o)
                0x1000dd84                gapm_adv_report_evt_handler
 .text.gapm_start_connection_cmd_handler
                0x1000de0c      0x11c ../src/ASF/thirdparty/wireless/ble_smart_sdk/lib/cm0/gcc\libblusdk.a(gapm_task.o)
                0x1000de0c                gapm_start_connection_cmd_handler
 .text.gapm_resolv_addr_cmd_handler
                0x1000df28       0x68 ../src/ASF/thirdparty/wireless/ble_smart_sdk/lib/cm0/gcc\libblusdk.a(gapm_task.o)
                0x1000df28                gapm_resolv_addr_cmd_handler
 .text.gapm_addr_solved_ind_handler
                0x1000df90       0x24 ../src/ASF/thirdparty/wireless/ble_smart_sdk/lib/cm0/gcc\libblusdk.a(gapm_task.o)
                0x1000df90                gapm_addr_solved_ind_handler
 .text.gapm_profile_added_ind_handler
                0x1000dfb4       0x20 ../src/ASF/thirdparty/wireless/ble_smart_sdk/lib/cm0/gcc\libblusdk.a(gapm_task.o)
                0x1000dfb4                gapm_profile_added_ind_handler
 .text.gattc_read_req_ind_parser
                0x1000dfd4        0xc ../src/ASF/thirdparty/wireless/ble_smart_sdk/lib/cm0/gcc\libblusdk.a(gattc_task.o)
                0x1000dfd4                gattc_read_req_ind_parser
 .text.gattc_write_req_ind_parser
                0x1000dfe0       0x38 ../src/ASF/thirdparty/wireless/ble_smart_sdk/lib/cm0/gcc\libblusdk.a(gattc_task.o)
                0x1000dfe0                gattc_write_req_ind_parser
 .text.gattc_att_info_req_parser
                0x1000e018        0xc ../src/ASF/thirdparty/wireless/ble_smart_sdk/lib/cm0/gcc\libblusdk.a(gattc_task.o)
                0x1000e018                gattc_att_info_req_parser
 .text.gattc_read_cfm
                0x1000e024       0x6c ../src/ASF/thirdparty/wireless/ble_smart_sdk/lib/cm0/gcc\libblusdk.a(gattc_task.o)
                0x1000e024                gattc_read_cfm
 .text.gattc_write_cfm
                0x1000e090       0x44 ../src/ASF/thirdparty/wireless/ble_smart_sdk/lib/cm0/gcc\libblusdk.a(gattc_task.o)
                0x1000e090                gattc_write_cfm
 .text.gattc_att_info_cfm
                0x1000e0d4       0x48 ../src/ASF/thirdparty/wireless/ble_smart_sdk/lib/cm0/gcc\libblusdk.a(gattc_task.o)
                0x1000e0d4                gattc_att_info_cfm
 .text.gattc_disc_cmd_handler
                0x1000e11c       0x90 ../src/ASF/thirdparty/wireless/ble_smart_sdk/lib/cm0/gcc\libblusdk.a(gattc_task.o)
                0x1000e11c                gattc_disc_cmd_handler
 .text.gattc_event_cfm_handler
                0x1000e1ac       0x40 ../src/ASF/thirdparty/wireless/ble_smart_sdk/lib/cm0/gcc\libblusdk.a(gattc_task.o)
                0x1000e1ac                gattc_event_cfm_handler
 .text.gattc_read_cmd_handler
                0x1000e1ec       0x98 ../src/ASF/thirdparty/wireless/ble_smart_sdk/lib/cm0/gcc\libblusdk.a(gattc_task.o)
                0x1000e1ec                gattc_read_cmd_handler
 .text.gattc_disc_svc_ind_parser
                0x1000e284       0x3c ../src/ASF/thirdparty/wireless/ble_smart_sdk/lib/cm0/gcc\libblusdk.a(gattc_task.o)
                0x1000e284                gattc_disc_svc_ind_parser
 .text.gattc_disc_svc_incl_ind_parser
                0x1000e2c0       0x48 ../src/ASF/thirdparty/wireless/ble_smart_sdk/lib/cm0/gcc\libblusdk.a(gattc_task.o)
                0x1000e2c0                gattc_disc_svc_incl_ind_parser
 .text.gattc_disc_char_ind_parser
                0x1000e308       0x44 ../src/ASF/thirdparty/wireless/ble_smart_sdk/lib/cm0/gcc\libblusdk.a(gattc_task.o)
                0x1000e308                gattc_disc_char_ind_parser
 .text.gattc_disc_char_desc_ind_parser
                0x1000e34c       0x34 ../src/ASF/thirdparty/wireless/ble_smart_sdk/lib/cm0/gcc\libblusdk.a(gattc_task.o)
                0x1000e34c                gattc_disc_char_desc_ind_parser
 .text.gattc_event_ind_and_notification_parser
                0x1000e380       0x54 ../src/ASF/thirdparty/wireless/ble_smart_sdk/lib/cm0/gcc\libblusdk.a(gattc_task.o)
                0x1000e380                gattc_event_ind_and_notification_parser
 .text.gattc_complete_evt_handler
                0x1000e3d4       0x78 ../src/ASF/thirdparty/wireless/ble_smart_sdk/lib/cm0/gcc\libblusdk.a(gattc_task.o)
                0x1000e3d4                gattc_complete_evt_handler
 .text.gattc_event_mtu_changed_ind_parser
                0x1000e44c       0x10 ../src/ASF/thirdparty/wireless/ble_smart_sdk/lib/cm0/gcc\libblusdk.a(gattc_task.o)
                0x1000e44c                gattc_event_mtu_changed_ind_parser
 .text.gattc_read_ind_parser
                0x1000e45c       0x40 ../src/ASF/thirdparty/wireless/ble_smart_sdk/lib/cm0/gcc\libblusdk.a(gattc_task.o)
                0x1000e45c                gattc_read_ind_parser
 .text.gattc_svc_changed_cfg_ind_parser
                0x1000e49c       0x10 ../src/ASF/thirdparty/wireless/ble_smart_sdk/lib/cm0/gcc\libblusdk.a(gattc_task.o)
                0x1000e49c                gattc_svc_changed_cfg_ind_parser
 .text.init_gattc_task_module
                0x1000e4ac       0x14 ../src/ASF/thirdparty/wireless/ble_smart_sdk/lib/cm0/gcc\libblusdk.a(gattc_task.o)
                0x1000e4ac                init_gattc_task_module
 .text.gattm_att_set_value_req_handler
                0x1000e4c0       0x8c ../src/ASF/thirdparty/wireless/ble_smart_sdk/lib/cm0/gcc\libblusdk.a(gattm_task.o)
                0x1000e4c0                gattm_att_set_value_req_handler
 .text.gattm_att_get_value_req_handler
                0x1000e54c       0x9c ../src/ASF/thirdparty/wireless/ble_smart_sdk/lib/cm0/gcc\libblusdk.a(gattm_task.o)
                0x1000e54c                gattm_att_get_value_req_handler
 .text.htpt_enable_rsp_handler
                0x1000e5e8        0xa ../src/ASF/thirdparty/wireless/ble_smart_sdk/lib/cm0/gcc\libblusdk.a(htpt_task.o)
                0x1000e5e8                htpt_enable_rsp_handler
 .text.htpt_temp_send_rsp_handler
                0x1000e5f2        0x6 ../src/ASF/thirdparty/wireless/ble_smart_sdk/lib/cm0/gcc\libblusdk.a(htpt_task.o)
                0x1000e5f2                htpt_temp_send_rsp_handler
 .text.htpt_meas_intv_upd_rsp_handler
                0x1000e5f8        0x6 ../src/ASF/thirdparty/wireless/ble_smart_sdk/lib/cm0/gcc\libblusdk.a(htpt_task.o)
                0x1000e5f8                htpt_meas_intv_upd_rsp_handler
 .text.htpt_meas_intv_chg_req_ind_handler
                0x1000e5fe        0xc ../src/ASF/thirdparty/wireless/ble_smart_sdk/lib/cm0/gcc\libblusdk.a(htpt_task.o)
                0x1000e5fe                htpt_meas_intv_chg_req_ind_handler
 .text.htpt_cfg_indntf_ind_handler
                0x1000e60a        0xa ../src/ASF/thirdparty/wireless/ble_smart_sdk/lib/cm0/gcc\libblusdk.a(htpt_task.o)
                0x1000e60a                htpt_cfg_indntf_ind_handler
 .text          0x1000e614       0x14 c:/program files (x86)/atmel/studio/7.0/toolchain/arm/arm-gnu-toolchain/bin/../lib/gcc/arm-none-eabi/4.9.3/armv6-m\libgcc.a(_thumb1_case_uqi.o)
                0x1000e614                __gnu_thumb1_case_uqi
 .text          0x1000e628      0x120 c:/program files (x86)/atmel/studio/7.0/toolchain/arm/arm-gnu-toolchain/bin/../lib/gcc/arm-none-eabi/4.9.3/armv6-m\libgcc.a(_udivsi3.o)
                0x1000e628                __aeabi_uidiv
                0x1000e628                __udivsi3
                0x1000e734                __aeabi_uidivmod
 .text          0x1000e748        0x4 c:/program files (x86)/atmel/studio/7.0/toolchain/arm/arm-gnu-toolchain/bin/../lib/gcc/arm-none-eabi/4.9.3/armv6-m\libgcc.a(_dvmd_tls.o)
                0x1000e748                __aeabi_idiv0
                0x1000e748                __aeabi_ldiv0
 .text          0x1000e74c       0x3c c:/program files (x86)/atmel/studio/7.0/toolchain/arm/arm-gnu-toolchain/bin/../lib/gcc/arm-none-eabi/4.9.3/armv6-m\libgcc.a(_fixunsdfsi.o)
                0x1000e74c                __aeabi_d2uiz
                0x1000e74c                __fixunsdfsi
 .text          0x1000e788      0x534 c:/program files (x86)/atmel/studio/7.0/toolchain/arm/arm-gnu-toolchain/bin/../lib/gcc/arm-none-eabi/4.9.3/armv6-m\libgcc.a(muldf3.o)
                0x1000e788                __aeabi_dmul
 .text          0x1000ecbc      0x6f4 c:/program files (x86)/atmel/studio/7.0/toolchain/arm/arm-gnu-toolchain/bin/../lib/gcc/arm-none-eabi/4.9.3/armv6-m\libgcc.a(subdf3.o)
                0x1000ecbc                __aeabi_dsub
 .text          0x1000f3b0       0x6c c:/program files (x86)/atmel/studio/7.0/toolchain/arm/arm-gnu-toolchain/bin/../lib/gcc/arm-none-eabi/4.9.3/armv6-m\libgcc.a(fixdfsi.o)
                0x1000f3b0                __aeabi_d2iz
 .text          0x1000f41c       0x64 c:/program files (x86)/atmel/studio/7.0/toolchain/arm/arm-gnu-toolchain/bin/../lib/gcc/arm-none-eabi/4.9.3/armv6-m\libgcc.a(floatunsidf.o)
                0x1000f41c                __aeabi_ui2d
 .text          0x1000f480       0x7c c:/program files (x86)/atmel/studio/7.0/toolchain/arm/arm-gnu-toolchain/bin/../lib/gcc/arm-none-eabi/4.9.3/armv6-m\libgcc.a(_arm_cmpdf2.o)
                0x1000f480                __aeabi_cdrcmple
                0x1000f490                __aeabi_cdcmple
                0x1000f490                __aeabi_cdcmpeq
                0x1000f4a0                __aeabi_dcmpeq
                0x1000f4ac                __aeabi_dcmplt
                0x1000f4c0                __aeabi_dcmple
                0x1000f4d4                __aeabi_dcmpgt
                0x1000f4e8                __aeabi_dcmpge
 .text          0x1000f4fc       0x3c c:/program files (x86)/atmel/studio/7.0/toolchain/arm/arm-gnu-toolchain/bin/../lib/gcc/arm-none-eabi/4.9.3/armv6-m\libgcc.a(_clzsi2.o)
                0x1000f4fc                __clzsi2
 .text          0x1000f538       0x88 c:/program files (x86)/atmel/studio/7.0/toolchain/arm/arm-gnu-toolchain/bin/../lib/gcc/arm-none-eabi/4.9.3/armv6-m\libgcc.a(eqdf2.o)
                0x1000f538                __nedf2
                0x1000f538                __eqdf2
 .text          0x1000f5c0       0xe0 c:/program files (x86)/atmel/studio/7.0/toolchain/arm/arm-gnu-toolchain/bin/../lib/gcc/arm-none-eabi/4.9.3/armv6-m\libgcc.a(gedf2.o)
                0x1000f5c0                __gedf2
                0x1000f5c0                __gtdf2
 .text          0x1000f6a0       0xcc c:/program files (x86)/atmel/studio/7.0/toolchain/arm/arm-gnu-toolchain/bin/../lib/gcc/arm-none-eabi/4.9.3/armv6-m\libgcc.a(ledf2.o)
                0x1000f6a0                __ledf2
                0x1000f6a0                __ltdf2
 .text.__libc_init_array
                0x1000f76c       0x4c c:/program files (x86)/atmel/studio/7.0/toolchain/arm/arm-gnu-toolchain/bin/../lib/gcc/arm-none-eabi/4.9.3/../../../../arm-none-eabi/lib/armv6-m\libc_nano.a(lib_a-init.o)
                0x1000f76c                __libc_init_array
 .text.memcmp   0x1000f7b8       0x1e c:/program files (x86)/atmel/studio/7.0/toolchain/arm/arm-gnu-toolchain/bin/../lib/gcc/arm-none-eabi/4.9.3/../../../../arm-none-eabi/lib/armv6-m\libc_nano.a(lib_a-memcmp.o)
                0x1000f7b8                memcmp
 .text.memcpy   0x1000f7d6       0x12 c:/program files (x86)/atmel/studio/7.0/toolchain/arm/arm-gnu-toolchain/bin/../lib/gcc/arm-none-eabi/4.9.3/../../../../arm-none-eabi/lib/armv6-m\libc_nano.a(lib_a-memcpy.o)
                0x1000f7d6                memcpy
 .text.memset   0x1000f7e8       0x10 c:/program files (x86)/atmel/studio/7.0/toolchain/arm/arm-gnu-toolchain/bin/../lib/gcc/arm-none-eabi/4.9.3/../../../../arm-none-eabi/lib/armv6-m\libc_nano.a(lib_a-memset.o)
                0x1000f7e8                memset
 .text.printf   0x1000f7f8       0x34 c:/program files (x86)/atmel/studio/7.0/toolchain/arm/arm-gnu-toolchain/bin/../lib/gcc/arm-none-eabi/4.9.3/../../../../arm-none-eabi/lib/armv6-m\libc_nano.a(lib_a-printf.o)
                0x1000f7f8                iprintf
                0x1000f7f8                printf
 .text.putchar  0x1000f82c       0x28 c:/program files (x86)/atmel/studio/7.0/toolchain/arm/arm-gnu-toolchain/bin/../lib/gcc/arm-none-eabi/4.9.3/../../../../arm-none-eabi/lib/armv6-m\libc_nano.a(lib_a-putchar.o)
                0x1000f82c                putchar
 .text._puts_r  0x1000f854       0xc2 c:/program files (x86)/atmel/studio/7.0/toolchain/arm/arm-gnu-toolchain/bin/../lib/gcc/arm-none-eabi/4.9.3/../../../../arm-none-eabi/lib/armv6-m\libc_nano.a(lib_a-puts.o)
                0x1000f854                _puts_r
 *fill*         0x1000f916        0x2 
 .text.puts     0x1000f918       0x14 c:/program files (x86)/atmel/studio/7.0/toolchain/arm/arm-gnu-toolchain/bin/../lib/gcc/arm-none-eabi/4.9.3/../../../../arm-none-eabi/lib/armv6-m\libc_nano.a(lib_a-puts.o)
                0x1000f918                puts
 .text.rand     0x1000f92c       0x78 c:/program files (x86)/atmel/studio/7.0/toolchain/arm/arm-gnu-toolchain/bin/../lib/gcc/arm-none-eabi/4.9.3/../../../../arm-none-eabi/lib/armv6-m\libc_nano.a(lib_a-rand.o)
                0x1000f92c                rand
 .text.setbuf   0x1000f9a4       0x12 c:/program files (x86)/atmel/studio/7.0/toolchain/arm/arm-gnu-toolchain/bin/../lib/gcc/arm-none-eabi/4.9.3/../../../../arm-none-eabi/lib/armv6-m\libc_nano.a(lib_a-setbuf.o)
                0x1000f9a4                setbuf
 *fill*         0x1000f9b6        0x2 
 .text.setvbuf  0x1000f9b8      0x10c c:/program files (x86)/atmel/studio/7.0/toolchain/arm/arm-gnu-toolchain/bin/../lib/gcc/arm-none-eabi/4.9.3/../../../../arm-none-eabi/lib/armv6-m\libc_nano.a(lib_a-setvbuf.o)
                0x1000f9b8                setvbuf
 .text.__swbuf_r
                0x1000fac4       0xb0 c:/program files (x86)/atmel/studio/7.0/toolchain/arm/arm-gnu-toolchain/bin/../lib/gcc/arm-none-eabi/4.9.3/../../../../arm-none-eabi/lib/armv6-m\libc_nano.a(lib_a-wbuf.o)
                0x1000fac4                __swbuf_r
 .text.__swsetup_r
                0x1000fb74       0xe8 c:/program files (x86)/atmel/studio/7.0/toolchain/arm/arm-gnu-toolchain/bin/../lib/gcc/arm-none-eabi/4.9.3/../../../../arm-none-eabi/lib/armv6-m\libc_nano.a(lib_a-wsetup.o)
                0x1000fb74                __swsetup_r
 .text.__sflush_r
                0x1000fc5c      0x112 c:/program files (x86)/atmel/studio/7.0/toolchain/arm/arm-gnu-toolchain/bin/../lib/gcc/arm-none-eabi/4.9.3/../../../../arm-none-eabi/lib/armv6-m\libc_nano.a(lib_a-fflush.o)
                0x1000fc5c                __sflush_r
 *fill*         0x1000fd6e        0x2 
 .text._fflush_r
                0x1000fd70       0x58 c:/program files (x86)/atmel/studio/7.0/toolchain/arm/arm-gnu-toolchain/bin/../lib/gcc/arm-none-eabi/4.9.3/../../../../arm-none-eabi/lib/armv6-m\libc_nano.a(lib_a-fflush.o)
                0x1000fd70                _fflush_r
 .text._cleanup_r
                0x1000fdc8       0x10 c:/program files (x86)/atmel/studio/7.0/toolchain/arm/arm-gnu-toolchain/bin/../lib/gcc/arm-none-eabi/4.9.3/../../../../arm-none-eabi/lib/armv6-m\libc_nano.a(lib_a-findfp.o)
                0x1000fdc8                _cleanup_r
 .text.std.isra.0
                0x1000fdd8       0x48 c:/program files (x86)/atmel/studio/7.0/toolchain/arm/arm-gnu-toolchain/bin/../lib/gcc/arm-none-eabi/4.9.3/../../../../arm-none-eabi/lib/armv6-m\libc_nano.a(lib_a-findfp.o)
 .text.__sfmoreglue
                0x1000fe20       0x2c c:/program files (x86)/atmel/studio/7.0/toolchain/arm/arm-gnu-toolchain/bin/../lib/gcc/arm-none-eabi/4.9.3/../../../../arm-none-eabi/lib/armv6-m\libc_nano.a(lib_a-findfp.o)
                0x1000fe20                __sfmoreglue
 .text.__sinit  0x1000fe4c       0x64 c:/program files (x86)/atmel/studio/7.0/toolchain/arm/arm-gnu-toolchain/bin/../lib/gcc/arm-none-eabi/4.9.3/../../../../arm-none-eabi/lib/armv6-m\libc_nano.a(lib_a-findfp.o)
                0x1000fe4c                __sinit
 .text.__sfp    0x1000feb0       0x7c c:/program files (x86)/atmel/studio/7.0/toolchain/arm/arm-gnu-toolchain/bin/../lib/gcc/arm-none-eabi/4.9.3/../../../../arm-none-eabi/lib/armv6-m\libc_nano.a(lib_a-findfp.o)
                0x1000feb0                __sfp
 .text._fwalk_reent
                0x1000ff2c       0x42 c:/program files (x86)/atmel/studio/7.0/toolchain/arm/arm-gnu-toolchain/bin/../lib/gcc/arm-none-eabi/4.9.3/../../../../arm-none-eabi/lib/armv6-m\libc_nano.a(lib_a-fwalk.o)
                0x1000ff2c                _fwalk_reent
 *fill*         0x1000ff6e        0x2 
 .text.__smakebuf_r
                0x1000ff70       0xb0 c:/program files (x86)/atmel/studio/7.0/toolchain/arm/arm-gnu-toolchain/bin/../lib/gcc/arm-none-eabi/4.9.3/../../../../arm-none-eabi/lib/armv6-m\libc_nano.a(lib_a-makebuf.o)
                0x1000ff70                __smakebuf_r
 .text.malloc   0x10010020       0x14 c:/program files (x86)/atmel/studio/7.0/toolchain/arm/arm-gnu-toolchain/bin/../lib/gcc/arm-none-eabi/4.9.3/../../../../arm-none-eabi/lib/armv6-m\libc_nano.a(lib_a-malloc.o)
                0x10010020                malloc
 .text._free_r  0x10010034       0x8c c:/program files (x86)/atmel/studio/7.0/toolchain/arm/arm-gnu-toolchain/bin/../lib/gcc/arm-none-eabi/4.9.3/../../../../arm-none-eabi/lib/armv6-m\libc_nano.a(lib_a-nano-freer.o)
                0x10010034                _free_r
 .text._malloc_r
                0x100100c0       0xb0 c:/program files (x86)/atmel/studio/7.0/toolchain/arm/arm-gnu-toolchain/bin/../lib/gcc/arm-none-eabi/4.9.3/../../../../arm-none-eabi/lib/armv6-m\libc_nano.a(lib_a-nano-mallocr.o)
                0x100100c0                _malloc_r
 .text.__sfputc_r
                0x10010170       0x2a c:/program files (x86)/atmel/studio/7.0/toolchain/arm/arm-gnu-toolchain/bin/../lib/gcc/arm-none-eabi/4.9.3/../../../../arm-none-eabi/lib/armv6-m\libc_nano.a(lib_a-nano-vfprintf.o)
 .text.__sfputs_r
                0x1001019a       0x24 c:/program files (x86)/atmel/studio/7.0/toolchain/arm/arm-gnu-toolchain/bin/../lib/gcc/arm-none-eabi/4.9.3/../../../../arm-none-eabi/lib/armv6-m\libc_nano.a(lib_a-nano-vfprintf.o)
                0x1001019a                __sfputs_r
 *fill*         0x100101be        0x2 
 .text._vfprintf_r
                0x100101c0      0x220 c:/program files (x86)/atmel/studio/7.0/toolchain/arm/arm-gnu-toolchain/bin/../lib/gcc/arm-none-eabi/4.9.3/../../../../arm-none-eabi/lib/armv6-m\libc_nano.a(lib_a-nano-vfprintf.o)
                0x100101c0                _vfprintf_r
                0x100101c0                _vfiprintf_r
 .text._printf_common
                0x100103e0       0xdc c:/program files (x86)/atmel/studio/7.0/toolchain/arm/arm-gnu-toolchain/bin/../lib/gcc/arm-none-eabi/4.9.3/../../../../arm-none-eabi/lib/armv6-m\libc_nano.a(lib_a-nano-vfprintf_i.o)
                0x100103e0                _printf_common
 .text._printf_i
                0x100104bc      0x230 c:/program files (x86)/atmel/studio/7.0/toolchain/arm/arm-gnu-toolchain/bin/../lib/gcc/arm-none-eabi/4.9.3/../../../../arm-none-eabi/lib/armv6-m\libc_nano.a(lib_a-nano-vfprintf_i.o)
                0x100104bc                _printf_i
 .text._putc_r  0x100106ec       0x78 c:/program files (x86)/atmel/studio/7.0/toolchain/arm/arm-gnu-toolchain/bin/../lib/gcc/arm-none-eabi/4.9.3/../../../../arm-none-eabi/lib/armv6-m\libc_nano.a(lib_a-putc.o)
                0x100106ec                _putc_r
 .text._sbrk_r  0x10010764       0x24 c:/program files (x86)/atmel/studio/7.0/toolchain/arm/arm-gnu-toolchain/bin/../lib/gcc/arm-none-eabi/4.9.3/../../../../arm-none-eabi/lib/armv6-m\libc_nano.a(lib_a-sbrkr.o)
                0x10010764                _sbrk_r
 .text.__sread  0x10010788       0x28 c:/program files (x86)/atmel/studio/7.0/toolchain/arm/arm-gnu-toolchain/bin/../lib/gcc/arm-none-eabi/4.9.3/../../../../arm-none-eabi/lib/armv6-m\libc_nano.a(lib_a-stdio.o)
                0x10010788                __sread
 .text.__swrite
                0x100107b0       0x38 c:/program files (x86)/atmel/studio/7.0/toolchain/arm/arm-gnu-toolchain/bin/../lib/gcc/arm-none-eabi/4.9.3/../../../../arm-none-eabi/lib/armv6-m\libc_nano.a(lib_a-stdio.o)
                0x100107b0                __swrite
 .text.__sseek  0x100107e8       0x2c c:/program files (x86)/atmel/studio/7.0/toolchain/arm/arm-gnu-toolchain/bin/../lib/gcc/arm-none-eabi/4.9.3/../../../../arm-none-eabi/lib/armv6-m\libc_nano.a(lib_a-stdio.o)
                0x100107e8                __sseek
 .text.__sclose
                0x10010814        0xc c:/program files (x86)/atmel/studio/7.0/toolchain/arm/arm-gnu-toolchain/bin/../lib/gcc/arm-none-eabi/4.9.3/../../../../arm-none-eabi/lib/armv6-m\libc_nano.a(lib_a-stdio.o)
                0x10010814                __sclose
 .text._write_r
                0x10010820       0x28 c:/program files (x86)/atmel/studio/7.0/toolchain/arm/arm-gnu-toolchain/bin/../lib/gcc/arm-none-eabi/4.9.3/../../../../arm-none-eabi/lib/armv6-m\libc_nano.a(lib_a-writer.o)
                0x10010820                _write_r
 .text._close_r
                0x10010848       0x24 c:/program files (x86)/atmel/studio/7.0/toolchain/arm/arm-gnu-toolchain/bin/../lib/gcc/arm-none-eabi/4.9.3/../../../../arm-none-eabi/lib/armv6-m\libc_nano.a(lib_a-closer.o)
                0x10010848                _close_r
 .text._fstat_r
                0x1001086c       0x24 c:/program files (x86)/atmel/studio/7.0/toolchain/arm/arm-gnu-toolchain/bin/../lib/gcc/arm-none-eabi/4.9.3/../../../../arm-none-eabi/lib/armv6-m\libc_nano.a(lib_a-fstatr.o)
                0x1001086c                _fstat_r
 .text._isatty_r
                0x10010890       0x24 c:/program files (x86)/atmel/studio/7.0/toolchain/arm/arm-gnu-toolchain/bin/../lib/gcc/arm-none-eabi/4.9.3/../../../../arm-none-eabi/lib/armv6-m\libc_nano.a(lib_a-isattyr.o)
                0x10010890                _isatty_r
 .text._lseek_r
                0x100108b4       0x28 c:/program files (x86)/atmel/studio/7.0/toolchain/arm/arm-gnu-toolchain/bin/../lib/gcc/arm-none-eabi/4.9.3/../../../../arm-none-eabi/lib/armv6-m\libc_nano.a(lib_a-lseekr.o)
                0x100108b4                _lseek_r
 .text.memchr   0x100108dc       0x16 c:/program files (x86)/atmel/studio/7.0/toolchain/arm/arm-gnu-toolchain/bin/../lib/gcc/arm-none-eabi/4.9.3/../../../../arm-none-eabi/lib/armv6-m\libc_nano.a(lib_a-memchr.o)
                0x100108dc                memchr
 *fill*         0x100108f2        0x2 
 .text._read_r  0x100108f4       0x28 c:/program files (x86)/atmel/studio/7.0/toolchain/arm/arm-gnu-toolchain/bin/../lib/gcc/arm-none-eabi/4.9.3/../../../../arm-none-eabi/lib/armv6-m\libc_nano.a(lib_a-readr.o)
                0x100108f4                _read_r
 .text          0x1001091c       0x54 c:/program files (x86)/atmel/studio/7.0/toolchain/arm/arm-gnu-toolchain/bin/../lib/gcc/arm-none-eabi/4.9.3/armv6-m\libgcc.a(_muldi3.o)
                0x1001091c                __muldi3
                0x1001091c                __aeabi_lmul
 *(.glue_7t)
 .glue_7t       0x00000000        0x0 linker stubs
 *(.glue_7)
 .glue_7        0x00000000        0x0 linker stubs
 *(.rodata .rodata* .gnu.linkonce.r.*)
 .rodata.system_clock_peripheral_enable
                0x10010970       0xd8 src/ASF/sam0/drivers/system/system_sam_b.o
 .rodata.system_peripheral_reset
                0x10010a48      0x110 src/ASF/sam0/drivers/system/system_sam_b.o
 .rodata.ble_disconnected_state_handler
                0x10010b58       0x20 src/ASF/thirdparty/wireless/ble_smart_sdk/ble_services/ble_mgr/ble_manager.o
 .rodata.ble_mgr_events_callback_handler
                0x10010b78       0x1c src/ASF/thirdparty/wireless/ble_smart_sdk/ble_services/ble_mgr/ble_manager.o
 .rodata.ble_event_manager
                0x10010b94       0xf0 src/ASF/thirdparty/wireless/ble_smart_sdk/ble_services/ble_mgr/ble_manager.o
 .rodata        0x10010c84       0x19 src/ASF/thirdparty/wireless/ble_smart_sdk/ble_services/ble_mgr/ble_manager.o
 *fill*         0x10010c9d        0x3 
 .rodata.ble_mgr_gatt_server_handle
                0x10010ca0       0x28 src/ASF/thirdparty/wireless/ble_smart_sdk/ble_services/ble_mgr/ble_manager.o
 .rodata.str1.4
                0x10010cc8      0x616 src/ASF/thirdparty/wireless/ble_smart_sdk/ble_services/ble_mgr/ble_manager.o
 *fill*         0x100112de        0x2 
 .rodata.ble_mgr_gap_handle
                0x100112e0       0x4c src/ASF/thirdparty/wireless/ble_smart_sdk/ble_services/ble_mgr/ble_manager.o
 .rodata.str1.4
                0x1001132c       0x11 src/ASF/thirdparty/wireless/ble_smart_sdk/services/timer_hw.o
 *fill*         0x1001133d        0x3 
 .rodata.perception_gap_cb
                0x10011340       0x4c src/perception.o
 .rodata.str1.4
                0x1001138c      0x3b0 src/perception.o
                                0x3b4 (size before relaxing)
 .rodata.perception_gatt_client_cb
                0x1001173c       0x28 src/perception.o
 .rodata        0x10011764        0xb ../src/ASF/thirdparty/wireless/ble_smart_sdk/lib/cm0/gcc\libblusdk.a(gap.o)
 .rodata.CSWTCH.51
                0x1001176f        0xf ../src/ASF/thirdparty/wireless/ble_smart_sdk/lib/cm0/gcc\libblusdk.a(gap.o)
 *fill*         0x1001177e        0x2 
 .rodata        0x10011780       0x40 c:/program files (x86)/atmel/studio/7.0/toolchain/arm/arm-gnu-toolchain/bin/../lib/gcc/arm-none-eabi/4.9.3/armv6-m\libgcc.a(muldf3.o)
 .rodata.str1.1
                0x100117c0        0x2 c:/program files (x86)/atmel/studio/7.0/toolchain/arm/arm-gnu-toolchain/bin/../lib/gcc/arm-none-eabi/4.9.3/../../../../arm-none-eabi/lib/armv6-m\libc_nano.a(lib_a-impure.o)
 *fill*         0x100117c2        0x2 
 .rodata._global_impure_ptr
                0x100117c4        0x4 c:/program files (x86)/atmel/studio/7.0/toolchain/arm/arm-gnu-toolchain/bin/../lib/gcc/arm-none-eabi/4.9.3/../../../../arm-none-eabi/lib/armv6-m\libc_nano.a(lib_a-impure.o)
                0x100117c4                _global_impure_ptr
 .rodata.__sf_fake_stdin
                0x100117c8       0x20 c:/program files (x86)/atmel/studio/7.0/toolchain/arm/arm-gnu-toolchain/bin/../lib/gcc/arm-none-eabi/4.9.3/../../../../arm-none-eabi/lib/armv6-m\libc_nano.a(lib_a-findfp.o)
                0x100117c8                __sf_fake_stdin
 .rodata.__sf_fake_stdout
                0x100117e8       0x20 c:/program files (x86)/atmel/studio/7.0/toolchain/arm/arm-gnu-toolchain/bin/../lib/gcc/arm-none-eabi/4.9.3/../../../../arm-none-eabi/lib/armv6-m\libc_nano.a(lib_a-findfp.o)
                0x100117e8                __sf_fake_stdout
 .rodata.__sf_fake_stderr
                0x10011808       0x20 c:/program files (x86)/atmel/studio/7.0/toolchain/arm/arm-gnu-toolchain/bin/../lib/gcc/arm-none-eabi/4.9.3/../../../../arm-none-eabi/lib/armv6-m\libc_nano.a(lib_a-findfp.o)
                0x10011808                __sf_fake_stderr
 .rodata.str1.1
                0x10011828       0x11 c:/program files (x86)/atmel/studio/7.0/toolchain/arm/arm-gnu-toolchain/bin/../lib/gcc/arm-none-eabi/4.9.3/../../../../arm-none-eabi/lib/armv6-m\libc_nano.a(lib_a-nano-vfprintf.o)
 .rodata.str1.1
                0x10011839       0x22 c:/program files (x86)/atmel/studio/7.0/toolchain/arm/arm-gnu-toolchain/bin/../lib/gcc/arm-none-eabi/4.9.3/../../../../arm-none-eabi/lib/armv6-m\libc_nano.a(lib_a-nano-vfprintf_i.o)
 *(.ARM.extab* .gnu.linkonce.armextab.*)
                0x1001185c                . = ALIGN (0x4)
 *fill*         0x1001185b        0x1 
 *(.init)
 .init          0x1001185c        0x4 c:/program files (x86)/atmel/studio/7.0/toolchain/arm/arm-gnu-toolchain/bin/../lib/gcc/arm-none-eabi/4.9.3/armv6-m/crti.o
                0x1001185c                _init
 .init          0x10011860        0x8 c:/program files (x86)/atmel/studio/7.0/toolchain/arm/arm-gnu-toolchain/bin/../lib/gcc/arm-none-eabi/4.9.3/armv6-m/crtn.o
                0x10011868                . = ALIGN (0x4)
                0x10011868                __preinit_array_start = .
 *(.preinit_array)
                0x10011868                __preinit_array_end = .
                0x10011868                . = ALIGN (0x4)
                0x10011868                __init_array_start = .
 *(SORT(.init_array.*))
 *(.init_array)
 .init_array    0x10011868        0x4 c:/program files (x86)/atmel/studio/7.0/toolchain/arm/arm-gnu-toolchain/bin/../lib/gcc/arm-none-eabi/4.9.3/armv6-m/crtbegin.o
                0x1001186c                __init_array_end = .
                0x1001186c                . = ALIGN (0x4)
 *crtbegin.o(.ctors)
 *(EXCLUDE_FILE(*crtend.o) .ctors)
 *(SORT(.ctors.*))
 *crtend.o(.ctors)
                0x1001186c                . = ALIGN (0x4)
 *(.fini)
 .fini          0x1001186c        0x4 c:/program files (x86)/atmel/studio/7.0/toolchain/arm/arm-gnu-toolchain/bin/../lib/gcc/arm-none-eabi/4.9.3/armv6-m/crti.o
                0x1001186c                _fini
 .fini          0x10011870        0x8 c:/program files (x86)/atmel/studio/7.0/toolchain/arm/arm-gnu-toolchain/bin/../lib/gcc/arm-none-eabi/4.9.3/armv6-m/crtn.o
                0x10011878                . = ALIGN (0x4)
                0x10011878                __fini_array_start = .
 *(.fini_array)
 .fini_array    0x10011878        0x4 c:/program files (x86)/atmel/studio/7.0/toolchain/arm/arm-gnu-toolchain/bin/../lib/gcc/arm-none-eabi/4.9.3/armv6-m/crtbegin.o
 *(SORT(.fini_array.*))
                0x1001187c                __fini_array_end = .
 *crtbegin.o(.dtors)
 *(EXCLUDE_FILE(*crtend.o) .dtors)
 *(SORT(.dtors.*))
 *crtend.o(.dtors)
                0x1001187c                . = ALIGN (0x4)
                0x1001187c                _efixed = .

.vfp11_veneer   0x1001187c        0x0
 .vfp11_veneer  0x00000000        0x0 linker stubs

.v4_bx          0x1001187c        0x0
 .v4_bx         0x00000000        0x0 linker stubs

.iplt           0x1001187c        0x0
 .iplt          0x00000000        0x0 c:/program files (x86)/atmel/studio/7.0/toolchain/arm/arm-gnu-toolchain/bin/../lib/gcc/arm-none-eabi/4.9.3/armv6-m/crtbegin.o

.eh_frame       0x1001187c        0x0
 .eh_frame      0x1001187c        0x0 c:/program files (x86)/atmel/studio/7.0/toolchain/arm/arm-gnu-toolchain/bin/../lib/gcc/arm-none-eabi/4.9.3/armv6-m/crtbegin.o

.rel.dyn        0x1001187c        0x0
 .rel.iplt      0x00000000        0x0 c:/program files (x86)/atmel/studio/7.0/toolchain/arm/arm-gnu-toolchain/bin/../lib/gcc/arm-none-eabi/4.9.3/armv6-m/crtbegin.o

.jcr            0x1001187c        0x0
 .jcr           0x1001187c        0x0 c:/program files (x86)/atmel/studio/7.0/toolchain/arm/arm-gnu-toolchain/bin/../lib/gcc/arm-none-eabi/4.9.3/armv6-m/crtbegin.o

.igot.plt       0x1001187c        0x0
 .igot.plt      0x00000000        0x0 c:/program files (x86)/atmel/studio/7.0/toolchain/arm/arm-gnu-toolchain/bin/../lib/gcc/arm-none-eabi/4.9.3/armv6-m/crtbegin.o
                0x1001187c                . = ALIGN (0x4)
                0x1001187c                _etext = .

.relocate       0x1001187c       0x8c
                0x1001187c                . = ALIGN (0x4)
                0x1001187c                _srelocate = .
 *(.ramfunc .ramfunc.*)
 *(.data .data.*)
 .data.perception_handle
                0x1001187c       0x20 src/perception.o
                0x1001187c                perception_handle
 .data.l2cap_avail_buffers
                0x1001189c        0x1 ../src/ASF/thirdparty/wireless/ble_smart_sdk/lib/cm0/gcc\libblusdk.a(l2cc_task.o)
                0x1001189c                l2cap_avail_buffers
 *fill*         0x1001189d        0x3 
 .data.dummy_buffer
                0x100118a0        0x4 ../src/ASF/thirdparty/wireless/ble_smart_sdk/lib/cm0/gcc\libblusdk.a(interface.o)
                0x100118a0                dummy_buffer
 .data.impure_data
                0x100118a4       0x60 c:/program files (x86)/atmel/studio/7.0/toolchain/arm/arm-gnu-toolchain/bin/../lib/gcc/arm-none-eabi/4.9.3/../../../../arm-none-eabi/lib/armv6-m\libc_nano.a(lib_a-impure.o)
 .data._impure_ptr
                0x10011904        0x4 c:/program files (x86)/atmel/studio/7.0/toolchain/arm/arm-gnu-toolchain/bin/../lib/gcc/arm-none-eabi/4.9.3/../../../../arm-none-eabi/lib/armv6-m\libc_nano.a(lib_a-impure.o)
                0x10011904                _impure_ptr
                0x10011908                . = ALIGN (0x4)
                0x10011908                _erelocate = .

.bss            0x10011908     0x1abc
                0x10011908                . = ALIGN (0x4)
                0x10011908                _sbss = .
                0x10011908                _szero = .
 *(.bss .bss.*)
 .bss           0x10011908       0x1c c:/program files (x86)/atmel/studio/7.0/toolchain/arm/arm-gnu-toolchain/bin/../lib/gcc/arm-none-eabi/4.9.3/armv6-m/crtbegin.o
 .bss.dualtimer_callback_timer1
                0x10011924        0x4 src/ASF/sam0/drivers/dualtimer/dualtimer.o
 .bss.dualtimer_callback_timer2
                0x10011928        0x4 src/ASF/sam0/drivers/dualtimer/dualtimer.o
 .bss.heap.5211
                0x1001192c        0x4 src/ASF/sam0/utils/syscalls/gcc/syscalls.o
 .bss.att_db_data
                0x10011930      0x4e0 src/ASF/thirdparty/wireless/ble_smart_sdk/ble_services/ble_mgr/ble_manager.o
                0x10011930                att_db_data
 .bss.ble_user_event_cb
                0x10011e10        0x4 src/ASF/thirdparty/wireless/ble_smart_sdk/ble_services/ble_mgr/ble_manager.o
                0x10011e10                ble_user_event_cb
 .bss.scan_response_count
                0x10011e14        0x1 src/ASF/thirdparty/wireless/ble_smart_sdk/ble_services/ble_mgr/ble_manager.o
                0x10011e14                scan_response_count
 *fill*         0x10011e15        0x3 
 .bss.ble_peripheral_dev_address
                0x10011e18        0x7 src/ASF/thirdparty/wireless/ble_smart_sdk/ble_services/ble_mgr/ble_manager.o
 .bss.read_complete_flag
                0x10011e1f        0x1 src/ASF/thirdparty/wireless/ble_smart_sdk/services/console_serial.o
 .bss.tick      0x10011e20        0x4 src/ASF/thirdparty/wireless/ble_smart_sdk/services/console_serial.o
                0x10011e20                tick
 .bss.string_input
                0x10011e24        0x1 src/ASF/thirdparty/wireless/ble_smart_sdk/services/console_serial.o
                0x10011e24                string_input
 *fill*         0x10011e25        0x3 
 .bss.platform_event_pending_list
                0x10011e28        0x4 src/ASF/thirdparty/wireless/ble_smart_sdk/src/event_handler.o
 .bss.platform_event_free_list
                0x10011e2c        0x4 src/ASF/thirdparty/wireless/ble_smart_sdk/src/event_handler.o
 .bss.platform_event_pool
                0x10011e30       0x78 src/ASF/thirdparty/wireless/ble_smart_sdk/src/event_handler.o
 .bss.ke_free   0x10011ea8        0x4 src/ASF/thirdparty/wireless/ble_smart_sdk/src/platform_drv.o
 .bss.gapm_get_id_from_task
                0x10011eac        0x4 src/ASF/thirdparty/wireless/ble_smart_sdk/src/platform_drv.o
 .bss.gapm_get_task_from_id
                0x10011eb0        0x4 src/ASF/thirdparty/wireless/ble_smart_sdk/src/platform_drv.o
 .bss.os_sem_up
                0x10011eb4        0x4 src/ASF/thirdparty/wireless/ble_smart_sdk/src/platform_drv.o
 .bss.ke_msg_hdr.12813
                0x10011eb8        0x4 src/ASF/thirdparty/wireless/ble_smart_sdk/src/platform_drv.o
 .bss.pwr_wait_BLE_out_of_reset
                0x10011ebc        0x4 src/ASF/thirdparty/wireless/ble_smart_sdk/src/platform_drv.o
 .bss.platform_initialized
                0x10011ec0        0x1 src/ASF/thirdparty/wireless/ble_smart_sdk/src/platform_drv.o
                0x10011ec0                platform_initialized
 *fill*         0x10011ec1        0x3 
 .bss.pwr_disable_arm_wakeup
                0x10011ec4        0x4 src/ASF/thirdparty/wireless/ble_smart_sdk/src/platform_drv.o
 .bss.gstrFwSem
                0x10011ec8        0x4 src/ASF/thirdparty/wireless/ble_smart_sdk/src/platform_drv.o
 .bss.os_sem_down
                0x10011ecc        0x4 src/ASF/thirdparty/wireless/ble_smart_sdk/src/platform_drv.o
 .bss.rcv_msg.12812
                0x10011ed0        0x4 src/ASF/thirdparty/wireless/ble_smart_sdk/src/platform_drv.o
 .bss.pwr_enable_arm_wakeup
                0x10011ed4        0x4 src/ASF/thirdparty/wireless/ble_smart_sdk/src/platform_drv.o
 .bss.NMI_MsgQueueRecv
                0x10011ed8        0x4 src/ASF/thirdparty/wireless/ble_smart_sdk/src/platform_drv.o
 .bss.ke_msg_send
                0x10011edc        0x4 src/ASF/thirdparty/wireless/ble_smart_sdk/src/platform_drv.o
 .bss.ble_stack_message_handler
                0x10011ee0        0x4 src/ASF/thirdparty/wireless/ble_smart_sdk/src/platform_drv.o
 .bss.pwr_arm_wakeup_req
                0x10011ee4        0x4 src/ASF/thirdparty/wireless/ble_smart_sdk/src/platform_drv.o
 .bss.ke_msg_alloc
                0x10011ee8        0x4 src/ASF/thirdparty/wireless/ble_smart_sdk/src/platform_drv.o
 .bss.InternalAppMsgQHandle
                0x10011eec        0x4 src/ASF/thirdparty/wireless/ble_smart_sdk/src/platform_drv.o
 .bss.perception_state_flag
                0x10011ef0        0x1 src/perception.o
                0x10011ef0                perception_state_flag
 .bss.vibe1_char_found
                0x10011ef1        0x1 src/perception.o
                0x10011ef1                vibe1_char_found
 .bss.timer_done
                0x10011ef2        0x1 src/perception.o
                0x10011ef2                timer_done
 .bss.vibe3_char_found
                0x10011ef3        0x1 src/perception.o
                0x10011ef3                vibe3_char_found
 .bss.vibe2_char_found
                0x10011ef4        0x1 src/perception.o
                0x10011ef4                vibe2_char_found
 .bss.vibe4_char_found
                0x10011ef5        0x1 src/perception.o
                0x10011ef5                vibe4_char_found
 *fill*         0x10011ef6        0x2 
 .bss.event_pool
                0x10011ef8       0xa0 ../src/ASF/thirdparty/wireless/ble_smart_sdk/lib/cm0/gcc\libblusdk.a(event.o)
 .bss.event_pending_list
                0x10011f98        0x4 ../src/ASF/thirdparty/wireless/ble_smart_sdk/lib/cm0/gcc\libblusdk.a(event.o)
 .bss.event_free_list
                0x10011f9c        0x4 ../src/ASF/thirdparty/wireless/ble_smart_sdk/lib/cm0/gcc\libblusdk.a(event.o)
 .bss.u16GattcSeqNo
                0x10011fa0        0x2 ../src/ASF/thirdparty/wireless/ble_smart_sdk/lib/cm0/gcc\libblusdk.a(gatt_client.o)
 *fill*         0x10011fa2        0x2 
 .bss.pu8valuesBuffer
                0x10011fa4        0x4 ../src/ASF/thirdparty/wireless/ble_smart_sdk/lib/cm0/gcc\libblusdk.a(gatt_server.o)
                0x10011fa4                pu8valuesBuffer
 .bss.unNull    0x10011fa8        0x1 ../src/ASF/thirdparty/wireless/ble_smart_sdk/lib/cm0/gcc\libblusdk.a(gatt_server.o)
                0x10011fa8                unNull
 *fill*         0x10011fa9        0x3 
 .bss.ptstrattDb
                0x10011fac        0x4 ../src/ASF/thirdparty/wireless/ble_smart_sdk/lib/cm0/gcc\libblusdk.a(gatt_server.o)
                0x10011fac                ptstrattDb
 .bss.pu8valuesBufferEnd
                0x10011fb0        0x4 ../src/ASF/thirdparty/wireless/ble_smart_sdk/lib/cm0/gcc\libblusdk.a(gatt_server.o)
                0x10011fb0                pu8valuesBufferEnd
 .bss.u32numberOfValues
                0x10011fb4        0x4 ../src/ASF/thirdparty/wireless/ble_smart_sdk/lib/cm0/gcc\libblusdk.a(gatt_server.o)
                0x10011fb4                u32numberOfValues
 .bss.u32dbMemorySize
                0x10011fb8        0x4 ../src/ASF/thirdparty/wireless/ble_smart_sdk/lib/cm0/gcc\libblusdk.a(gatt_server.o)
                0x10011fb8                u32dbMemorySize
 .bss.service_setup_buffer
                0x10011fbc        0x4 ../src/ASF/thirdparty/wireless/ble_smart_sdk/lib/cm0/gcc\libblusdk.a(gatt_server.o)
                0x10011fbc                service_setup_buffer
 .bss.cmd_cmpl_flag
                0x10011fc0        0x4 ../src/ASF/thirdparty/wireless/ble_smart_sdk/lib/cm0/gcc\libblusdk.a(interface.o)
 .bss.dummy_key.7389
                0x10011fc4       0x10 ../src/ASF/thirdparty/wireless/ble_smart_sdk/lib/cm0/gcc\libblusdk.a(gapc_task.o)
 .bss.dummy_key.7407
                0x10011fd4       0x10 ../src/ASF/thirdparty/wireless/ble_smart_sdk/lib/cm0/gcc\libblusdk.a(gapc_task.o)
 .bss.peer_key_info
                0x10011fe4       0x46 ../src/ASF/thirdparty/wireless/ble_smart_sdk/lib/cm0/gcc\libblusdk.a(gapc_task.o)
 .bss.dummy_key.7271
                0x1001202a       0x10 ../src/ASF/thirdparty/wireless/ble_smart_sdk/lib/cm0/gcc\libblusdk.a(gapc_task.o)
 .bss.g_seq_num_tx
                0x1001203a        0x2 ../src/ASF/thirdparty/wireless/ble_smart_sdk/lib/cm0/gcc\libblusdk.a(gattc_task.o)
 .bss.Seq_NUM   0x1001203c        0x2 ../src/ASF/thirdparty/wireless/ble_smart_sdk/lib/cm0/gcc\libblusdk.a(gattc_task.o)
                0x1001203c                Seq_NUM
 *fill*         0x1001203e        0x2 
 .bss.u32usedBuffers
                0x10012040        0x4 ../src/ASF/thirdparty/wireless/ble_smart_sdk/lib/cm0/gcc\libblusdk.a(gattm_task.o)
                0x10012040                u32usedBuffers
 .bss.__malloc_sbrk_start
                0x10012044        0x4 c:/program files (x86)/atmel/studio/7.0/toolchain/arm/arm-gnu-toolchain/bin/../lib/gcc/arm-none-eabi/4.9.3/../../../../arm-none-eabi/lib/armv6-m\libc_nano.a(lib_a-nano-mallocr.o)
                0x10012044                __malloc_sbrk_start
 .bss.__malloc_free_list
                0x10012048        0x4 c:/program files (x86)/atmel/studio/7.0/toolchain/arm/arm-gnu-toolchain/bin/../lib/gcc/arm-none-eabi/4.9.3/../../../../arm-none-eabi/lib/armv6-m\libc_nano.a(lib_a-nano-mallocr.o)
                0x10012048                __malloc_free_list
 *(COMMON)
 COMMON         0x1001204c        0x4 src/ASF/sam0/drivers/system/system_sam_b.o
                0x1001204c                system_clock_value
 COMMON         0x10012050        0x8 src/ASF/sam0/drivers/uart/uart.o
                0x10012050                _uart_instances
 COMMON         0x10012058        0x4 src/ASF/sam0/utils/stdio/read.o
                0x10012058                ptr_get
 COMMON         0x1001205c        0x8 src/ASF/sam0/utils/stdio/write.o
                0x1001205c                ptr_put
                0x10012060                stdio_base
 COMMON         0x10012064      0x830 src/ASF/thirdparty/wireless/ble_smart_sdk/ble_services/ble_mgr/ble_manager.o
                0x10012064                ble_mgr_htpt_event_cb
                0x10012068                ble_mgr_gatt_server_event_cb
                0x1001207c                ble_dev_info
                0x100122e8                ble_device_count
                0x100122ec                ble_mgr_dtm_event_cb
                0x10012300                ble_mgr_gap_event_cb
                0x10012314                ble_mgr_gatt_client_event_cb
                0x10012328                connected_state_info
                0x1001233c                pf_cfg
                0x10012348                event
                0x1001234c                ble_mgr_l2cap_event_cb
                0x10012350                scan_info
                0x10012684                ble_event_params
                0x10012890                ble_mgr_custom_event_cb
 COMMON         0x10012894       0x4c src/ASF/thirdparty/wireless/ble_smart_sdk/services/console_serial.o
                0x10012894                uart_instance
                0x100128b8                config_uart
 COMMON         0x100128e0      0x2e2 src/ASF/thirdparty/wireless/ble_smart_sdk/src/platform_drv.o
                0x100128e0                default_samb11_clock_init
                0x100128e8                rwip_prevent_sleep_set
                0x100128ec                platform_unregister_isr
                0x100128f0                rwip_prevent_sleep_clear
                0x100128f4                actualfreq
                0x100128f8                port_list
                0x1001292c                rx_buffer
                0x10012bac                platform_register_isr
                0x10012bb0                handle_ext_wakeup_isr
                0x10012bb4                samb11_app_resume_cb
                0x10012bb8                updateuartbr_fp
                0x10012bbc                apps_resume_cb
                0x10012bc0                plf_event_buff_index
 *fill*         0x10012bc2        0x2 
 COMMON         0x10012bc4       0x26 src/perception.o
                0x10012bc4                perception_char_data3
                0x10012bcc                perception_char_data2
                0x10012bd4                perception_reporter_address
                0x10012bdc                perception_char_data4
                0x10012be4                perception_char_data1
 *fill*         0x10012bea        0x2 
 COMMON         0x10012bec        0xc ../src/ASF/thirdparty/wireless/ble_smart_sdk/lib/cm0/gcc\libblusdk.a(event.o)
                0x10012bec                watched_event
 COMMON         0x10012bf8      0x16a ../src/ASF/thirdparty/wireless/ble_smart_sdk/lib/cm0/gcc\libblusdk.a(gap.o)
                0x10012bf8                app_task_type
                0x10012bfa                gstrConnData
                0x10012c8a                device
 *fill*         0x10012d62        0x2 
 COMMON         0x10012d64      0x65c ../src/ASF/thirdparty/wireless/ble_smart_sdk/lib/cm0/gcc\libblusdk.a(interface.o)
                0x10012d64                event_param_buff_index
                0x10012d68                dummy_buffer_buff
                0x10012f68                interface_send_msg
                0x10013168                event_param_buff
 COMMON         0x100133c0        0x4 c:/program files (x86)/atmel/studio/7.0/toolchain/arm/arm-gnu-toolchain/bin/../lib/gcc/arm-none-eabi/4.9.3/../../../../arm-none-eabi/lib/armv6-m\libc_nano.a(lib_a-reent.o)
                0x100133c0                errno
                0x100133c4                . = ALIGN (0x4)
                0x100133c4                _ebss = .
                0x100133c4                _ezero = .

.stack          0x100133c4      0x804
                0x100133c8                . = ALIGN (0x8)
 *fill*         0x100133c4        0x4 
                0x100133c8                _sstack = .
                0x10013bc8                . = (. + STACK_SIZE)
 *fill*         0x100133c8      0x800 
                0x10013bc8                . = ALIGN (0x8)
                0x10013bc8                _estack = .
                0x10013bc8                PROVIDE (__exidx_start, .)

.ARM.exidx
 *(.ARM.exidx* .gnu.linkonce.armexidx.*)
                0x10013bc8                PROVIDE (__exidx_end, .)
                0x10013bc8                . = ALIGN (0x4)
                0x10013bc8                _end = .
OUTPUT(Perception.elf elf32-littlearm)

.ARM.attributes
                0x00000000       0x28
 .ARM.attributes
                0x00000000       0x1e c:/program files (x86)/atmel/studio/7.0/toolchain/arm/arm-gnu-toolchain/bin/../lib/gcc/arm-none-eabi/4.9.3/armv6-m/crti.o
 .ARM.attributes
                0x0000001e       0x2c c:/program files (x86)/atmel/studio/7.0/toolchain/arm/arm-gnu-toolchain/bin/../lib/gcc/arm-none-eabi/4.9.3/armv6-m/crtbegin.o
 .ARM.attributes
                0x0000004a       0x31 src/ASF/sam0/drivers/dualtimer/dualtimer.o
 .ARM.attributes
                0x0000007b       0x31 src/ASF/sam0/drivers/gpio/gpio.o
 .ARM.attributes
                0x000000ac       0x31 src/ASF/sam0/drivers/system/system_sam_b.o
 .ARM.attributes
                0x000000dd       0x31 src/ASF/sam0/drivers/uart/uart.o
 .ARM.attributes
                0x0000010e       0x31 src/ASF/sam0/utils/cmsis/samb11/source/gcc/startup_samb11.o
 .ARM.attributes
                0x0000013f       0x31 src/ASF/sam0/utils/stdio/read.o
 .ARM.attributes
                0x00000170       0x31 src/ASF/sam0/utils/stdio/write.o
 .ARM.attributes
                0x000001a1       0x31 src/ASF/sam0/utils/syscalls/gcc/syscalls.o
 .ARM.attributes
                0x000001d2       0x31 src/ASF/thirdparty/wireless/ble_smart_sdk/ble_services/ble_mgr/ble_manager.o
 .ARM.attributes
                0x00000203       0x31 src/ASF/thirdparty/wireless/ble_smart_sdk/services/console_serial.o
 .ARM.attributes
                0x00000234       0x31 src/ASF/thirdparty/wireless/ble_smart_sdk/services/timer_hw.o
 .ARM.attributes
                0x00000265       0x31 src/ASF/thirdparty/wireless/ble_smart_sdk/src/event_handler.o
 .ARM.attributes
                0x00000296       0x31 src/ASF/thirdparty/wireless/ble_smart_sdk/src/platform_drv.o
 .ARM.attributes
                0x000002c7       0x31 src/ASF/thirdparty/wireless/ble_smart_sdk/src/port_from_sdk.o
 .ARM.attributes
                0x000002f8       0x31 src/perception.o
 .ARM.attributes
                0x00000329       0x31 ../src/ASF/thirdparty/wireless/ble_smart_sdk/lib/cm0/gcc\libblusdk.a(event.o)
 .ARM.attributes
                0x0000035a       0x31 ../src/ASF/thirdparty/wireless/ble_smart_sdk/lib/cm0/gcc\libblusdk.a(gap.o)
 .ARM.attributes
                0x0000038b       0x31 ../src/ASF/thirdparty/wireless/ble_smart_sdk/lib/cm0/gcc\libblusdk.a(gatt_client.o)
 .ARM.attributes
                0x000003bc       0x31 ../src/ASF/thirdparty/wireless/ble_smart_sdk/lib/cm0/gcc\libblusdk.a(gatt_server.o)
 .ARM.attributes
                0x000003ed       0x31 ../src/ASF/thirdparty/wireless/ble_smart_sdk/lib/cm0/gcc\libblusdk.a(l2cc_task.o)
 .ARM.attributes
                0x0000041e       0x31 ../src/ASF/thirdparty/wireless/ble_smart_sdk/lib/cm0/gcc\libblusdk.a(security.o)
 .ARM.attributes
                0x0000044f       0x31 ../src/ASF/thirdparty/wireless/ble_smart_sdk/lib/cm0/gcc\libblusdk.a(interface.o)
 .ARM.attributes
                0x00000480       0x31 ../src/ASF/thirdparty/wireless/ble_smart_sdk/lib/cm0/gcc\libblusdk.a(dbg_task.o)
 .ARM.attributes
                0x000004b1       0x31 ../src/ASF/thirdparty/wireless/ble_smart_sdk/lib/cm0/gcc\libblusdk.a(gapc_task.o)
 .ARM.attributes
                0x000004e2       0x31 ../src/ASF/thirdparty/wireless/ble_smart_sdk/lib/cm0/gcc\libblusdk.a(gapm_task.o)
 .ARM.attributes
                0x00000513       0x31 ../src/ASF/thirdparty/wireless/ble_smart_sdk/lib/cm0/gcc\libblusdk.a(gattc_task.o)
 .ARM.attributes
                0x00000544       0x31 ../src/ASF/thirdparty/wireless/ble_smart_sdk/lib/cm0/gcc\libblusdk.a(gattm_task.o)
 .ARM.attributes
                0x00000575       0x31 ../src/ASF/thirdparty/wireless/ble_smart_sdk/lib/cm0/gcc\libblusdk.a(htpt_task.o)
 .ARM.attributes
                0x000005a6       0x1e c:/program files (x86)/atmel/studio/7.0/toolchain/arm/arm-gnu-toolchain/bin/../lib/gcc/arm-none-eabi/4.9.3/armv6-m\libgcc.a(_thumb1_case_uqi.o)
 .ARM.attributes
                0x000005c4       0x1e c:/program files (x86)/atmel/studio/7.0/toolchain/arm/arm-gnu-toolchain/bin/../lib/gcc/arm-none-eabi/4.9.3/armv6-m\libgcc.a(_udivsi3.o)
 .ARM.attributes
                0x000005e2       0x1e c:/program files (x86)/atmel/studio/7.0/toolchain/arm/arm-gnu-toolchain/bin/../lib/gcc/arm-none-eabi/4.9.3/armv6-m\libgcc.a(_dvmd_tls.o)
 .ARM.attributes
                0x00000600       0x2c c:/program files (x86)/atmel/studio/7.0/toolchain/arm/arm-gnu-toolchain/bin/../lib/gcc/arm-none-eabi/4.9.3/armv6-m\libgcc.a(_fixunsdfsi.o)
 .ARM.attributes
                0x0000062c       0x2c c:/program files (x86)/atmel/studio/7.0/toolchain/arm/arm-gnu-toolchain/bin/../lib/gcc/arm-none-eabi/4.9.3/armv6-m\libgcc.a(muldf3.o)
 .ARM.attributes
                0x00000658       0x2c c:/program files (x86)/atmel/studio/7.0/toolchain/arm/arm-gnu-toolchain/bin/../lib/gcc/arm-none-eabi/4.9.3/armv6-m\libgcc.a(subdf3.o)
 .ARM.attributes
                0x00000684       0x2c c:/program files (x86)/atmel/studio/7.0/toolchain/arm/arm-gnu-toolchain/bin/../lib/gcc/arm-none-eabi/4.9.3/armv6-m\libgcc.a(fixdfsi.o)
 .ARM.attributes
                0x000006b0       0x2c c:/program files (x86)/atmel/studio/7.0/toolchain/arm/arm-gnu-toolchain/bin/../lib/gcc/arm-none-eabi/4.9.3/armv6-m\libgcc.a(floatunsidf.o)
 .ARM.attributes
                0x000006dc       0x1e c:/program files (x86)/atmel/studio/7.0/toolchain/arm/arm-gnu-toolchain/bin/../lib/gcc/arm-none-eabi/4.9.3/armv6-m\libgcc.a(_arm_cmpdf2.o)
 .ARM.attributes
                0x000006fa       0x1e c:/program files (x86)/atmel/studio/7.0/toolchain/arm/arm-gnu-toolchain/bin/../lib/gcc/arm-none-eabi/4.9.3/armv6-m\libgcc.a(_clzsi2.o)
 .ARM.attributes
                0x00000718       0x2c c:/program files (x86)/atmel/studio/7.0/toolchain/arm/arm-gnu-toolchain/bin/../lib/gcc/arm-none-eabi/4.9.3/armv6-m\libgcc.a(eqdf2.o)
 .ARM.attributes
                0x00000744       0x2c c:/program files (x86)/atmel/studio/7.0/toolchain/arm/arm-gnu-toolchain/bin/../lib/gcc/arm-none-eabi/4.9.3/armv6-m\libgcc.a(gedf2.o)
 .ARM.attributes
                0x00000770       0x2c c:/program files (x86)/atmel/studio/7.0/toolchain/arm/arm-gnu-toolchain/bin/../lib/gcc/arm-none-eabi/4.9.3/armv6-m\libgcc.a(ledf2.o)
 .ARM.attributes
                0x0000079c       0x2c c:/program files (x86)/atmel/studio/7.0/toolchain/arm/arm-gnu-toolchain/bin/../lib/gcc/arm-none-eabi/4.9.3/../../../../arm-none-eabi/lib/armv6-m\libc_nano.a(lib_a-impure.o)
 .ARM.attributes
                0x000007c8       0x2c c:/program files (x86)/atmel/studio/7.0/toolchain/arm/arm-gnu-toolchain/bin/../lib/gcc/arm-none-eabi/4.9.3/../../../../arm-none-eabi/lib/armv6-m\libc_nano.a(lib_a-init.o)
 .ARM.attributes
                0x000007f4       0x2c c:/program files (x86)/atmel/studio/7.0/toolchain/arm/arm-gnu-toolchain/bin/../lib/gcc/arm-none-eabi/4.9.3/../../../../arm-none-eabi/lib/armv6-m\libc_nano.a(lib_a-memcmp.o)
 .ARM.attributes
                0x00000820       0x2c c:/program files (x86)/atmel/studio/7.0/toolchain/arm/arm-gnu-toolchain/bin/../lib/gcc/arm-none-eabi/4.9.3/../../../../arm-none-eabi/lib/armv6-m\libc_nano.a(lib_a-memcpy.o)
 .ARM.attributes
                0x0000084c       0x2c c:/program files (x86)/atmel/studio/7.0/toolchain/arm/arm-gnu-toolchain/bin/../lib/gcc/arm-none-eabi/4.9.3/../../../../arm-none-eabi/lib/armv6-m\libc_nano.a(lib_a-memset.o)
 .ARM.attributes
                0x00000878       0x2c c:/program files (x86)/atmel/studio/7.0/toolchain/arm/arm-gnu-toolchain/bin/../lib/gcc/arm-none-eabi/4.9.3/../../../../arm-none-eabi/lib/armv6-m\libc_nano.a(lib_a-printf.o)
 .ARM.attributes
                0x000008a4       0x2c c:/program files (x86)/atmel/studio/7.0/toolchain/arm/arm-gnu-toolchain/bin/../lib/gcc/arm-none-eabi/4.9.3/../../../../arm-none-eabi/lib/armv6-m\libc_nano.a(lib_a-putchar.o)
 .ARM.attributes
                0x000008d0       0x2c c:/program files (x86)/atmel/studio/7.0/toolchain/arm/arm-gnu-toolchain/bin/../lib/gcc/arm-none-eabi/4.9.3/../../../../arm-none-eabi/lib/armv6-m\libc_nano.a(lib_a-puts.o)