Archive member included because of file (symbol)

../src/ASF/thirdparty/wireless/ble_smart_sdk/lib/cm0/gcc\libblusdk.a(event.o)
                              src/ASF/thirdparty/wireless/ble_smart_sdk/ble_services/ble_mgr/ble_manager.o (at_ble_event_get)
../src/ASF/thirdparty/wireless/ble_smart_sdk/lib/cm0/gcc\libblusdk.a(gap.o)
                              src/ASF/thirdparty/wireless/ble_smart_sdk/ble_services/ble_mgr/ble_manager.o (at_ble_device_name_set)
../src/ASF/thirdparty/wireless/ble_smart_sdk/lib/cm0/gcc\libblusdk.a(gatt_client.o)
                              ../src/ASF/thirdparty/wireless/ble_smart_sdk/lib/cm0/gcc\libblusdk.a(gap.o) (init_gatt_client_module)
../src/ASF/thirdparty/wireless/ble_smart_sdk/lib/cm0/gcc\libblusdk.a(gatt_server.o)
                              ../src/ASF/thirdparty/wireless/ble_smart_sdk/lib/cm0/gcc\libblusdk.a(gap.o) (initi_gatt_server_module)
../src/ASF/thirdparty/wireless/ble_smart_sdk/lib/cm0/gcc\libblusdk.a(l2cc_task.o)
                              ../src/ASF/thirdparty/wireless/ble_smart_sdk/lib/cm0/gcc\libblusdk.a(gap.o) (init_l2cc_task_module)
../src/ASF/thirdparty/wireless/ble_smart_sdk/lib/cm0/gcc\libblusdk.a(security.o)
                              src/ASF/thirdparty/wireless/ble_smart_sdk/ble_services/ble_mgr/ble_manager.o (at_ble_authenticate)
../src/ASF/thirdparty/wireless/ble_smart_sdk/lib/cm0/gcc\libblusdk.a(interface.o)
                              ../src/ASF/thirdparty/wireless/ble_smart_sdk/lib/cm0/gcc\libblusdk.a(gap.o) (rx_callback)
../src/ASF/thirdparty/wireless/ble_smart_sdk/lib/cm0/gcc\libblusdk.a(calib_task.o)
                              ../src/ASF/thirdparty/wireless/ble_smart_sdk/lib/cm0/gcc\libblusdk.a(gap.o) (calib_config)
../src/ASF/thirdparty/wireless/ble_smart_sdk/lib/cm0/gcc\libblusdk.a(dbg_task.o)
                              ../src/ASF/thirdparty/wireless/ble_smart_sdk/lib/cm0/gcc\libblusdk.a(gap.o) (dbg_le_set_bd_addr_req_handler)
../src/ASF/thirdparty/wireless/ble_smart_sdk/lib/cm0/gcc\libblusdk.a(gapc_task.o)
                              ../src/ASF/thirdparty/wireless/ble_smart_sdk/lib/cm0/gcc\libblusdk.a(security.o) (check_ConnData_idx_role)
../src/ASF/thirdparty/wireless/ble_smart_sdk/lib/cm0/gcc\libblusdk.a(gapm_task.o)
                              ../src/ASF/thirdparty/wireless/ble_smart_sdk/lib/cm0/gcc\libblusdk.a(gap.o) (gapm_reset_req_handler)
../src/ASF/thirdparty/wireless/ble_smart_sdk/lib/cm0/gcc\libblusdk.a(gattc_task.o)
                              ../src/ASF/thirdparty/wireless/ble_smart_sdk/lib/cm0/gcc\libblusdk.a(gatt_server.o) (gattc_read_req_ind_parser)
../src/ASF/thirdparty/wireless/ble_smart_sdk/lib/cm0/gcc\libblusdk.a(gattm_task.o)
                              ../src/ASF/thirdparty/wireless/ble_smart_sdk/lib/cm0/gcc\libblusdk.a(gatt_server.o) (gattm_add_svc_req_handler)
../src/ASF/thirdparty/wireless/ble_smart_sdk/lib/cm0/gcc\libblusdk.a(htpt_task.o)
                              ../src/ASF/thirdparty/wireless/ble_smart_sdk/lib/cm0/gcc\libblusdk.a(event.o) (htpt_enable_rsp_handler)
c:/program files (x86)/atmel/studio/7.0/toolchain/arm/arm-gnu-toolchain/bin/../lib/gcc/arm-none-eabi/4.9.3/armv6-m\libgcc.a(_thumb1_case_sqi.o)
                              ../src/ASF/thirdparty/wireless/ble_smart_sdk/lib/cm0/gcc\libblusdk.a(gap.o) (__gnu_thumb1_case_sqi)
c:/program files (x86)/atmel/studio/7.0/toolchain/arm/arm-gnu-toolchain/bin/../lib/gcc/arm-none-eabi/4.9.3/armv6-m\libgcc.a(_thumb1_case_uqi.o)
                              ../src/ASF/thirdparty/wireless/ble_smart_sdk/lib/cm0/gcc\libblusdk.a(gap.o) (__gnu_thumb1_case_uqi)
c:/program files (x86)/atmel/studio/7.0/toolchain/arm/arm-gnu-toolchain/bin/../lib/gcc/arm-none-eabi/4.9.3/armv6-m\libgcc.a(_udivsi3.o)
                              src/ASF/sam0/drivers/uart/uart.o (__aeabi_uidiv)
c:/program files (x86)/atmel/studio/7.0/toolchain/arm/arm-gnu-toolchain/bin/../lib/gcc/arm-none-eabi/4.9.3/armv6-m\libgcc.a(_dvmd_tls.o)
                              c:/program files (x86)/atmel/studio/7.0/toolchain/arm/arm-gnu-toolchain/bin/../lib/gcc/arm-none-eabi/4.9.3/armv6-m\libgcc.a(_udivsi3.o) (__aeabi_idiv0)
c:/program files (x86)/atmel/studio/7.0/toolchain/arm/arm-gnu-toolchain/bin/../lib/gcc/arm-none-eabi/4.9.3/armv6-m\libgcc.a(_fixunsdfsi.o)
                              src/ASF/thirdparty/wireless/ble_smart_sdk/services/console_serial.o (__aeabi_d2uiz)
c:/program files (x86)/atmel/studio/7.0/toolchain/arm/arm-gnu-toolchain/bin/../lib/gcc/arm-none-eabi/4.9.3/armv6-m\libgcc.a(mulsf3.o)
                              ../src/ASF/thirdparty/wireless/ble_smart_sdk/lib/cm0/gcc\libblusdk.a(calib_task.o) (__aeabi_fmul)
c:/program files (x86)/atmel/studio/7.0/toolchain/arm/arm-gnu-toolchain/bin/../lib/gcc/arm-none-eabi/4.9.3/armv6-m\libgcc.a(floatunsisf.o)
                              ../src/ASF/thirdparty/wireless/ble_smart_sdk/lib/cm0/gcc\libblusdk.a(calib_task.o) (__aeabi_ui2f)
[...]
Memory Configuration

Name             Origin             Length             Attributes
ram              0x10008000         0x00017800         xrw
lram             0x1001f800         0x00000800         xrw
*default*        0x00000000         0xffffffff

Linker script and memory map

LOAD c:/program files (x86)/atmel/studio/7.0/toolchain/arm/arm-gnu-toolchain/bin/../lib/gcc/arm-none-eabi/4.9.3/armv6-m/crti.o
LOAD c:/program files (x86)/atmel/studio/7.0/toolchain/arm/arm-gnu-toolchain/bin/../lib/gcc/arm-none-eabi/4.9.3/armv6-m/crtbegin.o
LOAD c:/program files (x86)/atmel/studio/7.0/toolchain/arm/arm-gnu-toolchain/bin/../lib/gcc/arm-none-eabi/4.9.3/../../../../arm-none-eabi/lib/armv6-m/crt0.o
LOAD src/ASF/common2/components/memory/eeprom/at30tse75x/at30tse75x.o
LOAD src/ASF/common/utils/interrupt/interrupt_sam_nvic.o
LOAD src/ASF/sam0/boards/samb11_xplained_pro/board_init.o
LOAD src/ASF/sam0/drivers/dualtimer/dualtimer.o
LOAD src/ASF/sam0/drivers/gpio/gpio.o
LOAD src/ASF/sam0/drivers/i2c/i2c_master.o
LOAD src/ASF/sam0/drivers/i2c/i2c_master_interrupt.o
LOAD src/ASF/sam0/drivers/system/system_sam_b.o
LOAD src/ASF/sam0/drivers/timer/timer.o
LOAD src/ASF/sam0/drivers/uart/uart.o
LOAD src/ASF/sam0/utils/cmsis/samb11/source/gcc/startup_samb11.o
LOAD src/ASF/sam0/utils/cmsis/samb11/source/system_samb11.o
LOAD src/ASF/sam0/utils/stdio/read.o
LOAD src/ASF/sam0/utils/stdio/write.o
LOAD src/ASF/sam0/utils/syscalls/gcc/syscalls.o
LOAD src/ASF/thirdparty/wireless/ble_smart_sdk/ble_profiles/pxp_monitor/pxp_monitor.o
LOAD src/ASF/thirdparty/wireless/ble_smart_sdk/ble_services/battery/battery.o
LOAD src/ASF/thirdparty/wireless/ble_smart_sdk/ble_services/ble_mgr/ble_manager.o
LOAD src/ASF/thirdparty/wireless/ble_smart_sdk/ble_services/immediate_alert/immediate_alert.o
LOAD src/ASF/thirdparty/wireless/ble_smart_sdk/ble_services/link_loss/link_loss.o
LOAD src/ASF/thirdparty/wireless/ble_smart_sdk/ble_services/tx_power/tx_power.o
LOAD src/ASF/thirdparty/wireless/ble_smart_sdk/services/button.o
LOAD src/ASF/thirdparty/wireless/ble_smart_sdk/services/console_serial.o
LOAD src/ASF/thirdparty/wireless/ble_smart_sdk/services/led.o
LOAD src/ASF/thirdparty/wireless/ble_smart_sdk/services/timer_hw.o
LOAD src/ASF/thirdparty/wireless/ble_smart_sdk/src/event_handler.o
LOAD src/ASF/thirdparty/wireless/ble_smart_sdk/src/platform_drv.o
LOAD src/ASF/thirdparty/wireless/ble_smart_sdk/src/port_from_sdk.o
LOAD src/multirole_multiconnect.o
START GROUP
LOAD ../src/ASF/thirdparty/CMSIS/Lib/GCC\libarm_cortexM0l_math.a
LOAD ../src/ASF/thirdparty/wireless/ble_smart_sdk/lib/cm0/gcc\libblusdk.a
LOAD c:/program files (x86)/atmel/studio/7.0/toolchain/arm/arm-gnu-toolchain/bin/../lib/gcc/arm-none-eabi/4.9.3/../../../../arm-none-eabi/lib/armv6-m\libm.a
END GROUP
START GROUP
LOAD c:/program files (x86)/atmel/studio/7.0/toolchain/arm/arm-gnu-toolchain/bin/../lib/gcc/arm-none-eabi/4.9.3/armv6-m\libgcc.a
LOAD c:/program files (x86)/atmel/studio/7.0/toolchain/arm/arm-gnu-toolchain/bin/../lib/gcc/arm-none-eabi/4.9.3/../../../../arm-none-eabi/lib/armv6-m\libc_nano.a
END GROUP
START GROUP
LOAD c:/program files (x86)/atmel/studio/7.0/toolchain/arm/arm-gnu-toolchain/bin/../lib/gcc/arm-none-eabi/4.9.3/armv6-m\libgcc.a
LOAD c:/program files (x86)/atmel/studio/7.0/toolchain/arm/arm-gnu-toolchain/bin/../lib/gcc/arm-none-eabi/4.9.3/../../../../arm-none-eabi/lib/armv6-m\libc_nano.a
END GROUP
LOAD c:/program files (x86)/atmel/studio/7.0/toolchain/arm/arm-gnu-toolchain/bin/../lib/gcc/arm-none-eabi/4.9.3/armv6-m/crtend.o
LOAD c:/program files (x86)/atmel/studio/7.0/toolchain/arm/arm-gnu-toolchain/bin/../lib/gcc/arm-none-eabi/4.9.3/armv6-m/crtn.o
                0x00000800                STACK_SIZE = DEFINED (STACK_SIZE)?STACK_SIZE:DEFINED (__stack_size__)?__stack_size__:0x800

.text           0x10008000     0x9b98
                0x10008000                . = ALIGN (0x4)
                0x10008000                _sfixed = .
 *(.test.main .text.app_entry)
 .text.app_entry
                0x10008000       0x88 src/ASF/sam0/utils/cmsis/samb11/source/gcc/startup_samb11.o
                0x10008000                app_entry
 *(.text .text.* .gnu.linkonce.t.*)
 .text          0x10008088       0x60 c:/program files (x86)/atmel/studio/7.0/toolchain/arm/arm-gnu-toolchain/bin/../lib/gcc/arm-none-eabi/4.9.3/armv6-m/crtbegin.o
 .text.dualtimer_isr_handler
                0x100080e8       0x44 src/ASF/sam0/drivers/dualtimer/dualtimer.o
 .text.dualtimer_get_config_defaults
                0x1000812c       0x24 src/ASF/sam0/drivers/dualtimer/dualtimer.o
                0x1000812c                dualtimer_get_config_defaults
 .text.dualtimer_set_counter
                0x10008150       0x28 src/ASF/sam0/drivers/dualtimer/dualtimer.o
                0x10008150                dualtimer_set_counter
 .text.dualtimer_enable
                0x10008178       0x24 src/ASF/sam0/drivers/dualtimer/dualtimer.o
                0x10008178                dualtimer_enable
 .text.dualtimer_disable
                0x1000819c       0x24 src/ASF/sam0/drivers/dualtimer/dualtimer.o
                0x1000819c                dualtimer_disable
 .text.dualtimer_init
                0x100081c0      0x104 src/ASF/sam0/drivers/dualtimer/dualtimer.o
                0x100081c0                dualtimer_init
 .text.dualtimer_register_callback
                0x100082c4       0x18 src/ASF/sam0/drivers/dualtimer/dualtimer.o
                0x100082c4                dualtimer_register_callback
 .text.gpio_pinmux_cofiguration
                0x100082dc      0x158 src/ASF/sam0/drivers/gpio/gpio.o
                0x100082dc                gpio_pinmux_cofiguration
 .text.system_clock_config
                0x10008434       0x84 src/ASF/sam0/drivers/system/system_sam_b.o
                0x10008434                system_clock_config
 .text.system_clock_get_value
                0x100084b8        0xc src/ASF/sam0/drivers/system/system_sam_b.o
                0x100084b8                system_clock_get_value
 .text.system_clock_peripheral_enable
                0x100084c4      0x35c src/ASF/sam0/drivers/system/system_sam_b.o
                0x100084c4                system_clock_peripheral_enable
 .text.system_peripheral_reset
                0x10008820      0x468 src/ASF/sam0/drivers/system/system_sam_b.o
                0x10008820                system_peripheral_reset
 .text.system_register_isr
                0x10008c88       0x10 src/ASF/sam0/drivers/system/system_sam_b.o
                0x10008c88                system_register_isr
 .text.uart_rx0_isr_handler
                0x10008c98       0x88 src/ASF/sam0/drivers/uart/uart.o
 .text.uart_tx0_isr_handler
                0x10008d20       0x8c src/ASF/sam0/drivers/uart/uart.o
 .text.uart_rx1_isr_handler
                0x10008dac       0x88 src/ASF/sam0/drivers/uart/uart.o
 .text.uart_tx1_isr_handler
                0x10008e34       0x8c src/ASF/sam0/drivers/uart/uart.o
 .text.uart_get_config_defaults
                0x10008ec0       0x2c src/ASF/sam0/drivers/uart/uart.o
                0x10008ec0                uart_get_config_defaults
 .text.uart_init
                0x10008eec      0x19c src/ASF/sam0/drivers/uart/uart.o
                0x10008eec                uart_init
 .text.uart_write_wait
                0x10009088       0x10 src/ASF/sam0/drivers/uart/uart.o
                0x10009088                uart_write_wait
 .text.uart_read_wait
                0x10009098       0x14 src/ASF/sam0/drivers/uart/uart.o
                0x10009098                uart_read_wait
 .text.uart_read_buffer_job
                0x100090ac       0x28 src/ASF/sam0/drivers/uart/uart.o
                0x100090ac                uart_read_buffer_job
 .text.uart_register_callback
                0x100090d4       0x18 src/ASF/sam0/drivers/uart/uart.o
                0x100090d4                uart_register_callback
 .text.uart_unregister_callback
                0x100090ec       0x18 src/ASF/sam0/drivers/uart/uart.o
                0x100090ec                uart_unregister_callback
 .text.uart_enable_callback
                0x10009104       0x20 src/ASF/sam0/drivers/uart/uart.o
                0x10009104                uart_enable_callback
 .text.uart_disable_callback
                0x10009124       0x20 src/ASF/sam0/drivers/uart/uart.o
                0x10009124                uart_disable_callback
 .text._read    0x10009144       0x44 src/ASF/sam0/utils/stdio/read.o
                0x10009144                _read
 .text._write   0x10009188       0x50 src/ASF/sam0/utils/stdio/write.o
                0x10009188                _write
 .text._sbrk    0x100091d8       0x24 src/ASF/sam0/utils/syscalls/gcc/syscalls.o
                0x100091d8                _sbrk
 .text._close   0x100091fc        0x8 src/ASF/sam0/utils/syscalls/gcc/syscalls.o
                0x100091fc                _close
 .text._fstat   0x10009204        0xc src/ASF/sam0/utils/syscalls/gcc/syscalls.o
                0x10009204                _fstat
 .text._isatty  0x10009210        0x4 src/ASF/sam0/utils/syscalls/gcc/syscalls.o
                0x10009210                _isatty
 .text._lseek   0x10009214        0x4 src/ASF/sam0/utils/syscalls/gcc/syscalls.o
                0x10009214                _lseek
 .text.pxp_monitor_service_found_handler
                0x10009218       0x70 src/ASF/thirdparty/wireless/ble_smart_sdk/ble_profiles/pxp_monitor/pxp_monitor.o
                0x10009218                pxp_monitor_service_found_handler
 .text.pxp_monitor_characteristic_found_handler
                0x10009288       0xec src/ASF/thirdparty/wireless/ble_smart_sdk/ble_profiles/pxp_monitor/pxp_monitor.o
                0x10009288                pxp_monitor_characteristic_found_handler
 .text.pxp_monitor_discovery_complete_handler
                0x10009374      0x140 src/ASF/thirdparty/wireless/ble_smart_sdk/ble_profiles/pxp_monitor/pxp_monitor.o
                0x10009374                pxp_monitor_discovery_complete_handler
 .text.pxp_monitor_characteristic_read_response
                0x100094b4      0x154 src/ASF/thirdparty/wireless/ble_smart_sdk/ble_profiles/pxp_monitor/pxp_monitor.o
                0x100094b4                pxp_monitor_characteristic_read_response
 .text.pxp_monitor_init
                0x10009608       0x48 src/ASF/thirdparty/wireless/ble_smart_sdk/ble_profiles/pxp_monitor/pxp_monitor.o
                0x10009608                pxp_monitor_init
 .text.pxp_monitor_connect_request
                0x10009650       0x78 src/ASF/thirdparty/wireless/ble_smart_sdk/ble_profiles/pxp_monitor/pxp_monitor.o
                0x10009650                pxp_monitor_connect_request
 .text.pxp_monitor_scan_data_handler
                0x100096c8      0x1e4 src/ASF/thirdparty/wireless/ble_smart_sdk/ble_profiles/pxp_monitor/pxp_monitor.o
                0x100096c8                pxp_monitor_scan_data_handler
 .text.pxp_monitor_start_scan
                0x100098ac       0xdc src/ASF/thirdparty/wireless/ble_smart_sdk/ble_profiles/pxp_monitor/pxp_monitor.o
                0x100098ac                pxp_monitor_start_scan
 .text.pxp_disconnect_event_handler
                0x10009988       0x98 src/ASF/thirdparty/wireless/ble_smart_sdk/ble_profiles/pxp_monitor/pxp_monitor.o
                0x10009988                pxp_disconnect_event_handler
 .text.pxp_monitor_service_discover
                0x10009a20       0x38 src/ASF/thirdparty/wireless/ble_smart_sdk/ble_profiles/pxp_monitor/pxp_monitor.o
                0x10009a20                pxp_monitor_service_discover
 .text.pxp_monitor_pair_done_handler
                0x10009a58       0x40 src/ASF/thirdparty/wireless/ble_smart_sdk/ble_profiles/pxp_monitor/pxp_monitor.o
                0x10009a58                pxp_monitor_pair_done_handler
 .text.pxp_monitor_encryption_change_handler
                0x10009a98       0x38 src/ASF/thirdparty/wireless/ble_smart_sdk/ble_profiles/pxp_monitor/pxp_monitor.o
                0x10009a98                pxp_monitor_encryption_change_handler
 .text.pxp_monitor_connected_state_handler
                0x10009ad0       0x30 src/ASF/thirdparty/wireless/ble_smart_sdk/ble_profiles/pxp_monitor/pxp_monitor.o
                0x10009ad0                pxp_monitor_connected_state_handler
 .text.register_hw_timer_start_func_cb
                0x10009b00        0xc src/ASF/thirdparty/wireless/ble_smart_sdk/ble_profiles/pxp_monitor/pxp_monitor.o
                0x10009b00                register_hw_timer_start_func_cb
 .text.register_hw_timer_stop_func_cb
                0x10009b0c        0xc src/ASF/thirdparty/wireless/ble_smart_sdk/ble_profiles/pxp_monitor/pxp_monitor.o
                0x10009b0c                register_hw_timer_stop_func_cb
 .text.ble_undefined_event_handler
                0x10009b18        0x4 src/ASF/thirdparty/wireless/ble_smart_sdk/ble_services/ble_mgr/ble_manager.o
                0x10009b18                ble_undefined_event_handler
 .text.ble_mtu_changed_indication_handler
                0x10009b1c        0x4 src/ASF/thirdparty/wireless/ble_smart_sdk/ble_services/ble_mgr/ble_manager.o
                0x10009b1c                ble_mtu_changed_indication_handler
 .text.ble_characteristic_write_cmd_complete_handler
                0x10009b20        0xc src/ASF/thirdparty/wireless/ble_smart_sdk/ble_services/ble_mgr/ble_manager.o
                0x10009b20                ble_characteristic_write_cmd_complete_handler
 .text.ble_conn_param_update
                0x10009b2c        0x4 src/ASF/thirdparty/wireless/ble_smart_sdk/ble_services/ble_mgr/ble_manager.o
                0x10009b2c                ble_conn_param_update
 .text.ble_scan_report_handler
                0x10009b30       0x28 src/ASF/thirdparty/wireless/ble_smart_sdk/ble_services/ble_mgr/ble_manager.o
                0x10009b30                ble_scan_report_handler
 .text.ble_mtu_changed_cmd_complete_handler
                0x10009b58       0x30 src/ASF/thirdparty/wireless/ble_smart_sdk/ble_services/ble_mgr/ble_manager.o
                0x10009b58                ble_mtu_changed_cmd_complete_handler
 .text.ble_disconnected_state_handler
                0x10009b88       0x88 src/ASF/thirdparty/wireless/ble_smart_sdk/ble_services/ble_mgr/ble_manager.o
                0x10009b88                ble_disconnected_state_handler
 .text.ble_encryption_status_change_handler
                0x10009c10       0xbc src/ASF/thirdparty/wireless/ble_smart_sdk/ble_services/ble_mgr/ble_manager.o
                0x10009c10                ble_encryption_status_change_handler
 .text.ble_scan_info_handler
                0x10009ccc       0x80 src/ASF/thirdparty/wireless/ble_smart_sdk/ble_services/ble_mgr/ble_manager.o
                0x10009ccc                ble_scan_info_handler
 .text.ble_pair_done_handler
                0x10009d4c      0x118 src/ASF/thirdparty/wireless/ble_smart_sdk/ble_services/ble_mgr/ble_manager.o
                0x10009d4c                ble_pair_done_handler
 .text.ble_conn_param_update_req
                0x10009e64       0x18 src/ASF/thirdparty/wireless/ble_smart_sdk/ble_services/ble_mgr/ble_manager.o
                0x10009e64                ble_conn_param_update_req
 .text.ble_slave_security_request_handler
                0x10009e7c      0x1ec src/ASF/thirdparty/wireless/ble_smart_sdk/ble_services/ble_mgr/ble_manager.o
                0x10009e7c                ble_slave_security_request_handler
 .text.ble_pair_request_handler
                0x1000a068      0x154 src/ASF/thirdparty/wireless/ble_smart_sdk/ble_services/ble_mgr/ble_manager.o
                0x1000a068                ble_pair_request_handler
 .text.ble_pair_key_request_handler
                0x1000a1bc      0x160 src/ASF/thirdparty/wireless/ble_smart_sdk/ble_services/ble_mgr/ble_manager.o
                0x1000a1bc                ble_pair_key_request_handler
 .text.ble_encryption_request_handler
                0x1000a31c       0xf0 src/ASF/thirdparty/wireless/ble_smart_sdk/ble_services/ble_mgr/ble_manager.o
                0x1000a31c                ble_encryption_request_handler
 .text.ble_mgr_events_callback_handler
                0x1000a40c       0xd0 src/ASF/thirdparty/wireless/ble_smart_sdk/ble_services/ble_mgr/ble_manager.o
                0x1000a40c                ble_mgr_events_callback_handler
 .text.ble_device_init
                0x1000a4dc      0x294 src/ASF/thirdparty/wireless/ble_smart_sdk/ble_services/ble_mgr/ble_manager.o
                0x1000a4dc                ble_device_init
 .text.gap_dev_connect
                0x1000a770       0x48 src/ASF/thirdparty/wireless/ble_smart_sdk/ble_services/ble_mgr/ble_manager.o
                0x1000a770                gap_dev_connect
 .text.gap_dev_scan
                0x1000a7b8       0x44 src/ASF/thirdparty/wireless/ble_smart_sdk/ble_services/ble_mgr/ble_manager.o
                0x1000a7b8                gap_dev_scan
 .text.scan_info_parse
                0x1000a7fc       0xf8 src/ASF/thirdparty/wireless/ble_smart_sdk/ble_services/ble_mgr/ble_manager.o
                0x1000a7fc                scan_info_parse
 .text.ble_send_slave_sec_request
                0x1000a8f4       0x34 src/ASF/thirdparty/wireless/ble_smart_sdk/ble_services/ble_mgr/ble_manager.o
                0x1000a8f4                ble_send_slave_sec_request
 .text.ble_connected_state_handler
                0x1000a928      0x238 src/ASF/thirdparty/wireless/ble_smart_sdk/ble_services/ble_mgr/ble_manager.o
                0x1000a928                ble_connected_state_handler
 .text.ble_resolv_rand_addr_handler
                0x1000ab60       0xec src/ASF/thirdparty/wireless/ble_smart_sdk/ble_services/ble_mgr/ble_manager.o
                0x1000ab60                ble_resolv_rand_addr_handler
 .text.ble_connected_device_role
                0x1000ac4c       0x3c src/ASF/thirdparty/wireless/ble_smart_sdk/ble_services/ble_mgr/ble_manager.o
                0x1000ac4c                ble_connected_device_role
 .text.ble_check_iscentral
                0x1000ac88       0x30 src/ASF/thirdparty/wireless/ble_smart_sdk/ble_services/ble_mgr/ble_manager.o
                0x1000ac88                ble_check_iscentral
 .text.ble_disconnected_device_role
                0x1000acb8       0x3c src/ASF/thirdparty/wireless/ble_smart_sdk/ble_services/ble_mgr/ble_manager.o
                0x1000acb8                ble_disconnected_device_role
 .text.ble_check_disconnected_iscentral
                0x1000acf4       0x2c src/ASF/thirdparty/wireless/ble_smart_sdk/ble_services/ble_mgr/ble_manager.o
                0x1000acf4                ble_check_disconnected_iscentral
 .text.ble_check_device_state
                0x1000ad20       0x2c src/ASF/thirdparty/wireless/ble_smart_sdk/ble_services/ble_mgr/ble_manager.o
                0x1000ad20                ble_check_device_state
 .text.ble_event_manager
                0x1000ad4c      0x128 src/ASF/thirdparty/wireless/ble_smart_sdk/ble_services/ble_mgr/ble_manager.o
                0x1000ad4c                ble_event_manager
 .text.ble_event_task
                0x1000ae74       0x30 src/ASF/thirdparty/wireless/ble_smart_sdk/ble_services/ble_mgr/ble_manager.o
                0x1000ae74                ble_event_task
 .text.uart_read_complete_callback
                0x1000aea4        0xc src/ASF/thirdparty/wireless/ble_smart_sdk/services/console_serial.o
 .text.usart_serial_getchar
                0x1000aeb0       0x18 src/ASF/thirdparty/wireless/ble_smart_sdk/services/console_serial.o
 .text.usart_serial_putchar
                0x1000aec8       0x18 src/ASF/thirdparty/wireless/ble_smart_sdk/services/console_serial.o
 .text.serial_console_init
                0x1000aee0       0x94 src/ASF/thirdparty/wireless/ble_smart_sdk/services/console_serial.o
                0x1000aee0                serial_console_init
 .text._time_start
                0x1000af74       0x58 src/ASF/thirdparty/wireless/ble_smart_sdk/services/console_serial.o
                0x1000af74                _time_start
 .text._time_done
                0x1000afcc       0x10 src/ASF/thirdparty/wireless/ble_smart_sdk/services/console_serial.o
                0x1000afcc                _time_done
 .text.getchar_b11_timeout
                0x1000afdc       0x90 src/ASF/thirdparty/wireless/ble_smart_sdk/services/console_serial.o
                0x1000afdc                getchar_b11_timeout
 .text.getchar_b11
                0x1000b06c       0x54 src/ASF/thirdparty/wireless/ble_smart_sdk/services/console_serial.o
                0x1000b06c                getchar_b11
 .text.dualtimer_callback2
                0x1000b0c0       0x14 src/ASF/thirdparty/wireless/ble_smart_sdk/services/timer_hw.o
                0x1000b0c0                dualtimer_callback2
 .text.hw_timer_init
                0x1000b0d4       0x2c src/ASF/thirdparty/wireless/ble_smart_sdk/services/timer_hw.o
                0x1000b0d4                hw_timer_init
 .text.hw_timer_register_callback
                0x1000b100       0x34 src/ASF/thirdparty/wireless/ble_smart_sdk/services/timer_hw.o
                0x1000b100                hw_timer_register_callback
 .text.hw_timer_start
                0x1000b134       0x2c src/ASF/thirdparty/wireless/ble_smart_sdk/services/timer_hw.o
                0x1000b134                hw_timer_start
 .text.hw_timer_stop
                0x1000b160       0x10 src/ASF/thirdparty/wireless/ble_smart_sdk/services/timer_hw.o
                0x1000b160                hw_timer_stop
 .text.platform_event_free
                0x1000b170       0x10 src/ASF/thirdparty/wireless/ble_smart_sdk/src/event_handler.o
                0x1000b170                platform_event_free
 .text.platform_event_post
                0x1000b180       0x38 src/ASF/thirdparty/wireless/ble_smart_sdk/src/event_handler.o
                0x1000b180                platform_event_post
 .text.platform_event_init
                0x1000b1b8       0x30 src/ASF/thirdparty/wireless/ble_smart_sdk/src/event_handler.o
                0x1000b1b8                platform_event_init
 .text.at_ke_msg_send
                0x1000b1e8       0x6c src/ASF/thirdparty/wireless/ble_smart_sdk/src/platform_drv.o
 .text.samb11_plf_resume_callback
                0x1000b254       0x2c src/ASF/thirdparty/wireless/ble_smart_sdk/src/platform_drv.o
                0x1000b254                samb11_plf_resume_callback
 .text.init_port_list
                0x1000b280       0x4c src/ASF/thirdparty/wireless/ble_smart_sdk/src/platform_drv.o
                0x1000b280                init_port_list
 .text.init_clock
                0x1000b2cc       0x30 src/ASF/thirdparty/wireless/ble_smart_sdk/src/platform_drv.o
                0x1000b2cc                init_clock
 .text.platform_driver_init
                0x1000b2fc      0x200 src/ASF/thirdparty/wireless/ble_smart_sdk/src/platform_drv.o
                0x1000b2fc                platform_driver_init
 .text.platform_register_ble_msg_handler
                0x1000b4fc       0x1c src/ASF/thirdparty/wireless/ble_smart_sdk/src/platform_drv.o
                0x1000b4fc                platform_register_ble_msg_handler
 .text.platform_interface_send
                0x1000b518       0x50 src/ASF/thirdparty/wireless/ble_smart_sdk/src/platform_drv.o
                0x1000b518                platform_interface_send
 .text.send_plf_int_msg_ind
                0x1000b568       0x58 src/ASF/thirdparty/wireless/ble_smart_sdk/src/platform_drv.o
                0x1000b568                send_plf_int_msg_ind
 .text.platform_event_wait
                0x1000b5c0      0x264 src/ASF/thirdparty/wireless/ble_smart_sdk/src/platform_drv.o
                0x1000b5c0                platform_event_wait
 .text.acquire_sleep_lock
                0x1000b824       0x70 src/ASF/thirdparty/wireless/ble_smart_sdk/src/platform_drv.o
                0x1000b824                acquire_sleep_lock
 .text.gpio1_combined_isr_handler
                0x1000b894       0x70 src/ASF/thirdparty/wireless/ble_smart_sdk/src/port_from_sdk.o
                0x1000b894                gpio1_combined_isr_handler
 .text.gpio0_combined_isr_handler
                0x1000b904       0x6c src/ASF/thirdparty/wireless/ble_smart_sdk/src/port_from_sdk.o
                0x1000b904                gpio0_combined_isr_handler
 .text.PORT1_COMB_Handler
                0x1000b970       0x44 src/ASF/thirdparty/wireless/ble_smart_sdk/src/port_from_sdk.o
                0x1000b970                PORT1_COMB_Handler
 .text.timer_callback_handler
                0x1000b9b4       0x38 src/multirole_multiconnect.o
 .text.main     0x1000b9ec      0x12c src/multirole_multiconnect.o
                0x1000b9ec                main
 .text.internal_event_post
                0x1000bb18       0x3c ../src/ASF/thirdparty/wireless/ble_smart_sdk/lib/cm0/gcc\libblusdk.a(event.o)
                0x1000bb18                internal_event_post
 .text.internal_event_init
                0x1000bb54       0x30 ../src/ASF/thirdparty/wireless/ble_smart_sdk/lib/cm0/gcc\libblusdk.a(event.o)
                0x1000bb54                internal_event_init
 .text.special_events_handler
                0x1000bb84       0x90 ../src/ASF/thirdparty/wireless/ble_smart_sdk/lib/cm0/gcc\libblusdk.a(event.o)
                0x1000bb84                special_events_handler
 .text.at_ble_event_get
                0x1000bc14      0x628 ../src/ASF/thirdparty/wireless/ble_smart_sdk/lib/cm0/gcc\libblusdk.a(event.o)
                0x1000bc14                at_ble_event_get
 .text.internal_event_flush
                0x1000c23c       0x44 ../src/ASF/thirdparty/wireless/ble_smart_sdk/lib/cm0/gcc\libblusdk.a(event.o)
                0x1000c23c                internal_event_flush
 .text.internal_conn_flush
                0x1000c280       0x54 ../src/ASF/thirdparty/wireless/ble_smart_sdk/lib/cm0/gcc\libblusdk.a(event.o)
                0x1000c280                internal_conn_flush
 .text.at_ble_device_name_set
                0x1000c2d4       0x34 ../src/ASF/thirdparty/wireless/ble_smart_sdk/lib/cm0/gcc\libblusdk.a(gap.o)
                0x1000c2d4                at_ble_device_name_set
 .text.at_ble_addr_get
                0x1000c308       0x24 ../src/ASF/thirdparty/wireless/ble_smart_sdk/lib/cm0/gcc\libblusdk.a(gap.o)
                0x1000c308                at_ble_addr_get
 .text.at_ble_set_dev_config
                0x1000c32c       0x90 ../src/ASF/thirdparty/wireless/ble_smart_sdk/lib/cm0/gcc\libblusdk.a(gap.o)
                0x1000c32c                at_ble_set_dev_config
 .text.at_ble_init
                0x1000c3bc      0x198 ../src/ASF/thirdparty/wireless/ble_smart_sdk/lib/cm0/gcc\libblusdk.a(gap.o)
                0x1000c3bc                at_ble_init
 .text.at_ble_addr_set
                0x1000c554       0x54 ../src/ASF/thirdparty/wireless/ble_smart_sdk/lib/cm0/gcc\libblusdk.a(gap.o)
                0x1000c554                at_ble_addr_set
 .text.at_ble_scan_start
                0x1000c5a8       0x90 ../src/ASF/thirdparty/wireless/ble_smart_sdk/lib/cm0/gcc\libblusdk.a(gap.o)
                0x1000c5a8                at_ble_scan_start
 .text.at_ble_scan_stop
                0x1000c638       0x20 ../src/ASF/thirdparty/wireless/ble_smart_sdk/lib/cm0/gcc\libblusdk.a(gap.o)
                0x1000c638                at_ble_scan_stop
 .text.at_ble_connect
                0x1000c658       0xd8 ../src/ASF/thirdparty/wireless/ble_smart_sdk/lib/cm0/gcc\libblusdk.a(gap.o)
                0x1000c658                at_ble_connect
 .text.at_ble_disconnect
                0x1000c730       0x20 ../src/ASF/thirdparty/wireless/ble_smart_sdk/lib/cm0/gcc\libblusdk.a(gap.o)
                0x1000c730                at_ble_disconnect
 .text.at_ble_conn_update_reply
                0x1000c750        0xc ../src/ASF/thirdparty/wireless/ble_smart_sdk/lib/cm0/gcc\libblusdk.a(gap.o)
                0x1000c750                at_ble_conn_update_reply
 .text.at_ble_random_address_resolve
                0x1000c75c       0x28 ../src/ASF/thirdparty/wireless/ble_smart_sdk/lib/cm0/gcc\libblusdk.a(gap.o)
                0x1000c75c                at_ble_random_address_resolve
 .text.at_ble_connect_cancel
                0x1000c784       0x14 ../src/ASF/thirdparty/wireless/ble_smart_sdk/lib/cm0/gcc\libblusdk.a(gap.o)
                0x1000c784                at_ble_connect_cancel
 .text.at_ble_uuid_len2type
                0x1000c798       0x14 ../src/ASF/thirdparty/wireless/ble_smart_sdk/lib/cm0/gcc\libblusdk.a(gap.o)
                0x1000c798                at_ble_uuid_len2type
 .text.init_gatt_client_module
                0x1000c7ac        0xc ../src/ASF/thirdparty/wireless/ble_smart_sdk/lib/cm0/gcc\libblusdk.a(gatt_client.o)
                0x1000c7ac                init_gatt_client_module
 .text.at_ble_primary_service_discover_all
                0x1000c7b8       0x28 ../src/ASF/thirdparty/wireless/ble_smart_sdk/lib/cm0/gcc\libblusdk.a(gatt_client.o)
                0x1000c7b8                at_ble_primary_service_discover_all
 .text.at_ble_characteristic_discover_all
                0x1000c7e0       0x28 ../src/ASF/thirdparty/wireless/ble_smart_sdk/lib/cm0/gcc\libblusdk.a(gatt_client.o)
                0x1000c7e0                at_ble_characteristic_discover_all
 .text.at_ble_characteristic_read
                0x1000c808       0x34 ../src/ASF/thirdparty/wireless/ble_smart_sdk/lib/cm0/gcc\libblusdk.a(gatt_client.o)
                0x1000c808                at_ble_characteristic_read
 .text.db_searchATT
                0x1000c83c       0x40 ../src/ASF/thirdparty/wireless/ble_smart_sdk/lib/cm0/gcc\libblusdk.a(gatt_server.o)
 .text.at_ble_read_authorize_reply.part.2
                0x1000c87c       0x30 ../src/ASF/thirdparty/wireless/ble_smart_sdk/lib/cm0/gcc\libblusdk.a(gatt_server.o)
 .text.initi_gatt_server_module
                0x1000c8ac       0x34 ../src/ASF/thirdparty/wireless/ble_smart_sdk/lib/cm0/gcc\libblusdk.a(gatt_server.o)
                0x1000c8ac                initi_gatt_server_module
 .text.db_init  0x1000c8e0       0x44 ../src/ASF/thirdparty/wireless/ble_smart_sdk/lib/cm0/gcc\libblusdk.a(gatt_server.o)
                0x1000c8e0                db_init
 .text.at_ble_characteristic_value_set
                0x1000c924       0x3c ../src/ASF/thirdparty/wireless/ble_smart_sdk/lib/cm0/gcc\libblusdk.a(gatt_server.o)
                0x1000c924                at_ble_characteristic_value_set
 .text.at_ble_characteristic_value_get
                0x1000c960       0x40 ../src/ASF/thirdparty/wireless/ble_smart_sdk/lib/cm0/gcc\libblusdk.a(gatt_server.o)
                0x1000c960                at_ble_characteristic_value_get
 .text.at_ble_write_authorize_reply
                0x1000c9a0       0x88 ../src/ASF/thirdparty/wireless/ble_smart_sdk/lib/cm0/gcc\libblusdk.a(gatt_server.o)
                0x1000c9a0                at_ble_write_authorize_reply
 .text.gatts_handle_read_req
                0x1000ca28       0x30 ../src/ASF/thirdparty/wireless/ble_smart_sdk/lib/cm0/gcc\libblusdk.a(gatt_server.o)
                0x1000ca28                gatts_handle_read_req
 .text.gatts_handle_att_info_req
                0x1000ca58       0x3c ../src/ASF/thirdparty/wireless/ble_smart_sdk/lib/cm0/gcc\libblusdk.a(gatt_server.o)
                0x1000ca58                gatts_handle_att_info_req
 .text.gatts_handle_write_req
                0x1000ca94       0x30 ../src/ASF/thirdparty/wireless/ble_smart_sdk/lib/cm0/gcc\libblusdk.a(gatt_server.o)
                0x1000ca94                gatts_handle_write_req
 .text.init_l2cc_task_module
                0x1000cac4        0xc ../src/ASF/thirdparty/wireless/ble_smart_sdk/lib/cm0/gcc\libblusdk.a(l2cc_task.o)
                0x1000cac4                init_l2cc_task_module
 .text.l2cc_data_send_rsp_handler
                0x1000cad0       0x2c ../src/ASF/thirdparty/wireless/ble_smart_sdk/lib/cm0/gcc\libblusdk.a(l2cc_task.o)
                0x1000cad0                l2cc_data_send_rsp_handler
 .text.l2cc_data_received_handler
                0x1000cafc       0x30 ../src/ASF/thirdparty/wireless/ble_smart_sdk/lib/cm0/gcc\libblusdk.a(l2cc_task.o)
                0x1000cafc                l2cc_data_received_handler
 .text.at_ble_authenticate
                0x1000cb2c      0x130 ../src/ASF/thirdparty/wireless/ble_smart_sdk/lib/cm0/gcc\libblusdk.a(security.o)
                0x1000cb2c                at_ble_authenticate
 .text.at_ble_pair_key_reply
                0x1000cc5c       0x7c ../src/ASF/thirdparty/wireless/ble_smart_sdk/lib/cm0/gcc\libblusdk.a(security.o)
                0x1000cc5c                at_ble_pair_key_reply
 .text.at_ble_send_slave_sec_request
                0x1000ccd8       0x40 ../src/ASF/thirdparty/wireless/ble_smart_sdk/lib/cm0/gcc\libblusdk.a(security.o)
                0x1000ccd8                at_ble_send_slave_sec_request
 .text.at_ble_encryption_start
                0x1000cd18       0x78 ../src/ASF/thirdparty/wireless/ble_smart_sdk/lib/cm0/gcc\libblusdk.a(security.o)
                0x1000cd18                at_ble_encryption_start
 .text.at_ble_encryption_request_reply
                0x1000cd90       0x34 ../src/ASF/thirdparty/wireless/ble_smart_sdk/lib/cm0/gcc\libblusdk.a(security.o)
                0x1000cd90                at_ble_encryption_request_reply
 .text.rx_callback
                0x1000cdc4       0x88 ../src/ASF/thirdparty/wireless/ble_smart_sdk/lib/cm0/gcc\libblusdk.a(interface.o)
                0x1000cdc4                rx_callback
 .text.interface_send
                0x1000ce4c       0x10 ../src/ASF/thirdparty/wireless/ble_smart_sdk/lib/cm0/gcc\libblusdk.a(interface.o)
                0x1000ce4c                interface_send
 .text.interface_init
                0x1000ce5c       0x40 ../src/ASF/thirdparty/wireless/ble_smart_sdk/lib/cm0/gcc\libblusdk.a(interface.o)
                0x1000ce5c                interface_init
 .text.platform_cmd_cmpl_signal
                0x1000ce9c        0xc ../src/ASF/thirdparty/wireless/ble_smart_sdk/lib/cm0/gcc\libblusdk.a(interface.o)
                0x1000ce9c                platform_cmd_cmpl_signal
 .text.platform_cmd_cmpl_wait
                0x1000cea8       0x2c ../src/ASF/thirdparty/wireless/ble_smart_sdk/lib/cm0/gcc\libblusdk.a(interface.o)
                0x1000cea8                platform_cmd_cmpl_wait
 .text.start_timer
                0x1000ced4        0x2 ../src/ASF/thirdparty/wireless/ble_smart_sdk/lib/cm0/gcc\libblusdk.a(interface.o)
                0x1000ced4                start_timer
 .text.stop_timer
                0x1000ced6        0x2 ../src/ASF/thirdparty/wireless/ble_smart_sdk/lib/cm0/gcc\libblusdk.a(interface.o)
                0x1000ced6                stop_timer
 .text.dbg_le_set_bd_addr_req_handler
                0x1000ced8       0x7c ../src/ASF/thirdparty/wireless/ble_smart_sdk/lib/cm0/gcc\libblusdk.a(dbg_task.o)
                0x1000ced8                dbg_le_set_bd_addr_req_handler
 .text.gapc_get_dev_info_cfm.constprop.1
                0x1000cf54       0xc0 ../src/ASF/thirdparty/wireless/ble_smart_sdk/lib/cm0/gcc\libblusdk.a(gapc_task.o)
 .text.check_ConnData_idx_role
                0x1000d014       0x3c ../src/ASF/thirdparty/wireless/ble_smart_sdk/lib/cm0/gcc\libblusdk.a(gapc_task.o)
                0x1000d014                check_ConnData_idx_role
 .text.check_ConnData_emptyEntry
                0x1000d050       0x28 ../src/ASF/thirdparty/wireless/ble_smart_sdk/lib/cm0/gcc\libblusdk.a(gapc_task.o)
                0x1000d050                check_ConnData_emptyEntry
 .text.gapc_cmp_evt
                0x1000d078       0xd0 ../src/ASF/thirdparty/wireless/ble_smart_sdk/lib/cm0/gcc\libblusdk.a(gapc_task.o)
                0x1000d078                gapc_cmp_evt
 .text.gapc_connection_cfm_handler
                0x1000d148       0xc4 ../src/ASF/thirdparty/wireless/ble_smart_sdk/lib/cm0/gcc\libblusdk.a(gapc_task.o)
                0x1000d148                gapc_connection_cfm_handler
 .text.gapc_con_req_ind
                0x1000d20c       0xe0 ../src/ASF/thirdparty/wireless/ble_smart_sdk/lib/cm0/gcc\libblusdk.a(gapc_task.o)
                0x1000d20c                gapc_con_req_ind
 .text.gapc_disconnect_cmd_handler
                0x1000d2ec       0x44 ../src/ASF/thirdparty/wireless/ble_smart_sdk/lib/cm0/gcc\libblusdk.a(gapc_task.o)
                0x1000d2ec                gapc_disconnect_cmd_handler
 .text.gapc_disconnect_ind
                0x1000d330       0x34 ../src/ASF/thirdparty/wireless/ble_smart_sdk/lib/cm0/gcc\libblusdk.a(gapc_task.o)
                0x1000d330                gapc_disconnect_ind
 .text.gapc_bond_cmd_handler
                0x1000d364       0x68 ../src/ASF/thirdparty/wireless/ble_smart_sdk/lib/cm0/gcc\libblusdk.a(gapc_task.o)
                0x1000d364                gapc_bond_cmd_handler
 .text.gapc_bond_ind
                0x1000d3cc       0xd8 ../src/ASF/thirdparty/wireless/ble_smart_sdk/lib/cm0/gcc\libblusdk.a(gapc_task.o)
                0x1000d3cc                gapc_bond_ind
 .text.gapc_bond_req_ind
                0x1000d4a4       0xe0 ../src/ASF/thirdparty/wireless/ble_smart_sdk/lib/cm0/gcc\libblusdk.a(gapc_task.o)
                0x1000d4a4                gapc_bond_req_ind
 .text.gapc_bond_cfm_handler_pair_resp
                0x1000d584       0x7c ../src/ASF/thirdparty/wireless/ble_smart_sdk/lib/cm0/gcc\libblusdk.a(gapc_task.o)
                0x1000d584                gapc_bond_cfm_handler_pair_resp
 .text.gapc_bond_cfm_handler_key_exch
                0x1000d600       0x50 ../src/ASF/thirdparty/wireless/ble_smart_sdk/lib/cm0/gcc\libblusdk.a(gapc_task.o)
                0x1000d600                gapc_bond_cfm_handler_key_exch
 .text.gapc_security_cmd_handler
                0x1000d650       0x40 ../src/ASF/thirdparty/wireless/ble_smart_sdk/lib/cm0/gcc\libblusdk.a(gapc_task.o)
                0x1000d650                gapc_security_cmd_handler
 .text.gapc_encrypt_cmd_handler
                0x1000d690       0x9c ../src/ASF/thirdparty/wireless/ble_smart_sdk/lib/cm0/gcc\libblusdk.a(gapc_task.o)
                0x1000d690                gapc_encrypt_cmd_handler
 .text.gapc_encrypt_req_ind
                0x1000d72c       0x20 ../src/ASF/thirdparty/wireless/ble_smart_sdk/lib/cm0/gcc\libblusdk.a(gapc_task.o)
                0x1000d72c                gapc_encrypt_req_ind
 .text.gapc_encrypt_cfm_handler
                0x1000d74c       0x80 ../src/ASF/thirdparty/wireless/ble_smart_sdk/lib/cm0/gcc\libblusdk.a(gapc_task.o)
                0x1000d74c                gapc_encrypt_cfm_handler
 .text.gapc_encrypt_ind
                0x1000d7cc        0xe ../src/ASF/thirdparty/wireless/ble_smart_sdk/lib/cm0/gcc\libblusdk.a(gapc_task.o)
                0x1000d7cc                gapc_encrypt_ind
 *fill*         0x1000d7da        0x2 
 .text.gapc_param_update_cfm_handler
                0x1000d7dc       0x4c ../src/ASF/thirdparty/wireless/ble_smart_sdk/lib/cm0/gcc\libblusdk.a(gapc_task.o)
                0x1000d7dc                gapc_param_update_cfm_handler
 .text.gapc_param_updated_ind
                0x1000d828       0x2a ../src/ASF/thirdparty/wireless/ble_smart_sdk/lib/cm0/gcc\libblusdk.a(gapc_task.o)
                0x1000d828                gapc_param_updated_ind
 .text.gapc_param_updated_req_ind
                0x1000d852       0x30 ../src/ASF/thirdparty/wireless/ble_smart_sdk/lib/cm0/gcc\libblusdk.a(gapc_task.o)
                0x1000d852                gapc_param_updated_req_ind
 *fill*         0x1000d882        0x2 
 .text.gapc_dev_info_req_ind_handler
                0x1000d884       0x28 ../src/ASF/thirdparty/wireless/ble_smart_sdk/lib/cm0/gcc\libblusdk.a(gapc_task.o)
                0x1000d884                gapc_dev_info_req_ind_handler
 .text.gapc_sec_req_ind
                0x1000d8ac       0x16 ../src/ASF/thirdparty/wireless/ble_smart_sdk/lib/cm0/gcc\libblusdk.a(gapc_task.o)
                0x1000d8ac                gapc_sec_req_ind
 .text.gapc_sign_counter_ind_handler
                0x1000d8c2       0x34 ../src/ASF/thirdparty/wireless/ble_smart_sdk/lib/cm0/gcc\libblusdk.a(gapc_task.o)
                0x1000d8c2                gapc_sign_counter_ind_handler
 *fill*         0x1000d8f6        0x2 
 .text.gapc_peer_att_info_ind_handler
                0x1000d8f8       0x7c ../src/ASF/thirdparty/wireless/ble_smart_sdk/lib/cm0/gcc\libblusdk.a(gapc_task.o)
                0x1000d8f8                gapc_peer_att_info_ind_handler
 .text.gapc_con_channel_map_ind_handler
                0x1000d974       0x18 ../src/ASF/thirdparty/wireless/ble_smart_sdk/lib/cm0/gcc\libblusdk.a(gapc_task.o)
                0x1000d974                gapc_con_channel_map_ind_handler
 .text.gapc_lecb_connected
                0x1000d98c       0x2e ../src/ASF/thirdparty/wireless/ble_smart_sdk/lib/cm0/gcc\libblusdk.a(gapc_task.o)
                0x1000d98c                gapc_lecb_connected
 .text.gapc_lecb_disconnected
                0x1000d9ba       0x16 ../src/ASF/thirdparty/wireless/ble_smart_sdk/lib/cm0/gcc\libblusdk.a(gapc_task.o)
                0x1000d9ba                gapc_lecb_disconnected
 .text.gapc_lecb_connect_req_ind
                0x1000d9d0       0x2a ../src/ASF/thirdparty/wireless/ble_smart_sdk/lib/cm0/gcc\libblusdk.a(gapc_task.o)
                0x1000d9d0                gapc_lecb_connect_req_ind
 .text.gapc_lecb_add_credit_resp_handler
                0x1000d9fa       0x20 ../src/ASF/thirdparty/wireless/ble_smart_sdk/lib/cm0/gcc\libblusdk.a(gapc_task.o)
                0x1000d9fa                gapc_lecb_add_credit_resp_handler
 *fill*         0x1000da1a        0x2 
 .text.gapm_reset_req_handler
                0x1000da1c       0x70 ../src/ASF/thirdparty/wireless/ble_smart_sdk/lib/cm0/gcc\libblusdk.a(gapm_task.o)
                0x1000da1c                gapm_reset_req_handler
 .text.gapm_set_dev_config_cmd_handler
                0x1000da8c      0x108 ../src/ASF/thirdparty/wireless/ble_smart_sdk/lib/cm0/gcc\libblusdk.a(gapm_task.o)
                0x1000da8c                gapm_set_dev_config_cmd_handler
 .text.gapm_get_dev_config_cmd_handler
                0x1000db94       0xe0 ../src/ASF/thirdparty/wireless/ble_smart_sdk/lib/cm0/gcc\libblusdk.a(gapm_task.o)
                0x1000db94                gapm_get_dev_config_cmd_handler
 .text.gapm_cancel_cmd_handler
                0x1000dc74       0x70 ../src/ASF/thirdparty/wireless/ble_smart_sdk/lib/cm0/gcc\libblusdk.a(gapm_task.o)
                0x1000dc74                gapm_cancel_cmd_handler
 .text.gapm_dev_bdaddr_ind_handler
                0x1000dce4       0x1c ../src/ASF/thirdparty/wireless/ble_smart_sdk/lib/cm0/gcc\libblusdk.a(gapm_task.o)
                0x1000dce4                gapm_dev_bdaddr_ind_handler
 .text.gapm_cmp_evt
                0x1000dd00      0x148 ../src/ASF/thirdparty/wireless/ble_smart_sdk/lib/cm0/gcc\libblusdk.a(gapm_task.o)
                0x1000dd00                gapm_cmp_evt
 .text.get_gap_local_addr_type
                0x1000de48       0x18 ../src/ASF/thirdparty/wireless/ble_smart_sdk/lib/cm0/gcc\libblusdk.a(gapm_task.o)
                0x1000de48                get_gap_local_addr_type
 .text.gapm_start_scan_cmd_handler
                0x1000de60       0x98 ../src/ASF/thirdparty/wireless/ble_smart_sdk/lib/cm0/gcc\libblusdk.a(gapm_task.o)
                0x1000de60                gapm_start_scan_cmd_handler
 .text.gapm_adv_report_evt_handler
                0x1000def8       0x88 ../src/ASF/thirdparty/wireless/ble_smart_sdk/lib/cm0/gcc\libblusdk.a(gapm_task.o)
                0x1000def8                gapm_adv_report_evt_handler
 .text.gapm_start_connection_cmd_handler
                0x1000df80      0x11c ../src/ASF/thirdparty/wireless/ble_smart_sdk/lib/cm0/gcc\libblusdk.a(gapm_task.o)
                0x1000df80                gapm_start_connection_cmd_handler
 .text.gapm_resolv_addr_cmd_handler
                0x1000e09c       0x68 ../src/ASF/thirdparty/wireless/ble_smart_sdk/lib/cm0/gcc\libblusdk.a(gapm_task.o)
                0x1000e09c                gapm_resolv_addr_cmd_handler
 .text.gapm_addr_solved_ind_handler
                0x1000e104       0x24 ../src/ASF/thirdparty/wireless/ble_smart_sdk/lib/cm0/gcc\libblusdk.a(gapm_task.o)
                0x1000e104                gapm_addr_solved_ind_handler
 .text.gapm_profile_added_ind_handler
                0x1000e128       0x20 ../src/ASF/thirdparty/wireless/ble_smart_sdk/lib/cm0/gcc\libblusdk.a(gapm_task.o)
                0x1000e128                gapm_profile_added_ind_handler
 .text.gattc_read_req_ind_parser
                0x1000e148        0xc ../src/ASF/thirdparty/wireless/ble_smart_sdk/lib/cm0/gcc\libblusdk.a(gattc_task.o)
                0x1000e148                gattc_read_req_ind_parser
 .text.gattc_write_req_ind_parser
                0x1000e154       0x38 ../src/ASF/thirdparty/wireless/ble_smart_sdk/lib/cm0/gcc\libblusdk.a(gattc_task.o)
                0x1000e154                gattc_write_req_ind_parser
 .text.gattc_att_info_req_parser
                0x1000e18c        0xc ../src/ASF/thirdparty/wireless/ble_smart_sdk/lib/cm0/gcc\libblusdk.a(gattc_task.o)
                0x1000e18c                gattc_att_info_req_parser
 .text.gattc_read_cfm
                0x1000e198       0x6c ../src/ASF/thirdparty/wireless/ble_smart_sdk/lib/cm0/gcc\libblusdk.a(gattc_task.o)
                0x1000e198                gattc_read_cfm
 .text.gattc_write_cfm
                0x1000e204       0x44 ../src/ASF/thirdparty/wireless/ble_smart_sdk/lib/cm0/gcc\libblusdk.a(gattc_task.o)
                0x1000e204                gattc_write_cfm
 .text.gattc_att_info_cfm
                0x1000e248       0x48 ../src/ASF/thirdparty/wireless/ble_smart_sdk/lib/cm0/gcc\libblusdk.a(gattc_task.o)
                0x1000e248                gattc_att_info_cfm
 .text.gattc_disc_cmd_handler
                0x1000e290       0x90 ../src/ASF/thirdparty/wireless/ble_smart_sdk/lib/cm0/gcc\libblusdk.a(gattc_task.o)
                0x1000e290                gattc_disc_cmd_handler
 .text.gattc_event_cfm_handler
                0x1000e320       0x40 ../src/ASF/thirdparty/wireless/ble_smart_sdk/lib/cm0/gcc\libblusdk.a(gattc_task.o)
                0x1000e320                gattc_event_cfm_handler
 .text.gattc_read_cmd_handler
                0x1000e360       0x98 ../src/ASF/thirdparty/wireless/ble_smart_sdk/lib/cm0/gcc\libblusdk.a(gattc_task.o)
                0x1000e360                gattc_read_cmd_handler
 .text.gattc_disc_svc_ind_parser
                0x1000e3f8       0x3c ../src/ASF/thirdparty/wireless/ble_smart_sdk/lib/cm0/gcc\libblusdk.a(gattc_task.o)
                0x1000e3f8                gattc_disc_svc_ind_parser
 .text.gattc_disc_svc_incl_ind_parser
                0x1000e434       0x48 ../src/ASF/thirdparty/wireless/ble_smart_sdk/lib/cm0/gcc\libblusdk.a(gattc_task.o)
                0x1000e434                gattc_disc_svc_incl_ind_parser
 .text.gattc_disc_char_ind_parser
                0x1000e47c       0x44 ../src/ASF/thirdparty/wireless/ble_smart_sdk/lib/cm0/gcc\libblusdk.a(gattc_task.o)
                0x1000e47c                gattc_disc_char_ind_parser
 .text.gattc_disc_char_desc_ind_parser
                0x1000e4c0       0x34 ../src/ASF/thirdparty/wireless/ble_smart_sdk/lib/cm0/gcc\libblusdk.a(gattc_task.o)
                0x1000e4c0                gattc_disc_char_desc_ind_parser
 .text.gattc_event_ind_and_notification_parser
                0x1000e4f4       0x54 ../src/ASF/thirdparty/wireless/ble_smart_sdk/lib/cm0/gcc\libblusdk.a(gattc_task.o)
                0x1000e4f4                gattc_event_ind_and_notification_parser
 .text.gattc_complete_evt_handler
                0x1000e548       0x78 ../src/ASF/thirdparty/wireless/ble_smart_sdk/lib/cm0/gcc\libblusdk.a(gattc_task.o)
                0x1000e548                gattc_complete_evt_handler
 .text.gattc_event_mtu_changed_ind_parser
                0x1000e5c0       0x10 ../src/ASF/thirdparty/wireless/ble_smart_sdk/lib/cm0/gcc\libblusdk.a(gattc_task.o)
                0x1000e5c0                gattc_event_mtu_changed_ind_parser
 .text.gattc_read_ind_parser
                0x1000e5d0       0x40 ../src/ASF/thirdparty/wireless/ble_smart_sdk/lib/cm0/gcc\libblusdk.a(gattc_task.o)
                0x1000e5d0                gattc_read_ind_parser
 .text.gattc_svc_changed_cfg_ind_parser
                0x1000e610       0x10 ../src/ASF/thirdparty/wireless/ble_smart_sdk/lib/cm0/gcc\libblusdk.a(gattc_task.o)
                0x1000e610                gattc_svc_changed_cfg_ind_parser
 .text.init_gattc_task_module
                0x1000e620       0x14 ../src/ASF/thirdparty/wireless/ble_smart_sdk/lib/cm0/gcc\libblusdk.a(gattc_task.o)
                0x1000e620                init_gattc_task_module
 .text.gattm_att_set_value_req_handler
                0x1000e634       0x8c ../src/ASF/thirdparty/wireless/ble_smart_sdk/lib/cm0/gcc\libblusdk.a(gattm_task.o)
                0x1000e634                gattm_att_set_value_req_handler
 .text.gattm_att_get_value_req_handler
                0x1000e6c0       0x9c ../src/ASF/thirdparty/wireless/ble_smart_sdk/lib/cm0/gcc\libblusdk.a(gattm_task.o)
                0x1000e6c0                gattm_att_get_value_req_handler
 .text.htpt_enable_rsp_handler
                0x1000e75c        0xa ../src/ASF/thirdparty/wireless/ble_smart_sdk/lib/cm0/gcc\libblusdk.a(htpt_task.o)
                0x1000e75c                htpt_enable_rsp_handler
 .text.htpt_temp_send_rsp_handler
                0x1000e766        0x6 ../src/ASF/thirdparty/wireless/ble_smart_sdk/lib/cm0/gcc\libblusdk.a(htpt_task.o)
                0x1000e766                htpt_temp_send_rsp_handler
 .text.htpt_meas_intv_upd_rsp_handler
                0x1000e76c        0x6 ../src/ASF/thirdparty/wireless/ble_smart_sdk/lib/cm0/gcc\libblusdk.a(htpt_task.o)
                0x1000e76c                htpt_meas_intv_upd_rsp_handler
 .text.htpt_meas_intv_chg_req_ind_handler
                0x1000e772        0xc ../src/ASF/thirdparty/wireless/ble_smart_sdk/lib/cm0/gcc\libblusdk.a(htpt_task.o)
                0x1000e772                htpt_meas_intv_chg_req_ind_handler
 .text.htpt_cfg_indntf_ind_handler
                0x1000e77e        0xa ../src/ASF/thirdparty/wireless/ble_smart_sdk/lib/cm0/gcc\libblusdk.a(htpt_task.o)
                0x1000e77e                htpt_cfg_indntf_ind_handler
 .text          0x1000e788       0x14 c:/program files (x86)/atmel/studio/7.0/toolchain/arm/arm-gnu-toolchain/bin/../lib/gcc/arm-none-eabi/4.9.3/armv6-m\libgcc.a(_thumb1_case_uqi.o)
                0x1000e788                __gnu_thumb1_case_uqi
 .text          0x1000e79c      0x120 c:/program files (x86)/atmel/studio/7.0/toolchain/arm/arm-gnu-toolchain/bin/../lib/gcc/arm-none-eabi/4.9.3/armv6-m\libgcc.a(_udivsi3.o)
                0x1000e79c                __aeabi_uidiv
                0x1000e79c                __udivsi3
                0x1000e8a8                __aeabi_uidivmod
 .text          0x1000e8bc        0x4 c:/program files (x86)/atmel/studio/7.0/toolchain/arm/arm-gnu-toolchain/bin/../lib/gcc/arm-none-eabi/4.9.3/armv6-m\libgcc.a(_dvmd_tls.o)
                0x1000e8bc                __aeabi_idiv0
                0x1000e8bc                __aeabi_ldiv0
 .text          0x1000e8c0       0x3c c:/program files (x86)/atmel/studio/7.0/toolchain/arm/arm-gnu-toolchain/bin/../lib/gcc/arm-none-eabi/4.9.3/armv6-m\libgcc.a(_fixunsdfsi.o)
                0x1000e8c0                __aeabi_d2uiz
                0x1000e8c0                __fixunsdfsi
 .text          0x1000e8fc      0x534 c:/program files (x86)/atmel/studio/7.0/toolchain/arm/arm-gnu-toolchain/bin/../lib/gcc/arm-none-eabi/4.9.3/armv6-m\libgcc.a(muldf3.o)
                0x1000e8fc                __aeabi_dmul
 .text          0x1000ee30      0x6f4 c:/program files (x86)/atmel/studio/7.0/toolchain/arm/arm-gnu-toolchain/bin/../lib/gcc/arm-none-eabi/4.9.3/armv6-m\libgcc.a(subdf3.o)
                0x1000ee30                __aeabi_dsub
 .text          0x1000f524       0x6c c:/program files (x86)/atmel/studio/7.0/toolchain/arm/arm-gnu-toolchain/bin/../lib/gcc/arm-none-eabi/4.9.3/armv6-m\libgcc.a(fixdfsi.o)
                0x1000f524                __aeabi_d2iz
 .text          0x1000f590       0x64 c:/program files (x86)/atmel/studio/7.0/toolchain/arm/arm-gnu-toolchain/bin/../lib/gcc/arm-none-eabi/4.9.3/armv6-m\libgcc.a(floatunsidf.o)
                0x1000f590                __aeabi_ui2d
 .text          0x1000f5f4       0x7c c:/program files (x86)/atmel/studio/7.0/toolchain/arm/arm-gnu-toolchain/bin/../lib/gcc/arm-none-eabi/4.9.3/armv6-m\libgcc.a(_arm_cmpdf2.o)
                0x1000f5f4                __aeabi_cdrcmple
                0x1000f604                __aeabi_cdcmple
                0x1000f604                __aeabi_cdcmpeq
                0x1000f614                __aeabi_dcmpeq
                0x1000f620                __aeabi_dcmplt
                0x1000f634                __aeabi_dcmple
                0x1000f648                __aeabi_dcmpgt
                0x1000f65c                __aeabi_dcmpge
 .text          0x1000f670       0x3c c:/program files (x86)/atmel/studio/7.0/toolchain/arm/arm-gnu-toolchain/bin/../lib/gcc/arm-none-eabi/4.9.3/armv6-m\libgcc.a(_clzsi2.o)
                0x1000f670                __clzsi2
 .text          0x1000f6ac       0x88 c:/program files (x86)/atmel/studio/7.0/toolchain/arm/arm-gnu-toolchain/bin/../lib/gcc/arm-none-eabi/4.9.3/armv6-m\libgcc.a(eqdf2.o)
                0x1000f6ac                __nedf2
                0x1000f6ac                __eqdf2
 .text          0x1000f734       0xe0 c:/program files (x86)/atmel/studio/7.0/toolchain/arm/arm-gnu-toolchain/bin/../lib/gcc/arm-none-eabi/4.9.3/armv6-m\libgcc.a(gedf2.o)
                0x1000f734                __gedf2
                0x1000f734                __gtdf2
 .text          0x1000f814       0xcc c:/program files (x86)/atmel/studio/7.0/toolchain/arm/arm-gnu-toolchain/bin/../lib/gcc/arm-none-eabi/4.9.3/armv6-m\libgcc.a(ledf2.o)
                0x1000f814                __ledf2
                0x1000f814                __ltdf2
 .text.__libc_init_array
                0x1000f8e0       0x4c c:/program files (x86)/atmel/studio/7.0/toolchain/arm/arm-gnu-toolchain/bin/../lib/gcc/arm-none-eabi/4.9.3/../../../../arm-none-eabi/lib/armv6-m\libc_nano.a(lib_a-init.o)
                0x1000f8e0                __libc_init_array
 .text.memcmp   0x1000f92c       0x1e c:/program files (x86)/atmel/studio/7.0/toolchain/arm/arm-gnu-toolchain/bin/../lib/gcc/arm-none-eabi/4.9.3/../../../../arm-none-eabi/lib/armv6-m\libc_nano.a(lib_a-memcmp.o)
                0x1000f92c                memcmp
 .text.memcpy   0x1000f94a       0x12 c:/program files (x86)/atmel/studio/7.0/toolchain/arm/arm-gnu-toolchain/bin/../lib/gcc/arm-none-eabi/4.9.3/../../../../arm-none-eabi/lib/armv6-m\libc_nano.a(lib_a-memcpy.o)
                0x1000f94a                memcpy
 .text.memset   0x1000f95c       0x10 c:/program files (x86)/atmel/studio/7.0/toolchain/arm/arm-gnu-toolchain/bin/../lib/gcc/arm-none-eabi/4.9.3/../../../../arm-none-eabi/lib/armv6-m\libc_nano.a(lib_a-memset.o)
                0x1000f95c                memset
 .text.printf   0x1000f96c       0x34 c:/program files (x86)/atmel/studio/7.0/toolchain/arm/arm-gnu-toolchain/bin/../lib/gcc/arm-none-eabi/4.9.3/../../../../arm-none-eabi/lib/armv6-m\libc_nano.a(lib_a-printf.o)
                0x1000f96c                iprintf
                0x1000f96c                printf
 .text.putchar  0x1000f9a0       0x28 c:/program files (x86)/atmel/studio/7.0/toolchain/arm/arm-gnu-toolchain/bin/../lib/gcc/arm-none-eabi/4.9.3/../../../../arm-none-eabi/lib/armv6-m\libc_nano.a(lib_a-putchar.o)
                0x1000f9a0                putchar
 .text._puts_r  0x1000f9c8       0xc2 c:/program files (x86)/atmel/studio/7.0/toolchain/arm/arm-gnu-toolchain/bin/../lib/gcc/arm-none-eabi/4.9.3/../../../../arm-none-eabi/lib/armv6-m\libc_nano.a(lib_a-puts.o)
                0x1000f9c8                _puts_r
 *fill*         0x1000fa8a        0x2 
 .text.puts     0x1000fa8c       0x14 c:/program files (x86)/atmel/studio/7.0/toolchain/arm/arm-gnu-toolchain/bin/../lib/gcc/arm-none-eabi/4.9.3/../../../../arm-none-eabi/lib/armv6-m\libc_nano.a(lib_a-puts.o)
                0x1000fa8c                puts
 .text.rand     0x1000faa0       0x78 c:/program files (x86)/atmel/studio/7.0/toolchain/arm/arm-gnu-toolchain/bin/../lib/gcc/arm-none-eabi/4.9.3/../../../../arm-none-eabi/lib/armv6-m\libc_nano.a(lib_a-rand.o)
                0x1000faa0                rand
 .text.setbuf   0x1000fb18       0x12 c:/program files (x86)/atmel/studio/7.0/toolchain/arm/arm-gnu-toolchain/bin/../lib/gcc/arm-none-eabi/4.9.3/../../../../arm-none-eabi/lib/armv6-m\libc_nano.a(lib_a-setbuf.o)
                0x1000fb18                setbuf
 *fill*         0x1000fb2a        0x2 
 .text.setvbuf  0x1000fb2c      0x10c c:/program files (x86)/atmel/studio/7.0/toolchain/arm/arm-gnu-toolchain/bin/../lib/gcc/arm-none-eabi/4.9.3/../../../../arm-none-eabi/lib/armv6-m\libc_nano.a(lib_a-setvbuf.o)
                0x1000fb2c                setvbuf
 .text.__swbuf_r
                0x1000fc38       0xb0 c:/program files (x86)/atmel/studio/7.0/toolchain/arm/arm-gnu-toolchain/bin/../lib/gcc/arm-none-eabi/4.9.3/../../../../arm-none-eabi/lib/armv6-m\libc_nano.a(lib_a-wbuf.o)
                0x1000fc38                __swbuf_r
 .text.__swsetup_r
                0x1000fce8       0xe8 c:/program files (x86)/atmel/studio/7.0/toolchain/arm/arm-gnu-toolchain/bin/../lib/gcc/arm-none-eabi/4.9.3/../../../../arm-none-eabi/lib/armv6-m\libc_nano.a(lib_a-wsetup.o)
                0x1000fce8                __swsetup_r
 .text.__sflush_r
                0x1000fdd0      0x112 c:/program files (x86)/atmel/studio/7.0/toolchain/arm/arm-gnu-toolchain/bin/../lib/gcc/arm-none-eabi/4.9.3/../../../../arm-none-eabi/lib/armv6-m\libc_nano.a(lib_a-fflush.o)
                0x1000fdd0                __sflush_r
 *fill*         0x1000fee2        0x2 
 .text._fflush_r
                0x1000fee4       0x58 c:/program files (x86)/atmel/studio/7.0/toolchain/arm/arm-gnu-toolchain/bin/../lib/gcc/arm-none-eabi/4.9.3/../../../../arm-none-eabi/lib/armv6-m\libc_nano.a(lib_a-fflush.o)
                0x1000fee4                _fflush_r
 .text._cleanup_r
                0x1000ff3c       0x10 c:/program files (x86)/atmel/studio/7.0/toolchain/arm/arm-gnu-toolchain/bin/../lib/gcc/arm-none-eabi/4.9.3/../../../../arm-none-eabi/lib/armv6-m\libc_nano.a(lib_a-findfp.o)
                0x1000ff3c                _cleanup_r
 .text.std.isra.0
                0x1000ff4c       0x48 c:/program files (x86)/atmel/studio/7.0/toolchain/arm/arm-gnu-toolchain/bin/../lib/gcc/arm-none-eabi/4.9.3/../../../../arm-none-eabi/lib/armv6-m\libc_nano.a(lib_a-findfp.o)
 .text.__sfmoreglue
                0x1000ff94       0x2c c:/program files (x86)/atmel/studio/7.0/toolchain/arm/arm-gnu-toolchain/bin/../lib/gcc/arm-none-eabi/4.9.3/../../../../arm-none-eabi/lib/armv6-m\libc_nano.a(lib_a-findfp.o)
                0x1000ff94                __sfmoreglue
 .text.__sinit  0x1000ffc0       0x64 c:/program files (x86)/atmel/studio/7.0/toolchain/arm/arm-gnu-toolchain/bin/../lib/gcc/arm-none-eabi/4.9.3/../../../../arm-none-eabi/lib/armv6-m\libc_nano.a(lib_a-findfp.o)
                0x1000ffc0                __sinit
 .text.__sfp    0x10010024       0x7c c:/program files (x86)/atmel/studio/7.0/toolchain/arm/arm-gnu-toolchain/bin/../lib/gcc/arm-none-eabi/4.9.3/../../../../arm-none-eabi/lib/armv6-m\libc_nano.a(lib_a-findfp.o)
                0x10010024                __sfp
 .text._fwalk_reent
                0x100100a0       0x42 c:/program files (x86)/atmel/studio/7.0/toolchain/arm/arm-gnu-toolchain/bin/../lib/gcc/arm-none-eabi/4.9.3/../../../../arm-none-eabi/lib/armv6-m\libc_nano.a(lib_a-fwalk.o)
                0x100100a0                _fwalk_reent
 *fill*         0x100100e2        0x2 
 .text.__smakebuf_r
                0x100100e4       0xb0 c:/program files (x86)/atmel/studio/7.0/toolchain/arm/arm-gnu-toolchain/bin/../lib/gcc/arm-none-eabi/4.9.3/../../../../arm-none-eabi/lib/armv6-m\libc_nano.a(lib_a-makebuf.o)
                0x100100e4                __smakebuf_r
 .text.malloc   0x10010194       0x14 c:/program files (x86)/atmel/studio/7.0/toolchain/arm/arm-gnu-toolchain/bin/../lib/gcc/arm-none-eabi/4.9.3/../../../../arm-none-eabi/lib/armv6-m\libc_nano.a(lib_a-malloc.o)
                0x10010194                malloc
 .text._free_r  0x100101a8       0x8c c:/program files (x86)/atmel/studio/7.0/toolchain/arm/arm-gnu-toolchain/bin/../lib/gcc/arm-none-eabi/4.9.3/../../../../arm-none-eabi/lib/armv6-m\libc_nano.a(lib_a-nano-freer.o)
                0x100101a8                _free_r
 .text._malloc_r
                0x10010234       0xb0 c:/program files (x86)/atmel/studio/7.0/toolchain/arm/arm-gnu-toolchain/bin/../lib/gcc/arm-none-eabi/4.9.3/../../../../arm-none-eabi/lib/armv6-m\libc_nano.a(lib_a-nano-mallocr.o)
                0x10010234                _malloc_r
 .text.__sfputc_r
                0x100102e4       0x2a c:/program files (x86)/atmel/studio/7.0/toolchain/arm/arm-gnu-toolchain/bin/../lib/gcc/arm-none-eabi/4.9.3/../../../../arm-none-eabi/lib/armv6-m\libc_nano.a(lib_a-nano-vfprintf.o)
 .text.__sfputs_r
                0x1001030e       0x24 c:/program files (x86)/atmel/studio/7.0/toolchain/arm/arm-gnu-toolchain/bin/../lib/gcc/arm-none-eabi/4.9.3/../../../../arm-none-eabi/lib/armv6-m\libc_nano.a(lib_a-nano-vfprintf.o)
                0x1001030e                __sfputs_r
 *fill*         0x10010332        0x2 
 .text._vfprintf_r
                0x10010334      0x220 c:/program files (x86)/atmel/studio/7.0/toolchain/arm/arm-gnu-toolchain/bin/../lib/gcc/arm-none-eabi/4.9.3/../../../../arm-none-eabi/lib/armv6-m\libc_nano.a(lib_a-nano-vfprintf.o)
                0x10010334                _vfprintf_r
                0x10010334                _vfiprintf_r
 .text._printf_common
                0x10010554       0xdc c:/program files (x86)/atmel/studio/7.0/toolchain/arm/arm-gnu-toolchain/bin/../lib/gcc/arm-none-eabi/4.9.3/../../../../arm-none-eabi/lib/armv6-m\libc_nano.a(lib_a-nano-vfprintf_i.o)
                0x10010554                _printf_common
 .text._printf_i
                0x10010630      0x230 c:/program files (x86)/atmel/studio/7.0/toolchain/arm/arm-gnu-toolchain/bin/../lib/gcc/arm-none-eabi/4.9.3/../../../../arm-none-eabi/lib/armv6-m\libc_nano.a(lib_a-nano-vfprintf_i.o)
                0x10010630                _printf_i
 .text._putc_r  0x10010860       0x78 c:/program files (x86)/atmel/studio/7.0/toolchain/arm/arm-gnu-toolchain/bin/../lib/gcc/arm-none-eabi/4.9.3/../../../../arm-none-eabi/lib/armv6-m\libc_nano.a(lib_a-putc.o)
                0x10010860                _putc_r
 .text._sbrk_r  0x100108d8       0x24 c:/program files (x86)/atmel/studio/7.0/toolchain/arm/arm-gnu-toolchain/bin/../lib/gcc/arm-none-eabi/4.9.3/../../../../arm-none-eabi/lib/armv6-m\libc_nano.a(lib_a-sbrkr.o)
                0x100108d8                _sbrk_r
 .text.__sread  0x100108fc       0x28 c:/program files (x86)/atmel/studio/7.0/toolchain/arm/arm-gnu-toolchain/bin/../lib/gcc/arm-none-eabi/4.9.3/../../../../arm-none-eabi/lib/armv6-m\libc_nano.a(lib_a-stdio.o)
                0x100108fc                __sread
 .text.__swrite
                0x10010924       0x38 c:/program files (x86)/atmel/studio/7.0/toolchain/arm/arm-gnu-toolchain/bin/../lib/gcc/arm-none-eabi/4.9.3/../../../../arm-none-eabi/lib/armv6-m\libc_nano.a(lib_a-stdio.o)
                0x10010924                __swrite
 .text.__sseek  0x1001095c       0x2c c:/program files (x86)/atmel/studio/7.0/toolchain/arm/arm-gnu-toolchain/bin/../lib/gcc/arm-none-eabi/4.9.3/../../../../arm-none-eabi/lib/armv6-m\libc_nano.a(lib_a-stdio.o)
                0x1001095c                __sseek
 .text.__sclose
                0x10010988        0xc c:/program files (x86)/atmel/studio/7.0/toolchain/arm/arm-gnu-toolchain/bin/../lib/gcc/arm-none-eabi/4.9.3/../../../../arm-none-eabi/lib/armv6-m\libc_nano.a(lib_a-stdio.o)
                0x10010988                __sclose
 .text._write_r
                0x10010994       0x28 c:/program files (x86)/atmel/studio/7.0/toolchain/arm/arm-gnu-toolchain/bin/../lib/gcc/arm-none-eabi/4.9.3/../../../../arm-none-eabi/lib/armv6-m\libc_nano.a(lib_a-writer.o)
                0x10010994                _write_r
 .text._close_r
                0x100109bc       0x24 c:/program files (x86)/atmel/studio/7.0/toolchain/arm/arm-gnu-toolchain/bin/../lib/gcc/arm-none-eabi/4.9.3/../../../../arm-none-eabi/lib/armv6-m\libc_nano.a(lib_a-closer.o)
                0x100109bc                _close_r
 .text._fstat_r
                0x100109e0       0x24 c:/program files (x86)/atmel/studio/7.0/toolchain/arm/arm-gnu-toolchain/bin/../lib/gcc/arm-none-eabi/4.9.3/../../../../arm-none-eabi/lib/armv6-m\libc_nano.a(lib_a-fstatr.o)
                0x100109e0                _fstat_r
 .text._isatty_r
                0x10010a04       0x24 c:/program files (x86)/atmel/studio/7.0/toolchain/arm/arm-gnu-toolchain/bin/../lib/gcc/arm-none-eabi/4.9.3/../../../../arm-none-eabi/lib/armv6-m\libc_nano.a(lib_a-isattyr.o)
                0x10010a04                _isatty_r
 .text._lseek_r
                0x10010a28       0x28 c:/program files (x86)/atmel/studio/7.0/toolchain/arm/arm-gnu-toolchain/bin/../lib/gcc/arm-none-eabi/4.9.3/../../../../arm-none-eabi/lib/armv6-m\libc_nano.a(lib_a-lseekr.o)
                0x10010a28                _lseek_r
 .text.memchr   0x10010a50       0x16 c:/program files (x86)/atmel/studio/7.0/toolchain/arm/arm-gnu-toolchain/bin/../lib/gcc/arm-none-eabi/4.9.3/../../../../arm-none-eabi/lib/armv6-m\libc_nano.a(lib_a-memchr.o)
                0x10010a50                memchr
 *fill*         0x10010a66        0x2 
 .text._read_r  0x10010a68       0x28 c:/program files (x86)/atmel/studio/7.0/toolchain/arm/arm-gnu-toolchain/bin/../lib/gcc/arm-none-eabi/4.9.3/../../../../arm-none-eabi/lib/armv6-m\libc_nano.a(lib_a-readr.o)
                0x10010a68                _read_r
 .text          0x10010a90       0x54 c:/program files (x86)/atmel/studio/7.0/toolchain/arm/arm-gnu-toolchain/bin/../lib/gcc/arm-none-eabi/4.9.3/armv6-m\libgcc.a(_muldi3.o)
                0x10010a90                __muldi3
                0x10010a90                __aeabi_lmul
 *(.glue_7t)
 .glue_7t       0x00000000        0x0 linker stubs
 *(.glue_7)
 .glue_7        0x00000000        0x0 linker stubs
 *(.rodata .rodata* .gnu.linkonce.r.*)
 .rodata.system_clock_peripheral_enable
                0x10010ae4       0xd8 src/ASF/sam0/drivers/system/system_sam_b.o
 .rodata.system_peripheral_reset
                0x10010bbc      0x110 src/ASF/sam0/drivers/system/system_sam_b.o
 .rodata.pxp_gatt_client_handle
                0x10010ccc       0x28 src/ASF/thirdparty/wireless/ble_smart_sdk/ble_profiles/pxp_monitor/pxp_monitor.o
 .rodata.pxp_gap_handle
                0x10010cf4       0x4c src/ASF/thirdparty/wireless/ble_smart_sdk/ble_profiles/pxp_monitor/pxp_monitor.o
 .rodata.str1.4
                0x10010d40      0x4be src/ASF/thirdparty/wireless/ble_smart_sdk/ble_profiles/pxp_monitor/pxp_monitor.o
 *fill*         0x100111fe        0x2 
 .rodata.ble_disconnected_state_handler
                0x10011200       0x20 src/ASF/thirdparty/wireless/ble_smart_sdk/ble_services/ble_mgr/ble_manager.o
 .rodata.ble_mgr_events_callback_handler
                0x10011220       0x1c src/ASF/thirdparty/wireless/ble_smart_sdk/ble_services/ble_mgr/ble_manager.o
 .rodata.ble_event_manager
                0x1001123c       0xf0 src/ASF/thirdparty/wireless/ble_smart_sdk/ble_services/ble_mgr/ble_manager.o
 .rodata        0x1001132c       0x19 src/ASF/thirdparty/wireless/ble_smart_sdk/ble_services/ble_mgr/ble_manager.o
 *fill*         0x10011345        0x3 
 .rodata.ble_mgr_gatt_server_handle
                0x10011348       0x28 src/ASF/thirdparty/wireless/ble_smart_sdk/ble_services/ble_mgr/ble_manager.o
 .rodata.str1.4
                0x10011370      0x612 src/ASF/thirdparty/wireless/ble_smart_sdk/ble_services/ble_mgr/ble_manager.o
                                0x616 (size before relaxing)
 *fill*         0x10011982        0x2 
 .rodata.ble_mgr_gap_handle
                0x10011984       0x4c src/ASF/thirdparty/wireless/ble_smart_sdk/ble_services/ble_mgr/ble_manager.o
 .rodata.str1.4
                0x100119d0       0x11 src/ASF/thirdparty/wireless/ble_smart_sdk/services/timer_hw.o
 *fill*         0x100119e1        0x3 
 .rodata.str1.4
                0x100119e4       0x9c src/multirole_multiconnect.o
                                 0x9e (size before relaxing)
 .rodata        0x10011a80        0xb ../src/ASF/thirdparty/wireless/ble_smart_sdk/lib/cm0/gcc\libblusdk.a(gap.o)
 .rodata.CSWTCH.51
                0x10011a8b        0xf ../src/ASF/thirdparty/wireless/ble_smart_sdk/lib/cm0/gcc\libblusdk.a(gap.o)
 *fill*         0x10011a9a        0x2 
 .rodata        0x10011a9c       0x40 c:/program files (x86)/atmel/studio/7.0/toolchain/arm/arm-gnu-toolchain/bin/../lib/gcc/arm-none-eabi/4.9.3/armv6-m\libgcc.a(muldf3.o)
 .rodata.str1.1
                0x10011adc        0x2 c:/program files (x86)/atmel/studio/7.0/toolchain/arm/arm-gnu-toolchain/bin/../lib/gcc/arm-none-eabi/4.9.3/../../../../arm-none-eabi/lib/armv6-m\libc_nano.a(lib_a-impure.o)
 *fill*         0x10011ade        0x2 
 .rodata._global_impure_ptr
                0x10011ae0        0x4 c:/program files (x86)/atmel/studio/7.0/toolchain/arm/arm-gnu-toolchain/bin/../lib/gcc/arm-none-eabi/4.9.3/../../../../arm-none-eabi/lib/armv6-m\libc_nano.a(lib_a-impure.o)
                0x10011ae0                _global_impure_ptr
 .rodata.__sf_fake_stdin
                0x10011ae4       0x20 c:/program files (x86)/atmel/studio/7.0/toolchain/arm/arm-gnu-toolchain/bin/../lib/gcc/arm-none-eabi/4.9.3/../../../../arm-none-eabi/lib/armv6-m\libc_nano.a(lib_a-findfp.o)
                0x10011ae4                __sf_fake_stdin
 .rodata.__sf_fake_stdout
                0x10011b04       0x20 c:/program files (x86)/atmel/studio/7.0/toolchain/arm/arm-gnu-toolchain/bin/../lib/gcc/arm-none-eabi/4.9.3/../../../../arm-none-eabi/lib/armv6-m\libc_nano.a(lib_a-findfp.o)
                0x10011b04                __sf_fake_stdout
 .rodata.__sf_fake_stderr
                0x10011b24       0x20 c:/program files (x86)/atmel/studio/7.0/toolchain/arm/arm-gnu-toolchain/bin/../lib/gcc/arm-none-eabi/4.9.3/../../../../arm-none-eabi/lib/armv6-m\libc_nano.a(lib_a-findfp.o)
                0x10011b24                __sf_fake_stderr
 .rodata.str1.1
                0x10011b44       0x11 c:/program files (x86)/atmel/studio/7.0/toolchain/arm/arm-gnu-toolchain/bin/../lib/gcc/arm-none-eabi/4.9.3/../../../../arm-none-eabi/lib/armv6-m\libc_nano.a(lib_a-nano-vfprintf.o)
 .rodata.str1.1
                0x10011b55       0x22 c:/program files (x86)/atmel/studio/7.0/toolchain/arm/arm-gnu-toolchain/bin/../lib/gcc/arm-none-eabi/4.9.3/../../../../arm-none-eabi/lib/armv6-m\libc_nano.a(lib_a-nano-vfprintf_i.o)
 *(.ARM.extab* .gnu.linkonce.armextab.*)
                0x10011b78                . = ALIGN (0x4)
 *fill*         0x10011b77        0x1 
 *(.init)
 .init          0x10011b78        0x4 c:/program files (x86)/atmel/studio/7.0/toolchain/arm/arm-gnu-toolchain/bin/../lib/gcc/arm-none-eabi/4.9.3/armv6-m/crti.o
                0x10011b78                _init
 .init          0x10011b7c        0x8 c:/program files (x86)/atmel/studio/7.0/toolchain/arm/arm-gnu-toolchain/bin/../lib/gcc/arm-none-eabi/4.9.3/armv6-m/crtn.o
                0x10011b84                . = ALIGN (0x4)
                0x10011b84                __preinit_array_start = .
 *(.preinit_array)
                0x10011b84                __preinit_array_end = .
                0x10011b84                . = ALIGN (0x4)
                0x10011b84                __init_array_start = .
 *(SORT(.init_array.*))
 *(.init_array)
 .init_array    0x10011b84        0x4 c:/program files (x86)/atmel/studio/7.0/toolchain/arm/arm-gnu-toolchain/bin/../lib/gcc/arm-none-eabi/4.9.3/armv6-m/crtbegin.o
                0x10011b88                __init_array_end = .
                0x10011b88                . = ALIGN (0x4)
 *crtbegin.o(.ctors)
 *(EXCLUDE_FILE(*crtend.o) .ctors)
 *(SORT(.ctors.*))
 *crtend.o(.ctors)
                0x10011b88                . = ALIGN (0x4)
 *(.fini)
 .fini          0x10011b88        0x4 c:/program files (x86)/atmel/studio/7.0/toolchain/arm/arm-gnu-toolchain/bin/../lib/gcc/arm-none-eabi/4.9.3/armv6-m/crti.o
                0x10011b88                _fini
 .fini          0x10011b8c        0x8 c:/program files (x86)/atmel/studio/7.0/toolchain/arm/arm-gnu-toolchain/bin/../lib/gcc/arm-none-eabi/4.9.3/armv6-m/crtn.o
                0x10011b94                . = ALIGN (0x4)
                0x10011b94                __fini_array_start = .
 *(.fini_array)
 .fini_array    0x10011b94        0x4 c:/program files (x86)/atmel/studio/7.0/toolchain/arm/arm-gnu-toolchain/bin/../lib/gcc/arm-none-eabi/4.9.3/armv6-m/crtbegin.o
 *(SORT(.fini_array.*))
                0x10011b98                __fini_array_end = .
 *crtbegin.o(.dtors)
 *(EXCLUDE_FILE(*crtend.o) .dtors)
 *(SORT(.dtors.*))
 *crtend.o(.dtors)
                0x10011b98                . = ALIGN (0x4)
                0x10011b98                _efixed = .

.vfp11_veneer   0x10011b98        0x0
 .vfp11_veneer  0x00000000        0x0 linker stubs

.v4_bx          0x10011b98        0x0
 .v4_bx         0x00000000        0x0 linker stubs

.iplt           0x10011b98        0x0
 .iplt          0x00000000        0x0 c:/program files (x86)/atmel/studio/7.0/toolchain/arm/arm-gnu-toolchain/bin/../lib/gcc/arm-none-eabi/4.9.3/armv6-m/crtbegin.o

.eh_frame       0x10011b98        0x0
 .eh_frame      0x10011b98        0x0 c:/program files (x86)/atmel/studio/7.0/toolchain/arm/arm-gnu-toolchain/bin/../lib/gcc/arm-none-eabi/4.9.3/armv6-m/crtbegin.o

.rel.dyn        0x10011b98        0x0
 .rel.iplt      0x00000000        0x0 c:/program files (x86)/atmel/studio/7.0/toolchain/arm/arm-gnu-toolchain/bin/../lib/gcc/arm-none-eabi/4.9.3/armv6-m/crtbegin.o

.jcr            0x10011b98        0x0
 .jcr           0x10011b98        0x0 c:/program files (x86)/atmel/studio/7.0/toolchain/arm/arm-gnu-toolchain/bin/../lib/gcc/arm-none-eabi/4.9.3/armv6-m/crtbegin.o

.igot.plt       0x10011b98        0x0
 .igot.plt      0x00000000        0x0 c:/program files (x86)/atmel/studio/7.0/toolchain/arm/arm-gnu-toolchain/bin/../lib/gcc/arm-none-eabi/4.9.3/armv6-m/crtbegin.o
                0x10011b98                . = ALIGN (0x4)
                0x10011b98                _etext = .

.relocate       0x10011b98       0x8c
                0x10011b98                . = ALIGN (0x4)
                0x10011b98                _srelocate = .
 *(.ramfunc .ramfunc.*)
 *(.data .data.*)
 .data.perception_handle
                0x10011b98       0x20 src/ASF/thirdparty/wireless/ble_smart_sdk/ble_profiles/pxp_monitor/pxp_monitor.o
                0x10011b98                perception_handle
 .data.l2cap_avail_buffers
                0x10011bb8        0x1 ../src/ASF/thirdparty/wireless/ble_smart_sdk/lib/cm0/gcc\libblusdk.a(l2cc_task.o)
                0x10011bb8                l2cap_avail_buffers
 *fill*         0x10011bb9        0x3 
 .data.dummy_buffer
                0x10011bbc        0x4 ../src/ASF/thirdparty/wireless/ble_smart_sdk/lib/cm0/gcc\libblusdk.a(interface.o)
                0x10011bbc                dummy_buffer
 .data.impure_data
                0x10011bc0       0x60 c:/program files (x86)/atmel/studio/7.0/toolchain/arm/arm-gnu-toolchain/bin/../lib/gcc/arm-none-eabi/4.9.3/../../../../arm-none-eabi/lib/armv6-m\libc_nano.a(lib_a-impure.o)
 .data._impure_ptr
                0x10011c20        0x4 c:/program files (x86)/atmel/studio/7.0/toolchain/arm/arm-gnu-toolchain/bin/../lib/gcc/arm-none-eabi/4.9.3/../../../../arm-none-eabi/lib/armv6-m\libc_nano.a(lib_a-impure.o)
                0x10011c20                _impure_ptr
                0x10011c24                . = ALIGN (0x4)
                0x10011c24                _erelocate = .

.bss            0x10011c24     0x1ae4
                0x10011c24                . = ALIGN (0x4)
                0x10011c24                _sbss = .
                0x10011c24                _szero = .
 *(.bss .bss.*)
 .bss           0x10011c24       0x1c c:/program files (x86)/atmel/studio/7.0/toolchain/arm/arm-gnu-toolchain/bin/../lib/gcc/arm-none-eabi/4.9.3/armv6-m/crtbegin.o
 .bss.dualtimer_callback_timer1
                0x10011c40        0x4 src/ASF/sam0/drivers/dualtimer/dualtimer.o
 .bss.dualtimer_callback_timer2
                0x10011c44        0x4 src/ASF/sam0/drivers/dualtimer/dualtimer.o
 .bss.heap.5211
                0x10011c48        0x4 src/ASF/sam0/utils/syscalls/gcc/syscalls.o
 .bss.peripheral_state_callback
                0x10011c4c        0x4 src/ASF/thirdparty/wireless/ble_smart_sdk/ble_profiles/pxp_monitor/pxp_monitor.o
                0x10011c4c                peripheral_state_callback
 .bss.peripheral_state.14548
                0x10011c50        0x1 src/ASF/thirdparty/wireless/ble_smart_sdk/ble_profiles/pxp_monitor/pxp_monitor.o
 *fill*         0x10011c51        0x3 
 .bss.hw_timer_stop_func_cb
                0x10011c54        0x4 src/ASF/thirdparty/wireless/ble_smart_sdk/ble_profiles/pxp_monitor/pxp_monitor.o
                0x10011c54                hw_timer_stop_func_cb
 .bss.pxp_connect_request_flag
                0x10011c58        0x1 src/ASF/thirdparty/wireless/ble_smart_sdk/ble_profiles/pxp_monitor/pxp_monitor.o
                0x10011c58                pxp_connect_request_flag
 *fill*         0x10011c59        0x3 
 .bss.hw_timer_start_func_cb
                0x10011c5c        0x4 src/ASF/thirdparty/wireless/ble_smart_sdk/ble_profiles/pxp_monitor/pxp_monitor.o
                0x10011c5c                hw_timer_start_func_cb
 .bss.scan_index
                0x10011c60        0x1 src/ASF/thirdparty/wireless/ble_smart_sdk/ble_profiles/pxp_monitor/pxp_monitor.o
                0x10011c60                scan_index
 *fill*         0x10011c61        0x3 
 .bss.att_db_data
                0x10011c64      0x4e0 src/ASF/thirdparty/wireless/ble_smart_sdk/ble_services/ble_mgr/ble_manager.o
                0x10011c64                att_db_data
 .bss.ble_user_event_cb
                0x10012144        0x4 src/ASF/thirdparty/wireless/ble_smart_sdk/ble_services/ble_mgr/ble_manager.o
                0x10012144                ble_user_event_cb
 .bss.scan_response_count
                0x10012148        0x1 src/ASF/thirdparty/wireless/ble_smart_sdk/ble_services/ble_mgr/ble_manager.o
                0x10012148                scan_response_count
 *fill*         0x10012149        0x3 
 .bss.ble_peripheral_dev_address
                0x1001214c        0x7 src/ASF/thirdparty/wireless/ble_smart_sdk/ble_services/ble_mgr/ble_manager.o
 .bss.read_complete_flag
                0x10012153        0x1 src/ASF/thirdparty/wireless/ble_smart_sdk/services/console_serial.o
 .bss.tick      0x10012154        0x4 src/ASF/thirdparty/wireless/ble_smart_sdk/services/console_serial.o
                0x10012154                tick
 .bss.string_input
                0x10012158        0x1 src/ASF/thirdparty/wireless/ble_smart_sdk/services/console_serial.o
                0x10012158                string_input
 *fill*         0x10012159        0x3 
 .bss.platform_event_pending_list
                0x1001215c        0x4 src/ASF/thirdparty/wireless/ble_smart_sdk/src/event_handler.o
 .bss.platform_event_free_list
                0x10012160        0x4 src/ASF/thirdparty/wireless/ble_smart_sdk/src/event_handler.o
 .bss.platform_event_pool
                0x10012164       0x78 src/ASF/thirdparty/wireless/ble_smart_sdk/src/event_handler.o
 .bss.ke_free   0x100121dc        0x4 src/ASF/thirdparty/wireless/ble_smart_sdk/src/platform_drv.o
 .bss.gapm_get_id_from_task
                0x100121e0        0x4 src/ASF/thirdparty/wireless/ble_smart_sdk/src/platform_drv.o
 .bss.gapm_get_task_from_id
                0x100121e4        0x4 src/ASF/thirdparty/wireless/ble_smart_sdk/src/platform_drv.o
 .bss.os_sem_up
                0x100121e8        0x4 src/ASF/thirdparty/wireless/ble_smart_sdk/src/platform_drv.o
 .bss.ke_msg_hdr.12813
                0x100121ec        0x4 src/ASF/thirdparty/wireless/ble_smart_sdk/src/platform_drv.o
 .bss.pwr_wait_BLE_out_of_reset
                0x100121f0        0x4 src/ASF/thirdparty/wireless/ble_smart_sdk/src/platform_drv.o
 .bss.platform_initialized
                0x100121f4        0x1 src/ASF/thirdparty/wireless/ble_smart_sdk/src/platform_drv.o
                0x100121f4                platform_initialized
 *fill*         0x100121f5        0x3 
 .bss.pwr_disable_arm_wakeup
                0x100121f8        0x4 src/ASF/thirdparty/wireless/ble_smart_sdk/src/platform_drv.o
 .bss.gstrFwSem
                0x100121fc        0x4 src/ASF/thirdparty/wireless/ble_smart_sdk/src/platform_drv.o
 .bss.os_sem_down
                0x10012200        0x4 src/ASF/thirdparty/wireless/ble_smart_sdk/src/platform_drv.o
 .bss.rcv_msg.12812
                0x10012204        0x4 src/ASF/thirdparty/wireless/ble_smart_sdk/src/platform_drv.o
 .bss.pwr_enable_arm_wakeup
                0x10012208        0x4 src/ASF/thirdparty/wireless/ble_smart_sdk/src/platform_drv.o
 .bss.NMI_MsgQueueRecv
                0x1001220c        0x4 src/ASF/thirdparty/wireless/ble_smart_sdk/src/platform_drv.o
 .bss.ke_msg_send
                0x10012210        0x4 src/ASF/thirdparty/wireless/ble_smart_sdk/src/platform_drv.o
 .bss.ble_stack_message_handler
                0x10012214        0x4 src/ASF/thirdparty/wireless/ble_smart_sdk/src/platform_drv.o
 .bss.pwr_arm_wakeup_req
                0x10012218        0x4 src/ASF/thirdparty/wireless/ble_smart_sdk/src/platform_drv.o
 .bss.ke_msg_alloc
                0x1001221c        0x4 src/ASF/thirdparty/wireless/ble_smart_sdk/src/platform_drv.o
 .bss.InternalAppMsgQHandle
                0x10012220        0x4 src/ASF/thirdparty/wireless/ble_smart_sdk/src/platform_drv.o
 .bss.timer_cb_done
                0x10012224        0x1 src/multirole_multiconnect.o
                0x10012224                timer_cb_done
 .bss.app_timer_done
                0x10012225        0x1 src/multirole_multiconnect.o
                0x10012225                app_timer_done
 *fill*         0x10012226        0x2 
 .bss.event_pool
                0x10012228       0xa0 ../src/ASF/thirdparty/wireless/ble_smart_sdk/lib/cm0/gcc\libblusdk.a(event.o)
 .bss.event_pending_list
                0x100122c8        0x4 ../src/ASF/thirdparty/wireless/ble_smart_sdk/lib/cm0/gcc\libblusdk.a(event.o)
 .bss.event_free_list
                0x100122cc        0x4 ../src/ASF/thirdparty/wireless/ble_smart_sdk/lib/cm0/gcc\libblusdk.a(event.o)
 .bss.u16GattcSeqNo
                0x100122d0        0x2 ../src/ASF/thirdparty/wireless/ble_smart_sdk/lib/cm0/gcc\libblusdk.a(gatt_client.o)
 *fill*         0x100122d2        0x2 
 .bss.pu8valuesBuffer
                0x100122d4        0x4 ../src/ASF/thirdparty/wireless/ble_smart_sdk/lib/cm0/gcc\libblusdk.a(gatt_server.o)
                0x100122d4                pu8valuesBuffer
 .bss.unNull    0x100122d8        0x1 ../src/ASF/thirdparty/wireless/ble_smart_sdk/lib/cm0/gcc\libblusdk.a(gatt_server.o)
                0x100122d8                unNull
 *fill*         0x100122d9        0x3 
 .bss.ptstrattDb
                0x100122dc        0x4 ../src/ASF/thirdparty/wireless/ble_smart_sdk/lib/cm0/gcc\libblusdk.a(gatt_server.o)
                0x100122dc                ptstrattDb
 .bss.pu8valuesBufferEnd
                0x100122e0        0x4 ../src/ASF/thirdparty/wireless/ble_smart_sdk/lib/cm0/gcc\libblusdk.a(gatt_server.o)
                0x100122e0                pu8valuesBufferEnd
 .bss.u32numberOfValues
                0x100122e4        0x4 ../src/ASF/thirdparty/wireless/ble_smart_sdk/lib/cm0/gcc\libblusdk.a(gatt_server.o)
                0x100122e4                u32numberOfValues
 .bss.u32dbMemorySize
                0x100122e8        0x4 ../src/ASF/thirdparty/wireless/ble_smart_sdk/lib/cm0/gcc\libblusdk.a(gatt_server.o)
                0x100122e8                u32dbMemorySize
 .bss.service_setup_buffer
                0x100122ec        0x4 ../src/ASF/thirdparty/wireless/ble_smart_sdk/lib/cm0/gcc\libblusdk.a(gatt_server.o)
                0x100122ec                service_setup_buffer
 .bss.cmd_cmpl_flag
                0x100122f0        0x4 ../src/ASF/thirdparty/wireless/ble_smart_sdk/lib/cm0/gcc\libblusdk.a(interface.o)
 .bss.dummy_key.7389
                0x100122f4       0x10 ../src/ASF/thirdparty/wireless/ble_smart_sdk/lib/cm0/gcc\libblusdk.a(gapc_task.o)
 .bss.dummy_key.7407
                0x10012304       0x10 ../src/ASF/thirdparty/wireless/ble_smart_sdk/lib/cm0/gcc\libblusdk.a(gapc_task.o)
 .bss.peer_key_info
                0x10012314       0x46 ../src/ASF/thirdparty/wireless/ble_smart_sdk/lib/cm0/gcc\libblusdk.a(gapc_task.o)
 .bss.dummy_key.7271
                0x1001235a       0x10 ../src/ASF/thirdparty/wireless/ble_smart_sdk/lib/cm0/gcc\libblusdk.a(gapc_task.o)
 .bss.g_seq_num_tx
                0x1001236a        0x2 ../src/ASF/thirdparty/wireless/ble_smart_sdk/lib/cm0/gcc\libblusdk.a(gattc_task.o)
 .bss.Seq_NUM   0x1001236c        0x2 ../src/ASF/thirdparty/wireless/ble_smart_sdk/lib/cm0/gcc\libblusdk.a(gattc_task.o)
                0x1001236c                Seq_NUM
 *fill*         0x1001236e        0x2 
 .bss.u32usedBuffers
                0x10012370        0x4 ../src/ASF/thirdparty/wireless/ble_smart_sdk/lib/cm0/gcc\libblusdk.a(gattm_task.o)
                0x10012370                u32usedBuffers
 .bss.__malloc_sbrk_start
                0x10012374        0x4 c:/program files (x86)/atmel/studio/7.0/toolchain/arm/arm-gnu-toolchain/bin/../lib/gcc/arm-none-eabi/4.9.3/../../../../arm-none-eabi/lib/armv6-m\libc_nano.a(lib_a-nano-mallocr.o)
                0x10012374                __malloc_sbrk_start
 .bss.__malloc_free_list
                0x10012378        0x4 c:/program files (x86)/atmel/studio/7.0/toolchain/arm/arm-gnu-toolchain/bin/../lib/gcc/arm-none-eabi/4.9.3/../../../../arm-none-eabi/lib/armv6-m\libc_nano.a(lib_a-nano-mallocr.o)
                0x10012378                __malloc_free_list
 *(COMMON)
 COMMON         0x1001237c        0x4 src/ASF/sam0/drivers/system/system_sam_b.o
                0x1001237c                system_clock_value
 COMMON         0x10012380        0x8 src/ASF/sam0/drivers/uart/uart.o
                0x10012380                _uart_instances
 COMMON         0x10012388        0x4 src/ASF/sam0/utils/stdio/read.o
                0x10012388                ptr_get
 COMMON         0x1001238c        0x8 src/ASF/sam0/utils/stdio/write.o
                0x1001238c                ptr_put
                0x10012390                stdio_base
 COMMON         0x10012394       0x3a src/ASF/thirdparty/wireless/ble_smart_sdk/ble_profiles/pxp_monitor/pxp_monitor.o
                0x10012394                perception_char_data3
                0x1001239c                perception_char_data2
                0x100123a4                perception_char_data4
                0x100123ac                pxp_supp_scan_index
                0x100123c0                pxp_reporter_address
                0x100123c8                perception_char_data1
 *fill*         0x100123ce        0x2 
 COMMON         0x100123d0      0x830 src/ASF/thirdparty/wireless/ble_smart_sdk/ble_services/ble_mgr/ble_manager.o
                0x100123d0                ble_mgr_htpt_event_cb
                0x100123d4                ble_mgr_gatt_server_event_cb
                0x100123e8                ble_dev_info
                0x10012654                ble_device_count
                0x10012658                ble_mgr_dtm_event_cb
                0x1001266c                ble_mgr_gap_event_cb
                0x10012680                ble_mgr_gatt_client_event_cb
                0x10012694                connected_state_info
                0x100126a8                pf_cfg
                0x100126b4                event
                0x100126b8                ble_mgr_l2cap_event_cb
                0x100126bc                scan_info
                0x100129f0                ble_event_params
                0x10012bfc                ble_mgr_custom_event_cb
 COMMON         0x10012c00       0x4c src/ASF/thirdparty/wireless/ble_smart_sdk/services/console_serial.o
                0x10012c00                uart_instance
                0x10012c24                config_uart
 COMMON         0x10012c4c      0x2e2 src/ASF/thirdparty/wireless/ble_smart_sdk/src/platform_drv.o
                0x10012c4c                default_samb11_clock_init
                0x10012c54                rwip_prevent_sleep_set
                0x10012c58                platform_unregister_isr
                0x10012c5c                rwip_prevent_sleep_clear
                0x10012c60                actualfreq
                0x10012c64                port_list
                0x10012c98                rx_buffer
                0x10012f18                platform_register_isr
                0x10012f1c                handle_ext_wakeup_isr
                0x10012f20                samb11_app_resume_cb
                0x10012f24                updateuartbr_fp
                0x10012f28                apps_resume_cb
                0x10012f2c                plf_event_buff_index
 *fill*         0x10012f2e        0x2 
 COMMON         0x10012f30        0xc ../src/ASF/thirdparty/wireless/ble_smart_sdk/lib/cm0/gcc\libblusdk.a(event.o)
                0x10012f30                watched_event
 COMMON         0x10012f3c      0x16a ../src/ASF/thirdparty/wireless/ble_smart_sdk/lib/cm0/gcc\libblusdk.a(gap.o)
                0x10012f3c                app_task_type
                0x10012f3e                gstrConnData
                0x10012fce                device
 *fill*         0x100130a6        0x2 
 COMMON         0x100130a8      0x65c ../src/ASF/thirdparty/wireless/ble_smart_sdk/lib/cm0/gcc\libblusdk.a(interface.o)
                0x100130a8                event_param_buff_index
                0x100130ac                dummy_buffer_buff
                0x100132ac                interface_send_msg
                0x100134ac                event_param_buff
 COMMON         0x10013704        0x4 c:/program files (x86)/atmel/studio/7.0/toolchain/arm/arm-gnu-toolchain/bin/../lib/gcc/arm-none-eabi/4.9.3/../../../../arm-none-eabi/lib/armv6-m\libc_nano.a(lib_a-reent.o)
                0x10013704                errno
                0x10013708                . = ALIGN (0x4)
                0x10013708                _ebss = .
                0x10013708                _ezero = .

.stack          0x10013708      0x800
                0x10013708                . = ALIGN (0x8)
                0x10013708                _sstack = .
                0x10013f08                . = (. + STACK_SIZE)
 *fill*         0x10013708      0x800 
                0x10013f08                . = ALIGN (0x8)
                0x10013f08                _estack = .
                0x10013f08                PROVIDE (__exidx_start, .)

.ARM.exidx
 *(.ARM.exidx* .gnu.linkonce.armexidx.*)
                0x10013f08                PROVIDE (__exidx_end, .)
                0x10013f08                . = ALIGN (0x4)
                0x10013f08                _end = .
OUTPUT(MULTIROLE_MULTICONNECT_SAMB11_XPLAINED_PRO1.elf elf32-littlearm)

.ARM.attributes
                0x00000000       0x28
 .ARM.attributes
                0x00000000       0x1e c:/program files (x86)/atmel/studio/7.0/toolchain/arm/arm-gnu-toolchain/bin/../lib/gcc/arm-none-eabi/4.9.3/armv6-m/crti.o
 .ARM.attributes
                0x0000001e       0x2c c:/program files (x86)/atmel/studio/7.0/toolchain/arm/arm-gnu-toolchain/bin/../lib/gcc/arm-none-eabi/4.9.3/armv6-m/crtbegin.o
 .ARM.attributes
                0x0000004a       0x31 src/ASF/sam0/drivers/dualtimer/dualtimer.o
 .ARM.attributes
                0x0000007b       0x31 src/ASF/sam0/drivers/gpio/gpio.o
 .ARM.attributes
                0x000000ac       0x31 src/ASF/sam0/drivers/system/system_sam_b.o
 .ARM.attributes
                0x000000dd       0x31 src/ASF/sam0/drivers/uart/uart.o
 .ARM.attributes
                0x0000010e       0x31 src/ASF/sam0/utils/cmsis/samb11/source/gcc/startup_samb11.o
 .ARM.attributes
                0x0000013f       0x31 src/ASF/sam0/utils/stdio/read.o
 .ARM.attributes
                0x00000170       0x31 src/ASF/sam0/utils/stdio/write.o
 .ARM.attributes
                0x000001a1       0x31 src/ASF/sam0/utils/syscalls/gcc/syscalls.o
 .ARM.attributes
                0x000001d2       0x31 src/ASF/thirdparty/wireless/ble_smart_sdk/ble_profiles/pxp_monitor/pxp_monitor.o
 .ARM.attributes
                0x00000203       0x31 src/ASF/thirdparty/wireless/ble_smart_sdk/ble_services/ble_mgr/ble_manager.o
 .ARM.attributes
                0x00000234       0x31 src/ASF/thirdparty/wireless/ble_smart_sdk/services/console_serial.o
 .ARM.attributes
                0x00000265       0x31 src/ASF/thirdparty/wireless/ble_smart_sdk/services/timer_hw.o
 .ARM.attributes
                0x00000296       0x31 src/ASF/thirdparty/wireless/ble_smart_sdk/src/event_handler.o
 .ARM.attributes
                0x000002c7       0x31 src/ASF/thirdparty/wireless/ble_smart_sdk/src/platform_drv.o
 .ARM.attributes
                0x000002f8       0x31 src/ASF/thirdparty/wireless/ble_smart_sdk/src/port_from_sdk.o
 .ARM.attributes
                0x00000329       0x31 src/multirole_multiconnect.o
 .ARM.attributes
                0x0000035a       0x31 ../src/ASF/thirdparty/wireless/ble_smart_sdk/lib/cm0/gcc\libblusdk.a(event.o)
 .ARM.attributes
                0x0000038b       0x31 ../src/ASF/thirdparty/wireless/ble_smart_sdk/lib/cm0/gcc\libblusdk.a(gap.o)
 .ARM.attributes
                0x000003bc       0x31 ../src/ASF/thirdparty/wireless/ble_smart_sdk/lib/cm0/gcc\libblusdk.a(gatt_client.o)
 .ARM.attributes
                0x000003ed       0x31 ../src/ASF/thirdparty/wireless/ble_smart_sdk/lib/cm0/gcc\libblusdk.a(gatt_server.o)
 .ARM.attributes
                0x0000041e       0x31 ../src/ASF/thirdparty/wireless/ble_smart_sdk/lib/cm0/gcc\libblusdk.a(l2cc_task.o)
 .ARM.attributes
                0x0000044f       0x31 ../src/ASF/thirdparty/wireless/ble_smart_sdk/lib/cm0/gcc\libblusdk.a(security.o)
 .ARM.attributes
                0x00000480       0x31 ../src/ASF/thirdparty/wireless/ble_smart_sdk/lib/cm0/gcc\libblusdk.a(interface.o)
 .ARM.attributes
                0x000004b1       0x31 ../src/ASF/thirdparty/wireless/ble_smart_sdk/lib/cm0/gcc\libblusdk.a(dbg_task.o)
 .ARM.attributes
                0x000004e2       0x31 ../src/ASF/thirdparty/wireless/ble_smart_sdk/lib/cm0/gcc\libblusdk.a(gapc_task.o)
 .ARM.attributes
                0x00000513       0x31 ../src/ASF/thirdparty/wireless/ble_smart_sdk/lib/cm0/gcc\libblusdk.a(gapm_task.o)
 .ARM.attributes